Apr 20 15:00:53 mx01 rsyslogd:  [origin software="rsyslogd" swVersion="8.32.0" x-pid="1004" x-info="http://www.rsyslog.com"] exiting on signal 15.
Apr 20 15:00:53 mx01 systemd[1]: Stopping System Logging Service...
Apr 20 15:00:53 mx01 systemd[1]: Stopped System Logging Service.
Apr 20 15:00:53 mx01 systemd[1]: Starting System Logging Service...
Apr 20 15:00:53 mx01 systemd[1]: Started System Logging Service.
Apr 20 15:00:53 mx01 rsyslogd: imuxsock: Acquired UNIX socket '/run/systemd/journal/syslog' (fd 3) from systemd.  [v8.32.0]
Apr 20 15:00:53 mx01 rsyslogd: rsyslogd's groupid changed to 106
Apr 20 15:00:53 mx01 rsyslogd: rsyslogd's userid changed to 102
Apr 20 15:00:53 mx01 rsyslogd:  [origin software="rsyslogd" swVersion="8.32.0" x-pid="1701" x-info="http://www.rsyslog.com"] start
Apr 20 15:04:36 mx01 systemd-timesyncd[735]: Network configuration changed, trying to establish connection.
Apr 20 15:04:36 mx01 systemd-networkd[830]: enp0s3: Configured
Apr 20 15:04:36 mx01 systemd-timesyncd[735]: Synchronized to time server 91.189.91.157:123 (ntp.ubuntu.com).
Apr 20 15:09:34 mx01 systemd-timesyncd[735]: Network configuration changed, trying to establish connection.
Apr 20 15:09:34 mx01 systemd-networkd[830]: enp0s3: Configured
Apr 20 15:09:35 mx01 systemd-timesyncd[735]: Synchronized to time server 91.189.91.157:123 (ntp.ubuntu.com).
Apr 20 15:14:30 mx01 systemd[1]: Starting Cleanup of Temporary Directories...
Apr 20 15:14:31 mx01 systemd[1]: Started Cleanup of Temporary Directories.
Apr 20 15:14:34 mx01 systemd-networkd[830]: enp0s3: Configured
Apr 20 15:14:34 mx01 systemd-timesyncd[735]: Network configuration changed, trying to establish connection.
Apr 20 15:14:34 mx01 systemd-timesyncd[735]: Synchronized to time server 91.189.91.157:123 (ntp.ubuntu.com).
Apr 20 15:17:01 mx01 CRON[1763]: (root) CMD (   cd / && run-parts --report /etc/cron.hourly)
Apr 20 15:19:33 mx01 systemd-timesyncd[735]: Network configuration changed, trying to establish connection.
Apr 20 15:19:33 mx01 systemd-networkd[830]: enp0s3: Configured
Apr 20 15:19:33 mx01 systemd-timesyncd[735]: Synchronized to time server 91.189.91.157:123 (ntp.ubuntu.com).
Apr 20 15:22:03 mx01 systemd[1]: Closed Load/Save RF Kill Switch Status /dev/rfkill Watch.
Apr 20 15:22:03 mx01 systemd[1]: Stopping Session 1 of user ubuntu.
Apr 20 15:22:03 mx01 systemd[1]: Stopping User Manager for UID 1000...
Apr 20 15:22:03 mx01 systemd[1]: Stopped target Graphical Interface.
Apr 20 15:22:03 mx01 systemd[1]: Stopping Authorization Manager...
Apr 20 15:22:03 mx01 systemd[1]: Stopped target Cloud-init target.
Apr 20 15:22:03 mx01 systemd[1]: Stopped Execute cloud user/final scripts.
Apr 20 15:22:03 mx01 systemd[1]: Stopped Apply the settings specified in cloud-config.
Apr 20 15:22:03 mx01 systemd[1]: Stopped target Cloud-config availability.
Apr 20 15:22:03 mx01 systemd[1]: Stopped target Sound Card.
Apr 20 15:22:03 mx01 systemd[1]: Stopping Accounts Service...
Apr 20 15:22:03 mx01 systemd[1]: Stopping Availability of block devices...
Apr 20 15:22:03 mx01 systemd[1]: Stopped target Host and Network Name Lookups.
Apr 20 15:22:03 mx01 systemd[1]: Stopped target Timers.
Apr 20 15:22:03 mx01 systemd[1]: Stopped Daily apt upgrade and clean activities.
Apr 20 15:22:03 mx01 systemd[1]: Stopped Daily Cleanup of Temporary Directories.
Apr 20 15:22:03 mx01 systemd[1]: Stopped Daily apt download activities.
Apr 20 15:22:03 mx01 systemd[1]: Stopped Discard unused blocks once a week.
Apr 20 15:22:03 mx01 systemd[1]: Stopped target Multi-User System.
May  4 17:03:26 mx01 kernel: [    0.000000] Linux version 4.15.0-96-generic (buildd@lgw01-amd64-004) (gcc version 7.5.0 (Ubuntu 7.5.0-3ubuntu1~18.04)) #97-Ubuntu SMP Wed Apr 1 03:25:46 UTC 2020 (Ubuntu 4.15.0-96.97-generic 4.15.18)
May  4 17:03:26 mx01 kernel: [    0.000000] Command line: BOOT_IMAGE=/boot/vmlinuz-4.15.0-96-generic root=UUID=ca9c0ed1-f686-49f0-94d9-07c8dd882643 ro maybe-ubiquity
May  4 17:03:26 mx01 kernel: [    0.000000] KERNEL supported cpus:
May  4 17:03:26 mx01 kernel: [    0.000000]   Intel GenuineIntel
May  4 17:03:26 mx01 kernel: [    0.000000]   AMD AuthenticAMD
May  4 17:03:26 mx01 kernel: [    0.000000]   Centaur CentaurHauls
May  4 17:03:26 mx01 kernel: [    0.000000] x86/fpu: Supporting XSAVE feature 0x001: 'x87 floating point registers'
May  4 17:03:26 mx01 kernel: [    0.000000] x86/fpu: Supporting XSAVE feature 0x002: 'SSE registers'
May  4 17:03:26 mx01 kernel: [    0.000000] x86/fpu: Supporting XSAVE feature 0x004: 'AVX registers'
May  4 17:03:26 mx01 kernel: [    0.000000] x86/fpu: xstate_offset[2]:  576, xstate_sizes[2]:  256
May  4 17:03:26 mx01 kernel: [    0.000000] x86/fpu: Enabled xstate features 0x7, context size is 832 bytes, using 'standard' format.
May  4 17:03:26 mx01 kernel: [    0.000000] e820: BIOS-provided physical RAM map:
May  4 17:03:26 mx01 kernel: [    0.000000] BIOS-e820: [mem 0x0000000000000000-0x000000000009fbff] usable
May  4 17:03:26 mx01 kernel: [    0.000000] BIOS-e820: [mem 0x000000000009fc00-0x000000000009ffff] reserved
May  4 17:03:26 mx01 kernel: [    0.000000] BIOS-e820: [mem 0x00000000000f0000-0x00000000000fffff] reserved
May  4 17:03:26 mx01 kernel: [    0.000000] BIOS-e820: [mem 0x0000000000100000-0x000000003ffeffff] usable
May  4 17:03:26 mx01 kernel: [    0.000000] BIOS-e820: [mem 0x000000003fff0000-0x000000003fffffff] ACPI data
May  4 17:03:26 mx01 kernel: [    0.000000] BIOS-e820: [mem 0x00000000fec00000-0x00000000fec00fff] reserved
May  4 17:03:26 mx01 kernel: [    0.000000] BIOS-e820: [mem 0x00000000fee00000-0x00000000fee00fff] reserved
May  4 17:03:26 mx01 kernel: [    0.000000] BIOS-e820: [mem 0x00000000fffc0000-0x00000000ffffffff] reserved
May  4 17:03:26 mx01 kernel: [    0.000000] NX (Execute Disable) protection: active
May  4 17:03:26 mx01 kernel: [    0.000000] SMBIOS 2.5 present.
May  4 17:03:26 mx01 kernel: [    0.000000] DMI: innotek GmbH VirtualBox/VirtualBox, BIOS VirtualBox 12/01/2006
May  4 17:03:26 mx01 kernel: [    0.000000] Hypervisor detected: KVM
May  4 17:03:26 mx01 kernel: [    0.000000] e820: update [mem 0x00000000-0x00000fff] usable ==> reserved
May  4 17:03:26 mx01 kernel: [    0.000000] e820: remove [mem 0x000a0000-0x000fffff] usable
May  4 17:03:26 mx01 kernel: [    0.000000] e820: last_pfn = 0x3fff0 max_arch_pfn = 0x400000000
May  4 17:03:26 mx01 kernel: [    0.000000] MTRR default type: uncachable
May  4 17:03:26 mx01 kernel: [    0.000000] MTRR variable ranges disabled:
May  4 17:03:26 mx01 kernel: [    0.000000] MTRR: Disabled
May  4 17:03:26 mx01 kernel: [    0.000000] x86/PAT: MTRRs disabled, skipping PAT initialization too.
May  4 17:03:26 mx01 kernel: [    0.000000] CPU MTRRs all blank - virtualized system.
May  4 17:03:26 mx01 kernel: [    0.000000] x86/PAT: Configuration [0-7]: WB  WT  UC- UC  WB  WT  UC- UC  
May  4 17:03:26 mx01 kernel: [    0.000000] found SMP MP-table at [mem 0x0009fff0-0x0009ffff]
May  4 17:03:26 mx01 kernel: [    0.000000] Scanning 1 areas for low memory corruption
May  4 17:03:26 mx01 kernel: [    0.000000] BRK [0x0e591000, 0x0e591fff] PGTABLE
May  4 17:03:26 mx01 kernel: [    0.000000] BRK [0x0e592000, 0x0e592fff] PGTABLE
May  4 17:03:26 mx01 kernel: [    0.000000] BRK [0x0e593000, 0x0e593fff] PGTABLE
May  4 17:03:26 mx01 kernel: [    0.000000] BRK [0x0e594000, 0x0e594fff] PGTABLE
May  4 17:03:26 mx01 kernel: [    0.000000] BRK [0x0e595000, 0x0e595fff] PGTABLE
May  4 17:03:26 mx01 kernel: [    0.000000] RAMDISK: [mem 0x3117b000-0x348b4fff]
May  4 17:03:26 mx01 kernel: [    0.000000] ACPI: Early table checksum verification disabled
May  4 17:03:26 mx01 kernel: [    0.000000] ACPI: RSDP 0x00000000000E0000 000024 (v02 VBOX  )
May  4 17:03:26 mx01 kernel: [    0.000000] ACPI: XSDT 0x000000003FFF0030 00003C (v01 VBOX   VBOXXSDT 00000001 ASL  00000061)
May  4 17:03:26 mx01 kernel: [    0.000000] ACPI: FACP 0x000000003FFF00F0 0000F4 (v04 VBOX   VBOXFACP 00000001 ASL  00000061)
May  4 17:03:26 mx01 kernel: [    0.000000] ACPI: DSDT 0x000000003FFF0470 0022EA (v02 VBOX   VBOXBIOS 00000002 INTL 20100528)
May  4 17:03:26 mx01 kernel: [    0.000000] ACPI: FACS 0x000000003FFF0200 000040
May  4 17:03:26 mx01 kernel: [    0.000000] ACPI: FACS 0x000000003FFF0200 000040
May  4 17:03:26 mx01 kernel: [    0.000000] ACPI: APIC 0x000000003FFF0240 000054 (v02 VBOX   VBOXAPIC 00000001 ASL  00000061)
May  4 17:03:26 mx01 kernel: [    0.000000] ACPI: SSDT 0x000000003FFF02A0 0001CC (v01 VBOX   VBOXCPUT 00000002 INTL 20100528)
May  4 17:03:26 mx01 kernel: [    0.000000] ACPI: Local APIC address 0xfee00000
May  4 17:03:26 mx01 kernel: [    0.000000] No NUMA configuration found
May  4 17:03:26 mx01 kernel: [    0.000000] Faking a node at [mem 0x0000000000000000-0x000000003ffeffff]
May  4 17:03:26 mx01 kernel: [    0.000000] NODE_DATA(0) allocated [mem 0x3ffc5000-0x3ffeffff]
May  4 17:03:26 mx01 kernel: [    0.000000] kvm-clock: cpu 0, msr 0:3ff44001, primary cpu clock
May  4 17:03:26 mx01 kernel: [    0.000000] kvm-clock: Using msrs 4b564d01 and 4b564d00
May  4 17:03:26 mx01 kernel: [    0.000000] kvm-clock: using sched offset of 5993952440 cycles
May  4 17:03:26 mx01 kernel: [    0.000000] clocksource: kvm-clock: mask: 0xffffffffffffffff max_cycles: 0x1cd42e4dffb, max_idle_ns: 881590591483 ns
May  4 17:03:26 mx01 kernel: [    0.000000] Zone ranges:
May  4 17:03:26 mx01 kernel: [    0.000000]   DMA      [mem 0x0000000000001000-0x0000000000ffffff]
May  4 17:03:26 mx01 kernel: [    0.000000]   DMA32    [mem 0x0000000001000000-0x000000003ffeffff]
May  4 17:03:26 mx01 kernel: [    0.000000]   Normal   empty
May  4 17:03:26 mx01 kernel: [    0.000000]   Device   empty
May  4 17:03:26 mx01 kernel: [    0.000000] Movable zone start for each node
May  4 17:03:26 mx01 kernel: [    0.000000] Early memory node ranges
May  4 17:03:26 mx01 kernel: [    0.000000]   node   0: [mem 0x0000000000001000-0x000000000009efff]
May  4 17:03:26 mx01 kernel: [    0.000000]   node   0: [mem 0x0000000000100000-0x000000003ffeffff]
May  4 17:03:26 mx01 kernel: [    0.000000] Reserved but unavailable: 98 pages
May  4 17:03:26 mx01 kernel: [    0.000000] Initmem setup node 0 [mem 0x0000000000001000-0x000000003ffeffff]
May  4 17:03:26 mx01 kernel: [    0.000000] On node 0 totalpages: 262030
May  4 17:03:26 mx01 kernel: [    0.000000]   DMA zone: 64 pages used for memmap
May  4 17:03:26 mx01 kernel: [    0.000000]   DMA zone: 21 pages reserved
May  4 17:03:26 mx01 kernel: [    0.000000]   DMA zone: 3998 pages, LIFO batch:0
May  4 17:03:26 mx01 kernel: [    0.000000]   DMA32 zone: 4032 pages used for memmap
May  4 17:03:26 mx01 kernel: [    0.000000]   DMA32 zone: 258032 pages, LIFO batch:31
May  4 17:03:26 mx01 kernel: [    0.000000] ACPI: PM-Timer IO Port: 0x4008
May  4 17:03:26 mx01 kernel: [    0.000000] ACPI: Local APIC address 0xfee00000
May  4 17:03:26 mx01 kernel: [    0.000000] IOAPIC[0]: apic_id 1, version 32, address 0xfec00000, GSI 0-23
May  4 17:03:26 mx01 kernel: [    0.000000] ACPI: INT_SRC_OVR (bus 0 bus_irq 0 global_irq 2 dfl dfl)
May  4 17:03:26 mx01 kernel: [    0.000000] ACPI: INT_SRC_OVR (bus 0 bus_irq 9 global_irq 9 low level)
May  4 17:03:26 mx01 kernel: [    0.000000] ACPI: IRQ0 used by override.
May  4 17:03:26 mx01 kernel: [    0.000000] ACPI: IRQ9 used by override.
May  4 17:03:26 mx01 kernel: [    0.000000] Using ACPI (MADT) for SMP configuration information
May  4 17:03:26 mx01 kernel: [    0.000000] smpboot: Allowing 1 CPUs, 0 hotplug CPUs
May  4 17:03:26 mx01 kernel: [    0.000000] PM: Registered nosave memory: [mem 0x00000000-0x00000fff]
May  4 17:03:26 mx01 kernel: [    0.000000] PM: Registered nosave memory: [mem 0x0009f000-0x0009ffff]
May  4 17:03:26 mx01 kernel: [    0.000000] PM: Registered nosave memory: [mem 0x000a0000-0x000effff]
May  4 17:03:26 mx01 kernel: [    0.000000] PM: Registered nosave memory: [mem 0x000f0000-0x000fffff]
May  4 17:03:26 mx01 kernel: [    0.000000] e820: [mem 0x40000000-0xfebfffff] available for PCI devices
May  4 17:03:26 mx01 kernel: [    0.000000] Booting paravirtualized kernel on KVM
May  4 17:03:26 mx01 kernel: [    0.000000] clocksource: refined-jiffies: mask: 0xffffffff max_cycles: 0xffffffff, max_idle_ns: 7645519600211568 ns
May  4 17:03:26 mx01 kernel: [    0.000000] random: get_random_bytes called from start_kernel+0x99/0x4fd with crng_init=0
May  4 17:03:26 mx01 kernel: [    0.000000] setup_percpu: NR_CPUS:8192 nr_cpumask_bits:1 nr_cpu_ids:1 nr_node_ids:1
May  4 17:03:26 mx01 kernel: [    0.000000] percpu: Embedded 45 pages/cpu s147456 r8192 d28672 u2097152
May  4 17:03:26 mx01 kernel: [    0.000000] pcpu-alloc: s147456 r8192 d28672 u2097152 alloc=1*2097152
May  4 17:03:26 mx01 kernel: [    0.000000] pcpu-alloc: [0] 0 
May  4 17:03:26 mx01 kernel: [    0.000000] PV qspinlock hash table entries: 256 (order: 0, 4096 bytes)
May  4 17:03:26 mx01 kernel: [    0.000000] Built 1 zonelists, mobility grouping on.  Total pages: 257913
May  4 17:03:26 mx01 kernel: [    0.000000] Policy zone: DMA32
May  4 17:03:26 mx01 kernel: [    0.000000] Kernel command line: BOOT_IMAGE=/boot/vmlinuz-4.15.0-96-generic root=UUID=ca9c0ed1-f686-49f0-94d9-07c8dd882643 ro maybe-ubiquity
May  4 17:03:26 mx01 kernel: [    0.000000] Calgary: detecting Calgary via BIOS EBDA area
May  4 17:03:26 mx01 kernel: [    0.000000] Calgary: Unable to locate Rio Grande table in EBDA - bailing!
May  4 17:03:26 mx01 kernel: [    0.000000] Memory: 945896K/1048120K available (12300K kernel code, 2481K rwdata, 4264K rodata, 2432K init, 2712K bss, 102224K reserved, 0K cma-reserved)
May  4 17:03:26 mx01 kernel: [    0.000000] SLUB: HWalign=64, Order=0-3, MinObjects=0, CPUs=1, Nodes=1
May  4 17:03:26 mx01 kernel: [    0.000000] Kernel/User page tables isolation: enabled
May  4 17:03:26 mx01 kernel: [    0.000000] ftrace: allocating 39351 entries in 154 pages
May  4 17:03:26 mx01 kernel: [    0.004000] Hierarchical RCU implementation.
May  4 17:03:26 mx01 kernel: [    0.004000] #011RCU restricting CPUs from NR_CPUS=8192 to nr_cpu_ids=1.
May  4 17:03:26 mx01 kernel: [    0.004000] #011Tasks RCU enabled.
May  4 17:03:26 mx01 kernel: [    0.004000] RCU: Adjusting geometry for rcu_fanout_leaf=16, nr_cpu_ids=1
May  4 17:03:26 mx01 kernel: [    0.004000] NR_IRQS: 524544, nr_irqs: 256, preallocated irqs: 16
May  4 17:03:26 mx01 kernel: [    0.004000] Console: colour VGA+ 80x25
May  4 17:03:26 mx01 kernel: [    0.004000] console [tty0] enabled
May  4 17:03:26 mx01 kernel: [    0.004000] ACPI: Core revision 20170831
May  4 17:03:26 mx01 kernel: [    0.004000] ACPI: 2 ACPI AML tables successfully acquired and loaded
May  4 17:03:26 mx01 kernel: [    0.004000] APIC: Switch to symmetric I/O mode setup
May  4 17:03:26 mx01 kernel: [    0.004000] x2apic enabled
May  4 17:03:26 mx01 kernel: [    0.004000] Switched APIC routing to physical x2apic.
May  4 17:03:26 mx01 kernel: [    0.004000] ..TIMER: vector=0x30 apic1=0 pin1=2 apic2=-1 pin2=-1
May  4 17:03:26 mx01 kernel: [    0.004004] tsc: Detected 2712.000 MHz processor
May  4 17:03:26 mx01 kernel: [    0.004245] Calibrating delay loop (skipped) preset value.. 5424.00 BogoMIPS (lpj=10848000)
May  4 17:03:26 mx01 kernel: [    0.004457] pid_max: default: 32768 minimum: 301
May  4 17:03:26 mx01 kernel: [    0.004796] Security Framework initialized
May  4 17:03:26 mx01 kernel: [    0.005024] Yama: becoming mindful.
May  4 17:03:26 mx01 kernel: [    0.005482] AppArmor: AppArmor initialized
May  4 17:03:26 mx01 kernel: [    0.005912] Dentry cache hash table entries: 131072 (order: 8, 1048576 bytes)
May  4 17:03:26 mx01 kernel: [    0.008122] Inode-cache hash table entries: 65536 (order: 7, 524288 bytes)
May  4 17:03:26 mx01 kernel: [    0.008891] Mount-cache hash table entries: 2048 (order: 2, 16384 bytes)
May  4 17:03:26 mx01 kernel: [    0.009210] Mountpoint-cache hash table entries: 2048 (order: 2, 16384 bytes)
May  4 17:03:26 mx01 kernel: [    0.010012] process: using mwait in idle threads
May  4 17:03:26 mx01 kernel: [    0.010272] Last level iTLB entries: 4KB 64, 2MB 8, 4MB 8
May  4 17:03:26 mx01 kernel: [    0.010574] Last level dTLB entries: 4KB 64, 2MB 0, 4MB 0, 1GB 4
May  4 17:03:26 mx01 kernel: [    0.010946] Spectre V1 : Mitigation: usercopy/swapgs barriers and __user pointer sanitization
May  4 17:03:26 mx01 kernel: [    0.011351] Spectre V2 : Mitigation: Full generic retpoline
May  4 17:03:26 mx01 kernel: [    0.012004] Spectre V2 : Spectre v2 / SpectreRSB mitigation: Filling RSB on context switch
May  4 17:03:26 mx01 kernel: [    0.012425] Speculative Store Bypass: Vulnerable
May  4 17:03:26 mx01 kernel: [    0.012857] MDS: Vulnerable: Clear CPU buffers attempted, no microcode
May  4 17:03:26 mx01 kernel: [    0.032170] Freeing SMP alternatives memory: 36K
May  4 17:03:26 mx01 kernel: [    0.142819] smpboot: CPU0: Intel(R) Core(TM) i5-7200U CPU @ 2.50GHz (family: 0x6, model: 0x8e, stepping: 0x9)
May  4 17:03:26 mx01 kernel: [    0.143425] Performance Events: unsupported p6 CPU model 142 no PMU driver, software events only.
May  4 17:03:26 mx01 kernel: [    0.143876] Hierarchical SRCU implementation.
May  4 17:03:26 mx01 kernel: [    0.144000] NMI watchdog: Perf event create on CPU 0 failed with -2
May  4 17:03:26 mx01 kernel: [    0.144000] NMI watchdog: Perf NMI watchdog permanently disabled
May  4 17:03:26 mx01 kernel: [    0.144000] smp: Bringing up secondary CPUs ...
May  4 17:03:26 mx01 kernel: [    0.144000] smp: Brought up 1 node, 1 CPU
May  4 17:03:26 mx01 kernel: [    0.144000] smpboot: Max logical packages: 1
May  4 17:03:26 mx01 kernel: [    0.144000] smpboot: Total of 1 processors activated (5424.00 BogoMIPS)
May  4 17:03:26 mx01 kernel: [    0.144000] devtmpfs: initialized
May  4 17:03:26 mx01 kernel: [    0.144000] x86/mm: Memory block size: 128MB
May  4 17:03:26 mx01 kernel: [    0.144186] evm: security.selinux
May  4 17:03:26 mx01 kernel: [    0.144391] evm: security.SMACK64
May  4 17:03:26 mx01 kernel: [    0.144587] evm: security.SMACK64EXEC
May  4 17:03:26 mx01 kernel: [    0.144819] evm: security.SMACK64TRANSMUTE
May  4 17:03:26 mx01 kernel: [    0.145114] evm: security.SMACK64MMAP
May  4 17:03:26 mx01 kernel: [    0.145333] evm: security.apparmor
May  4 17:03:26 mx01 kernel: [    0.145532] evm: security.ima
May  4 17:03:26 mx01 kernel: [    0.145754] evm: security.capability
May  4 17:03:26 mx01 kernel: [    0.146225] clocksource: jiffies: mask: 0xffffffff max_cycles: 0xffffffff, max_idle_ns: 7645041785100000 ns
May  4 17:03:26 mx01 kernel: [    0.148026] futex hash table entries: 256 (order: 2, 16384 bytes)
May  4 17:03:26 mx01 kernel: [    0.148433] pinctrl core: initialized pinctrl subsystem
May  4 17:03:26 mx01 kernel: [    0.148874] RTC time: 17:03:02, date: 05/04/20
May  4 17:03:26 mx01 kernel: [    0.149322] NET: Registered protocol family 16
May  4 17:03:26 mx01 kernel: [    0.149788] audit: initializing netlink subsys (disabled)
May  4 17:03:26 mx01 kernel: [    0.150338] cpuidle: using governor ladder
May  4 17:03:26 mx01 kernel: [    0.150633] cpuidle: using governor menu
May  4 17:03:26 mx01 kernel: [    0.151014] ACPI: bus type PCI registered
May  4 17:03:26 mx01 kernel: [    0.151328] acpiphp: ACPI Hot Plug PCI Controller Driver version: 0.5
May  4 17:03:26 mx01 kernel: [    0.152037] PCI: Using configuration type 1 for base access
May  4 17:03:26 mx01 kernel: [    0.152345] audit: type=2000 audit(1588611790.102:1): state=initialized audit_enabled=0 res=1
May  4 17:03:26 mx01 kernel: [    0.156831] HugeTLB registered 2.00 MiB page size, pre-allocated 0 pages
May  4 17:03:26 mx01 kernel: [    0.160221] ACPI: Added _OSI(Module Device)
May  4 17:03:26 mx01 kernel: [    0.160461] ACPI: Added _OSI(Processor Device)
May  4 17:03:26 mx01 kernel: [    0.160698] ACPI: Added _OSI(3.0 _SCP Extensions)
May  4 17:03:26 mx01 kernel: [    0.160972] ACPI: Added _OSI(Processor Aggregator Device)
May  4 17:03:26 mx01 kernel: [    0.161232] ACPI: Added _OSI(Linux-Dell-Video)
May  4 17:03:26 mx01 kernel: [    0.161463] ACPI: Added _OSI(Linux-Lenovo-NV-HDMI-Audio)
May  4 17:03:26 mx01 kernel: [    0.161719] ACPI: Added _OSI(Linux-HPI-Hybrid-Graphics)
May  4 17:03:26 mx01 kernel: [    0.162375] ACPI: Executed 1 blocks of module-level executable AML code
May  4 17:03:26 mx01 kernel: [    0.169012] ACPI: Interpreter enabled
May  4 17:03:26 mx01 kernel: [    0.169294] ACPI: (supports S0 S5)
May  4 17:03:26 mx01 kernel: [    0.169495] ACPI: Using IOAPIC for interrupt routing
May  4 17:03:26 mx01 kernel: [    0.170085] PCI: Using host bridge windows from ACPI; if necessary, use "pci=nocrs" and report a bug
May  4 17:03:26 mx01 kernel: [    0.170709] ACPI: Enabled 2 GPEs in block 00 to 07
May  4 17:03:26 mx01 kernel: [    0.185170] ACPI: PCI Root Bridge [PCI0] (domain 0000 [bus 00-ff])
May  4 17:03:26 mx01 kernel: [    0.185745] acpi PNP0A03:00: _OSC: OS supports [ASPM ClockPM Segments MSI]
May  4 17:03:26 mx01 kernel: [    0.187095] acpi PNP0A03:00: _OSC: not requesting OS control; OS requires [ExtendedConfig ASPM ClockPM MSI]
May  4 17:03:26 mx01 kernel: [    0.187728] acpi PNP0A03:00: fail to add MMCONFIG information, can't access extended PCI configuration space under this bridge.
May  4 17:03:26 mx01 kernel: [    0.188443] PCI host bridge to bus 0000:00
May  4 17:03:26 mx01 kernel: [    0.188734] pci_bus 0000:00: root bus resource [io  0x0000-0x0cf7 window]
May  4 17:03:26 mx01 kernel: [    0.189085] pci_bus 0000:00: root bus resource [io  0x0d00-0xffff window]
May  4 17:03:26 mx01 kernel: [    0.189454] pci_bus 0000:00: root bus resource [mem 0x000a0000-0x000bffff window]
May  4 17:03:26 mx01 kernel: [    0.189824] pci_bus 0000:00: root bus resource [mem 0x40000000-0xfdffffff window]
May  4 17:03:26 mx01 kernel: [    0.190194] pci_bus 0000:00: root bus resource [bus 00-ff]
May  4 17:03:26 mx01 kernel: [    0.190561] pci 0000:00:00.0: [8086:1237] type 00 class 0x060000
May  4 17:03:26 mx01 kernel: [    0.191284] pci 0000:00:01.0: [8086:7000] type 00 class 0x060100
May  4 17:03:26 mx01 kernel: [    0.192354] pci 0000:00:01.1: [8086:7111] type 00 class 0x01018a
May  4 17:03:26 mx01 kernel: [    0.192868] pci 0000:00:01.1: reg 0x20: [io  0xd000-0xd00f]
May  4 17:03:26 mx01 kernel: [    0.193060] pci 0000:00:01.1: legacy IDE quirk: reg 0x10: [io  0x01f0-0x01f7]
May  4 17:03:26 mx01 kernel: [    0.193377] pci 0000:00:01.1: legacy IDE quirk: reg 0x14: [io  0x03f6]
May  4 17:03:26 mx01 kernel: [    0.193715] pci 0000:00:01.1: legacy IDE quirk: reg 0x18: [io  0x0170-0x0177]
May  4 17:03:26 mx01 kernel: [    0.194026] pci 0000:00:01.1: legacy IDE quirk: reg 0x1c: [io  0x0376]
May  4 17:03:26 mx01 kernel: [    0.194873] pci 0000:00:02.0: [15ad:0405] type 00 class 0x030000
May  4 17:03:26 mx01 kernel: [    0.195936] pci 0000:00:02.0: reg 0x10: [io  0xd010-0xd01f]
May  4 17:03:26 mx01 kernel: [    0.196423] pci 0000:00:02.0: reg 0x14: [mem 0xf0000000-0xf0ffffff]
May  4 17:03:26 mx01 kernel: [    0.197345] pci 0000:00:02.0: reg 0x18: [mem 0xf1000000-0xf11fffff]
May  4 17:03:26 mx01 kernel: [    0.202116] pci 0000:00:03.0: [8086:100e] type 00 class 0x020000
May  4 17:03:26 mx01 kernel: [    0.202740] pci 0000:00:03.0: reg 0x10: [mem 0xf1200000-0xf121ffff]
May  4 17:03:26 mx01 kernel: [    0.203872] pci 0000:00:03.0: reg 0x18: [io  0xd020-0xd027]
May  4 17:03:26 mx01 kernel: [    0.207292] pci 0000:00:04.0: [80ee:cafe] type 00 class 0x088000
May  4 17:03:26 mx01 kernel: [    0.208043] pci 0000:00:04.0: reg 0x10: [io  0xd040-0xd05f]
May  4 17:03:26 mx01 kernel: [    0.209226] pci 0000:00:04.0: reg 0x14: [mem 0xf1400000-0xf17fffff]
May  4 17:03:26 mx01 kernel: [    0.210144] pci 0000:00:04.0: reg 0x18: [mem 0xf1800000-0xf1803fff pref]
May  4 17:03:26 mx01 kernel: [    0.214972] pci 0000:00:05.0: [8086:2415] type 00 class 0x040100
May  4 17:03:26 mx01 kernel: [    0.216173] pci 0000:00:05.0: reg 0x10: [io  0xd100-0xd1ff]
May  4 17:03:26 mx01 kernel: [    0.216415] pci 0000:00:05.0: reg 0x14: [io  0xd200-0xd23f]
May  4 17:03:26 mx01 kernel: [    0.217465] pci 0000:00:06.0: [106b:003f] type 00 class 0x0c0310
May  4 17:03:26 mx01 kernel: [    0.218389] pci 0000:00:06.0: reg 0x10: [mem 0xf1804000-0xf1804fff]
May  4 17:03:26 mx01 kernel: [    0.223213] pci 0000:00:07.0: [8086:7113] type 00 class 0x068000
May  4 17:03:26 mx01 kernel: [    0.224479] pci 0000:00:07.0: quirk: [io  0x4000-0x403f] claimed by PIIX4 ACPI
May  4 17:03:26 mx01 kernel: [    0.226112] pci 0000:00:07.0: quirk: [io  0x4100-0x410f] claimed by PIIX4 SMB
May  4 17:03:26 mx01 kernel: [    0.226907] pci 0000:00:0d.0: [8086:2829] type 00 class 0x010601
May  4 17:03:26 mx01 kernel: [    0.227632] pci 0000:00:0d.0: reg 0x10: [io  0xd240-0xd247]
May  4 17:03:26 mx01 kernel: [    0.228142] pci 0000:00:0d.0: reg 0x14: [io  0xd248-0xd24b]
May  4 17:03:26 mx01 kernel: [    0.228663] pci 0000:00:0d.0: reg 0x18: [io  0xd250-0xd257]
May  4 17:03:26 mx01 kernel: [    0.229151] pci 0000:00:0d.0: reg 0x1c: [io  0xd258-0xd25b]
May  4 17:03:26 mx01 kernel: [    0.229674] pci 0000:00:0d.0: reg 0x20: [io  0xd260-0xd26f]
May  4 17:03:26 mx01 kernel: [    0.230277] pci 0000:00:0d.0: reg 0x24: [mem 0xf1806000-0xf1807fff]
May  4 17:03:26 mx01 kernel: [    0.234377] ACPI: PCI Interrupt Link [LNKA] (IRQs 5 9 10 *11)
May  4 17:03:26 mx01 kernel: [    0.235338] ACPI: PCI Interrupt Link [LNKB] (IRQs 5 9 *10 11)
May  4 17:03:26 mx01 kernel: [    0.235896] ACPI: PCI Interrupt Link [LNKC] (IRQs 5 *9 10 11)
May  4 17:03:26 mx01 kernel: [    0.236152] ACPI: PCI Interrupt Link [LNKD] (IRQs 5 9 10 *11)
May  4 17:03:26 mx01 kernel: [    0.237099] SCSI subsystem initialized
May  4 17:03:26 mx01 kernel: [    0.237425] libata version 3.00 loaded.
May  4 17:03:26 mx01 kernel: [    0.237492] pci 0000:00:02.0: vgaarb: setting as boot VGA device
May  4 17:03:26 mx01 kernel: [    0.237834] pci 0000:00:02.0: vgaarb: VGA device added: decodes=io+mem,owns=io+mem,locks=none
May  4 17:03:26 mx01 kernel: [    0.238238] pci 0000:00:02.0: vgaarb: bridge control possible
May  4 17:03:26 mx01 kernel: [    0.238582] vgaarb: loaded
May  4 17:03:26 mx01 kernel: [    0.239099] ACPI: bus type USB registered
May  4 17:03:26 mx01 kernel: [    0.240058] usbcore: registered new interface driver usbfs
May  4 17:03:26 mx01 kernel: [    0.240434] usbcore: registered new interface driver hub
May  4 17:03:26 mx01 kernel: [    0.240804] usbcore: registered new device driver usb
May  4 17:03:26 mx01 kernel: [    0.241194] EDAC MC: Ver: 3.0.0
May  4 17:03:26 mx01 kernel: [    0.241733] PCI: Using ACPI for IRQ routing
May  4 17:03:26 mx01 kernel: [    0.241961] PCI: pci_cache_line_size set to 64 bytes
May  4 17:03:26 mx01 kernel: [    0.242209] e820: reserve RAM buffer [mem 0x0009fc00-0x0009ffff]
May  4 17:03:26 mx01 kernel: [    0.242214] e820: reserve RAM buffer [mem 0x3fff0000-0x3fffffff]
May  4 17:03:26 mx01 kernel: [    0.242322] NetLabel: Initializing
May  4 17:03:26 mx01 kernel: [    0.242527] NetLabel:  domain hash size = 128
May  4 17:03:26 mx01 kernel: [    0.242756] NetLabel:  protocols = UNLABELED CIPSOv4 CALIPSO
May  4 17:03:26 mx01 kernel: [    0.243058] NetLabel:  unlabeled traffic allowed by default
May  4 17:03:26 mx01 kernel: [    0.244711] clocksource: Switched to clocksource kvm-clock
May  4 17:03:26 mx01 kernel: [    0.266899] VFS: Disk quotas dquot_6.6.0
May  4 17:03:26 mx01 kernel: [    0.267541] VFS: Dquot-cache hash table entries: 512 (order 0, 4096 bytes)
May  4 17:03:26 mx01 kernel: [    0.268128] AppArmor: AppArmor Filesystem Enabled
May  4 17:03:26 mx01 kernel: [    0.268153] pnp: PnP ACPI init
May  4 17:03:26 mx01 kernel: [    0.268153] pnp 00:00: Plug and Play ACPI device, IDs PNP0303 (active)
May  4 17:03:26 mx01 kernel: [    0.268924] pnp 00:01: Plug and Play ACPI device, IDs PNP0f03 (active)
May  4 17:03:26 mx01 kernel: [    0.269406] pnp 00:02: Plug and Play ACPI device, IDs PNP0501 (active)
May  4 17:03:26 mx01 kernel: [    0.270187] pnp: PnP ACPI: found 3 devices
May  4 17:03:26 mx01 kernel: [    0.277011] clocksource: acpi_pm: mask: 0xffffff max_cycles: 0xffffff, max_idle_ns: 2085701024 ns
May  4 17:03:26 mx01 kernel: [    0.277481] pci_bus 0000:00: resource 4 [io  0x0000-0x0cf7 window]
May  4 17:03:26 mx01 kernel: [    0.277482] pci_bus 0000:00: resource 5 [io  0x0d00-0xffff window]
May  4 17:03:26 mx01 kernel: [    0.277484] pci_bus 0000:00: resource 6 [mem 0x000a0000-0x000bffff window]
May  4 17:03:26 mx01 kernel: [    0.277485] pci_bus 0000:00: resource 7 [mem 0x40000000-0xfdffffff window]
May  4 17:03:26 mx01 kernel: [    0.277554] NET: Registered protocol family 2
May  4 17:03:26 mx01 kernel: [    0.281213] TCP established hash table entries: 8192 (order: 4, 65536 bytes)
May  4 17:03:26 mx01 kernel: [    0.281762] TCP bind hash table entries: 8192 (order: 5, 131072 bytes)
May  4 17:03:26 mx01 kernel: [    0.282272] TCP: Hash tables configured (established 8192 bind 8192)
May  4 17:03:26 mx01 kernel: [    0.282859] UDP hash table entries: 512 (order: 2, 16384 bytes)
May  4 17:03:26 mx01 kernel: [    0.283393] UDP-Lite hash table entries: 512 (order: 2, 16384 bytes)
May  4 17:03:26 mx01 kernel: [    0.284027] NET: Registered protocol family 1
May  4 17:03:26 mx01 kernel: [    0.284596] pci 0000:00:00.0: Limiting direct PCI/PCI transfers
May  4 17:03:26 mx01 kernel: [    0.285012] pci 0000:00:01.0: Activating ISA DMA hang workarounds
May  4 17:03:26 mx01 kernel: [    0.285516] pci 0000:00:02.0: Video device with shadowed ROM at [mem 0x000c0000-0x000dffff]
May  4 17:03:26 mx01 kernel: [    0.287951] PCI: CLS 0 bytes, default 64
May  4 17:03:26 mx01 kernel: [    0.288006] Unpacking initramfs...
May  4 17:03:26 mx01 kernel: [    1.550337] Freeing initrd memory: 56552K
May  4 17:03:26 mx01 kernel: [    1.550701] clocksource: tsc: mask: 0xffffffffffffffff max_cycles: 0x2717868ea45, max_idle_ns: 440795316085 ns
May  4 17:03:26 mx01 kernel: [    1.551289] platform rtc_cmos: registered platform RTC device (no PNP device found)
May  4 17:03:26 mx01 kernel: [    1.551686] Scanning for low memory corruption every 60 seconds
May  4 17:03:26 mx01 kernel: [    1.552765] Initialise system trusted keyrings
May  4 17:03:26 mx01 kernel: [    1.553263] Key type blacklist registered
May  4 17:03:26 mx01 systemd-modules-load[396]: Inserted module 'iscsi_tcp'
May  4 17:03:26 mx01 systemd[1]: Started Create Static Device Nodes in /dev.
May  4 17:03:26 mx01 systemd[1]: Starting udev Kernel Device Manager...
May  4 17:03:26 mx01 systemd[1]: Started Set the console keyboard layout.
May  4 17:03:26 mx01 systemd-modules-load[396]: Inserted module 'ib_iser'
May  4 17:03:26 mx01 systemd[1]: Started Load Kernel Modules.
May  4 17:03:26 mx01 systemd[1]: Starting Apply Kernel Variables...
May  4 17:03:26 mx01 systemd[1]: Mounting FUSE Control File System...
May  4 17:03:26 mx01 systemd[1]: Mounting Kernel Configuration File System...
May  4 17:03:26 mx01 systemd[1]: Mounted FUSE Control File System.
May  4 17:03:26 mx01 systemd[1]: Mounted Kernel Configuration File System.
May  4 17:03:26 mx01 systemd[1]: Started Monitoring of LVM2 mirrors, snapshots etc. using dmeventd or progress polling.
May  4 17:03:26 mx01 systemd[1]: Reached target Local File Systems (Pre).
May  4 17:03:26 mx01 systemd[1]: Started udev Kernel Device Manager.
May  4 17:03:26 mx01 systemd[1]: Started Dispatch Password Requests to Console Directory Watch.
May  4 17:03:26 mx01 systemd[1]: Reached target Local Encrypted Volumes.
May  4 17:03:26 mx01 systemd[1]: Started Apply Kernel Variables.
May  4 17:03:26 mx01 systemd-udevd[435]: link_config: autonegotiation is unset or enabled, the speed and duplex are not writable.
May  4 17:03:26 mx01 systemd-udevd[438]: link_config: autonegotiation is unset or enabled, the speed and duplex are not writable.
May  4 17:03:26 mx01 systemd[1]: Listening on Load/Save RF Kill Switch Status /dev/rfkill Watch.
May  4 17:03:26 mx01 systemd[1]: Reached target Sound Card.
May  4 17:03:26 mx01 systemd[1]: Found device VBOX_HARDDISK 6.
May  4 17:03:26 mx01 systemd[1]: Mounting /work...
May  4 17:03:26 mx01 systemd[1]: Found device VBOX_HARDDISK 7.
May  4 17:03:26 mx01 systemd[1]: Activating swap /dev/disk/by-uuid/1ef7b1eb-6da3-4d3b-bd32-61236e7551bf...
May  4 17:03:26 mx01 systemd[1]: Mounted /work.
May  4 17:03:26 mx01 systemd[1]: Activated swap /dev/disk/by-uuid/1ef7b1eb-6da3-4d3b-bd32-61236e7551bf.
May  4 17:03:26 mx01 systemd[1]: Reached target Swap.
May  4 17:03:26 mx01 systemd[1]: Found device VBOX_HARDDISK 5.
May  4 17:03:26 mx01 systemd[1]: Mounting /var...
May  4 17:03:26 mx01 systemd[1]: Found device VBOX_HARDDISK 4.
May  4 17:03:26 mx01 systemd[1]: Mounting /tmp...
May  4 17:03:26 mx01 systemd[1]: Found device VBOX_HARDDISK 3.
May  4 17:03:26 mx01 systemd[1]: Mounting /home...
May  4 17:03:26 mx01 systemd[1]: Mounted /var.
May  4 17:03:26 mx01 systemd[1]: Mounted /tmp.
May  4 17:03:26 mx01 systemd[1]: Starting Load/Save Random Seed...
May  4 17:03:26 mx01 systemd[1]: Mounting Mount unit for core, revision 8935...
May  4 17:03:26 mx01 systemd[1]: Mounting Mount unit for core, revision 9066...
May  4 17:03:26 mx01 systemd[1]: Starting Flush Journal to Persistent Storage...
May  4 17:03:26 mx01 systemd[1]: Mounted /home.
May  4 17:03:26 mx01 systemd[1]: Reached target Local File Systems.
May  4 17:03:26 mx01 systemd[1]: Starting ebtables ruleset management...
May  4 17:03:26 mx01 systemd[1]: Starting Set console font and keymap...
May  4 17:03:26 mx01 systemd[1]: Starting AppArmor initialization...
May  4 17:03:26 mx01 systemd[1]: Starting Tell Plymouth To Write Out Runtime Data...
May  4 17:03:26 mx01 systemd[1]: Started Load/Save Random Seed.
May  4 17:03:26 mx01 apparmor[622]:  * Starting AppArmor profiles
May  4 17:03:26 mx01 systemd[1]: Started Set console font and keymap.
May  4 17:03:26 mx01 apparmor[622]: Skipping profile in /etc/apparmor.d/disable: usr.sbin.rsyslogd
May  4 17:03:26 mx01 systemd[1]: Started Tell Plymouth To Write Out Runtime Data.
May  4 17:03:26 mx01 apparmor[622]:    ...done.
May  4 17:03:26 mx01 systemd[1]: Mounted Mount unit for core, revision 8935.
May  4 17:03:26 mx01 systemd[1]: Mounted Mount unit for core, revision 9066.
May  4 17:03:26 mx01 systemd[1]: Started ebtables ruleset management.
May  4 17:03:26 mx01 systemd[1]: Started Flush Journal to Persistent Storage.
May  4 17:03:26 mx01 systemd[1]: Starting Create Volatile Files and Directories...
May  4 17:03:26 mx01 systemd[1]: Started AppArmor initialization.
May  4 17:03:26 mx01 systemd[1]: Started Create Volatile Files and Directories.
May  4 17:03:26 mx01 systemd[1]: Starting Network Time Synchronization...
May  4 17:03:26 mx01 systemd[1]: Starting Update UTMP about System Boot/Shutdown...
May  4 17:03:26 mx01 systemd[1]: Starting Initial cloud-init job (pre-networking)...
May  4 17:03:26 mx01 systemd[1]: Started Update UTMP about System Boot/Shutdown.
May  4 17:03:26 mx01 systemd[1]: Started Network Time Synchronization.
May  4 17:03:26 mx01 systemd[1]: Reached target System Time Synchronized.
May  4 17:03:26 mx01 cloud-init[773]: Cloud-init v. 19.4-33-gbb4131a2-0ubuntu1~18.04.1 running 'init-local' at Mon, 04 May 2020 17:03:20 +0000. Up 19.11 seconds.
May  4 17:03:26 mx01 systemd[1]: Started Initial cloud-init job (pre-networking).
May  4 17:03:26 mx01 systemd[1]: Reached target Network (Pre).
May  4 17:03:26 mx01 systemd[1]: Starting Network Service...
May  4 17:03:26 mx01 systemd-networkd[829]: Enumeration completed
May  4 17:03:26 mx01 systemd[1]: Started Network Service.
May  4 17:03:26 mx01 systemd[1]: Starting Network Name Resolution...
May  4 17:03:26 mx01 systemd[1]: Starting Wait for Network to be Configured...
May  4 17:03:26 mx01 systemd-networkd[829]: enp0s3: IPv6 successfully enabled
May  4 17:03:26 mx01 systemd-networkd[829]: lo: Link is not managed by us
May  4 17:03:26 mx01 systemd-networkd[829]: enp0s3: Link UP
May  4 17:03:26 mx01 systemd-networkd[829]: enp0s3: Gained carrier
May  4 17:03:26 mx01 systemd-networkd[829]: enp0s3: DHCPv4 address 10.10.20.20/24 via 10.10.20.254
May  4 17:03:26 mx01 systemd-timesyncd[762]: Network configuration changed, trying to establish connection.
May  4 17:03:26 mx01 systemd-resolved[851]: Positive Trust Anchors:
May  4 17:03:26 mx01 systemd-resolved[851]: . IN DS 19036 8 2 49aac11d7b6f6446702e54a1607371607a1a41855200fd2ce1cdde32f24e8fb5
May  4 17:03:26 mx01 systemd-resolved[851]: . IN DS 20326 8 2 e06d44b80b8f1d39a95c0b0d7c65d08458e880409bbc683457104237c7f8ec8d
May  4 17:03:26 mx01 systemd-resolved[851]: Negative trust anchors: 10.in-addr.arpa 16.172.in-addr.arpa 17.172.in-addr.arpa 18.172.in-addr.arpa 19.172.in-addr.arpa 20.172.in-addr.arpa 21.172.in-addr.arpa 22.172.in-addr.arpa 23.172.in-addr.arpa 24.172.in-addr.arpa 25.172.in-addr.arpa 26.172.in-addr.arpa 27.172.in-addr.arpa 28.172.in-addr.arpa 29.172.in-addr.arpa 30.172.in-addr.arpa 31.172.in-addr.arpa 168.192.in-addr.arpa d.f.ip6.arpa corp home internal intranet lan local private test
May  4 17:03:26 mx01 systemd-resolved[851]: Using system hostname 'mx01.prj.pt'.
May  4 17:03:26 mx01 systemd[1]: Started Network Name Resolution.
May  4 17:03:26 mx01 systemd[1]: Reached target Network.
May  4 17:03:26 mx01 systemd[1]: Reached target Host and Network Name Lookups.
May  4 17:03:26 mx01 systemd-networkd[829]: enp0s3: Gained IPv6LL
May  4 17:03:26 mx01 systemd-networkd[829]: enp0s3: Configured
May  4 17:03:26 mx01 systemd-timesyncd[762]: Network configuration changed, trying to establish connection.
May  4 17:03:26 mx01 systemd-networkd-wait-online[852 managing: enp0s3
May  4 17:03:26 mx01 systemd-networkd-wait-online[852 ignoring: lo
May  4 17:03:26 mx01 systemd[1]: Started Wait for Network to be Configured.
May  4 17:03:26 mx01 systemd[1]: Starting Initial cloud-init job (metadata service crawler)...
May  4 17:03:26 mx01 cloud-init[873]: Cloud-init v. 19.4-33-gbb4131a2-0ubuntu1~18.04.1 running 'init' at Mon, 04 May 2020 17:03:24 +0000. Up 22.23 seconds.
May  4 17:03:26 mx01 cloud-init[873]: ci-info: ++++++++++++++++++++++++++++++++++++++Net device info+++++++++++++++++++++++++++++++++++++++
May  4 17:03:26 mx01 cloud-init[873]: ci-info: +--------+------+-----------------------------+---------------+--------+-------------------+
May  4 17:03:26 mx01 cloud-init[873]: ci-info: | Device |  Up  |           Address           |      Mask     | Scope  |     Hw-Address    |
May  4 17:03:26 mx01 cloud-init[873]: ci-info: +--------+------+-----------------------------+---------------+--------+-------------------+
May  4 17:03:26 mx01 cloud-init[873]: ci-info: | enp0s3 | True |         10.10.20.20         | 255.255.255.0 | global | 08:00:27:18:33:bf |
May  4 17:03:26 mx01 cloud-init[873]: ci-info: | enp0s3 | True | fe80::a00:27ff:fe18:33bf/64 |       .       |  link  | 08:00:27:18:33:bf |
May  4 17:03:26 mx01 cloud-init[873]: ci-info: |   lo   | True |          127.0.0.1          |   255.0.0.0   |  host  |         .         |
May  4 17:03:26 mx01 cloud-init[873]: ci-info: |   lo   | True |           ::1/128           |       .       |  host  |         .         |
May  4 17:03:26 mx01 cloud-init[873]: ci-info: +--------+------+-----------------------------+---------------+--------+-------------------+
May  4 17:03:26 mx01 cloud-init[873]: ci-info: +++++++++++++++++++++++++++++++Route IPv4 info+++++++++++++++++++++++++++++++
May  4 17:03:26 mx01 cloud-init[873]: ci-info: +-------+--------------+--------------+-----------------+-----------+-------+
May  4 17:03:26 mx01 cloud-init[873]: ci-info: | Route | Destination  |   Gateway    |     Genmask     | Interface | Flags |
May  4 17:03:26 mx01 cloud-init[873]: ci-info: +-------+--------------+--------------+-----------------+-----------+-------+
May  4 17:03:26 mx01 cloud-init[873]: ci-info: |   0   |   0.0.0.0    | 10.10.20.254 |     0.0.0.0     |   enp0s3  |   UG  |
May  4 17:03:26 mx01 cloud-init[873]: ci-info: |   1   |  10.10.20.0  |   0.0.0.0    |  255.255.255.0  |   enp0s3  |   U   |
May  4 17:03:26 mx01 cloud-init[873]: ci-info: |   2   | 10.10.20.254 |   0.0.0.0    | 255.255.255.255 |   enp0s3  |   UH  |
May  4 17:03:26 mx01 cloud-init[873]: ci-info: +-------+--------------+--------------+-----------------+-----------+-------+
May  4 17:03:26 mx01 cloud-init[873]: ci-info: +++++++++++++++++++Route IPv6 info+++++++++++++++++++
May  4 17:03:26 mx01 cloud-init[873]: ci-info: +-------+-------------+---------+-----------+-------+
May  4 17:03:26 mx01 cloud-init[873]: ci-info: | Route | Destination | Gateway | Interface | Flags |
May  4 17:03:26 mx01 cloud-init[873]: ci-info: +-------+-------------+---------+-----------+-------+
May  4 17:03:26 mx01 cloud-init[873]: ci-info: |   1   |  fe80::/64  |    ::   |   enp0s3  |   U   |
May  4 17:03:26 mx01 cloud-init[873]: ci-info: |   3   |    local    |    ::   |   enp0s3  |   U   |
May  4 17:03:26 mx01 cloud-init[873]: ci-info: |   4   |   ff00::/8  |    ::   |   enp0s3  |   U   |
May  4 17:03:26 mx01 cloud-init[873]: ci-info: +-------+-------------+---------+-----------+-------+
May  4 17:03:26 mx01 systemd[1]: Started Initial cloud-init job (metadata service crawler).
May  4 17:03:26 mx01 systemd[1]: Reached target Cloud-config availability.
May  4 17:03:26 mx01 systemd[1]: Reached target Network is Online.
May  4 17:03:26 mx01 systemd[1]: Reached target Remote File Systems (Pre).
May  4 17:03:26 mx01 systemd[1]: Reached target Remote File Systems.
May  4 17:03:26 mx01 systemd[1]: Starting Availability of block devices...
May  4 17:03:26 mx01 systemd[1]: Reached target System Initialization.
May  4 17:03:26 mx01 systemd[1]: Listening on Open-iSCSI iscsid Socket.
May  4 17:03:26 mx01 systemd[1]: Started ACPI Events Check.
May  4 17:03:26 mx01 systemd[1]: Reached target Paths.
May  4 17:03:26 mx01 systemd[1]: Started Discard unused blocks once a week.
May  4 17:03:26 mx01 systemd[1]: Listening on ACPID Listen Socket.
May  4 17:03:26 mx01 systemd[1]: Starting Socket activation for snappy daemon.
May  4 17:03:26 mx01 systemd[1]: Started Daily Cleanup of Temporary Directories.
May  4 17:03:26 mx01 systemd[1]: Listening on UUID daemon activation socket.
May  4 17:03:26 mx01 systemd[1]: Started Daily apt download activities.
May  4 17:03:26 mx01 systemd[1]: Started Message of the Day.
May  4 17:03:26 mx01 systemd[1]: Starting LXD - unix socket.
May  4 17:03:26 mx01 systemd[1]: Started Daily apt upgrade and clean activities.
May  4 17:03:26 mx01 systemd[1]: Reached target Timers.
May  4 17:03:26 mx01 systemd[1]: Listening on D-Bus System Message Bus Socket.
May  4 17:03:26 mx01 systemd[1]: Started Availability of block devices.
May  4 17:03:26 mx01 systemd[1]: Listening on Socket activation for snappy daemon.
May  4 17:03:26 mx01 systemd[1]: Listening on LXD - unix socket.
May  4 17:03:26 mx01 systemd[1]: Reached target Sockets.
May  4 17:03:26 mx01 systemd[1]: Reached target Basic System.
May  4 17:03:26 mx01 systemd[1]: Started Deferred execution scheduler.
May  4 17:03:26 mx01 systemd[1]: Started Regular background program processing daemon.
May  4 17:03:26 mx01 systemd[1]: Started FUSE filesystem for LXC.
May  4 17:03:26 mx01 systemd[1]: Starting Postfix Mail Transport Agent (instance -)...
May  4 17:03:26 mx01 systemd[1]: Starting LSB: Record successful boot for GRUB...
May  4 17:03:26 mx01 systemd[1]: Starting LSB: web-based administration interface for Unix systems...
May  4 17:03:26 mx01 systemd[1]: Starting System Logging Service...
May  4 17:03:26 mx01 systemd[1]: Started D-Bus System Message Bus.
May  4 17:03:26 mx01 lxcfs[925]: mount namespace: 5
May  4 17:03:26 mx01 lxcfs[925]: hierarchies:
May  4 17:03:26 mx01 lxcfs[925]:   0: fd:   6: memory
May  4 17:03:26 mx01 lxcfs[925]:   1: fd:   7: devices
May  4 17:03:26 mx01 lxcfs[925]:   2: fd:   8: cpu,cpuacct
May  4 17:03:26 mx01 lxcfs[925]:   3: fd:   9: cpuset
May  4 17:03:26 mx01 lxcfs[925]:   4: fd:  10: pids
May  4 17:03:26 mx01 lxcfs[925]:   5: fd:  11: blkio
May  4 17:03:26 mx01 lxcfs[925]:   6: fd:  12: hugetlb
May  4 17:03:26 mx01 lxcfs[925]:   7: fd:  13: rdma
May  4 17:03:26 mx01 lxcfs[925]:   8: fd:  14: perf_event
May  4 17:03:26 mx01 lxcfs[925]:   9: fd:  15: net_cls,net_prio
May  4 17:03:26 mx01 lxcfs[925]:  10: fd:  16: freezer
May  4 17:03:26 mx01 lxcfs[925]:  11: fd:  17: name=systemd
May  4 17:03:26 mx01 lxcfs[925]:  12: fd:  18: unified
May  4 17:03:26 mx01 cron[924]: (CRON) INFO (pidfile fd = 3)
May  4 17:03:26 mx01 cron[924]: (CRON) INFO (Running @reboot jobs)
May  4 17:03:26 mx01 dbus-daemon[930]: dbus[930]: Unknown group "power" in message bus configuration file
May  4 17:03:26 mx01 rsyslogd: imuxsock: Acquired UNIX socket '/run/systemd/journal/syslog' (fd 3) from systemd.  [v8.32.0]
May  4 17:03:26 mx01 rsyslogd: rsyslogd's groupid changed to 106
May  4 17:03:26 mx01 rsyslogd: rsyslogd's userid changed to 102
May  4 17:03:26 mx01 rsyslogd:  [origin software="rsyslogd" swVersion="8.32.0" x-pid="929" x-info="http://www.rsyslog.com"] start
May  4 17:03:26 mx01 kernel: [    1.553603] workingset: timestamp_bits=36 max_order=18 bucket_order=0
May  4 17:03:26 mx01 kernel: [    1.556796] zbud: loaded
May  4 17:03:26 mx01 kernel: [    1.558003] squashfs: version 4.0 (2009/01/31) Phillip Lougher
May  4 17:03:26 mx01 kernel: [    1.558455] fuse init (API version 7.26)
May  4 17:03:26 mx01 kernel: [    1.559500] Key type asymmetric registered
May  4 17:03:26 mx01 kernel: [    1.559727] Asymmetric key parser 'x509' registered
May  4 17:03:26 mx01 kernel: [    1.563637] Block layer SCSI generic (bsg) driver version 0.4 loaded (major 246)
May  4 17:03:26 mx01 kernel: [    1.564690] io scheduler noop registered
May  4 17:03:26 mx01 kernel: [    1.564992] io scheduler deadline registered
May  4 17:03:26 mx01 kernel: [    1.565346] io scheduler cfq registered (default)
May  4 17:03:26 mx01 kernel: [    1.566022] ACPI: AC Adapter [AC] (on-line)
May  4 17:03:26 mx01 kernel: [    1.566303] input: Power Button as /devices/LNXSYSTM:00/LNXPWRBN:00/input/input0
May  4 17:03:26 mx01 kernel: [    1.566782] ACPI: Power Button [PWRF]
May  4 17:03:26 mx01 kernel: [    1.568398] input: Sleep Button as /devices/LNXSYSTM:00/LNXSLPBN:00/input/input1
May  4 17:03:26 mx01 kernel: [    1.568812] ACPI: Sleep Button [SLPF]
May  4 17:03:26 mx01 kernel: [    1.570279] ACPI: Battery Slot [BAT0] (battery present)
May  4 17:03:26 mx01 kernel: [    1.570786] Serial: 8250/16550 driver, 32 ports, IRQ sharing enabled
May  4 17:03:26 mx01 kernel: [    1.593494] 00:02: ttyS0 at I/O 0x3f8 (irq = 4, base_baud = 115200) is a 16550A
May  4 17:03:26 mx01 kernel: [    1.595853] Linux agpgart interface v0.103
May  4 17:03:26 mx01 kernel: [    1.597700] loop: module loaded
May  4 17:03:26 mx01 kernel: [    1.598219] ata_piix 0000:00:01.1: version 2.13
May  4 17:03:26 mx01 kernel: [    1.599065] scsi host0: ata_piix
May  4 17:03:26 mx01 kernel: [    1.599398] scsi host1: ata_piix
May  4 17:03:26 mx01 kernel: [    1.599628] ata1: PATA max UDMA/33 cmd 0x1f0 ctl 0x3f6 bmdma 0xd000 irq 14
May  4 17:03:26 mx01 kernel: [    1.599963] ata2: PATA max UDMA/33 cmd 0x170 ctl 0x376 bmdma 0xd008 irq 15
May  4 17:03:26 mx01 kernel: [    1.600358] libphy: Fixed MDIO Bus: probed
May  4 17:03:26 mx01 kernel: [    1.600387] tun: Universal TUN/TAP device driver, 1.6
May  4 17:03:26 mx01 kernel: [    1.604264] PPP generic driver version 2.4.2
May  4 17:03:26 mx01 kernel: [    1.604636] ehci_hcd: USB 2.0 'Enhanced' Host Controller (EHCI) Driver
May  4 17:03:26 mx01 kernel: [    1.605033] ehci-pci: EHCI PCI platform driver
May  4 17:03:26 mx01 kernel: [    1.605281] ehci-platform: EHCI generic platform driver
May  4 17:03:26 mx01 kernel: [    1.605547] ohci_hcd: USB 1.1 'Open' Host Controller (OHCI) Driver
May  4 17:03:26 mx01 kernel: [    1.606292] ohci-pci: OHCI PCI platform driver
May  4 17:03:26 mx01 kernel: [    1.607529] ohci-pci 0000:00:06.0: OHCI PCI host controller
May  4 17:03:26 mx01 kernel: [    1.607840] ohci-pci 0000:00:06.0: new USB bus registered, assigned bus number 1
May  4 17:03:26 mx01 kernel: [    1.608205] ohci-pci 0000:00:06.0: irq 22, io mem 0xf1804000
May  4 17:03:26 mx01 kernel: [    1.668986] usb usb1: New USB device found, idVendor=1d6b, idProduct=0001
May  4 17:03:26 mx01 kernel: [    1.669412] usb usb1: New USB device strings: Mfr=3, Product=2, SerialNumber=1
May  4 17:03:26 mx01 kernel: [    1.669963] usb usb1: Product: OHCI PCI host controller
May  4 17:03:26 mx01 kernel: [    1.670242] usb usb1: Manufacturer: Linux 4.15.0-96-generic ohci_hcd
May  4 17:03:26 mx01 kernel: [    1.670533] usb usb1: SerialNumber: 0000:00:06.0
May  4 17:03:26 mx01 kernel: [    1.670885] hub 1-0:1.0: USB hub found
May  4 17:03:26 mx01 kernel: [    1.671165] hub 1-0:1.0: 12 ports detected
May  4 17:03:26 mx01 kernel: [    1.671763] ohci-platform: OHCI generic platform driver
May  4 17:03:26 mx01 kernel: [    1.672030] uhci_hcd: USB Universal Host Controller Interface driver
May  4 17:03:26 mx01 kernel: [    1.672540] i8042: PNP: PS/2 Controller [PNP0303:PS2K,PNP0f03:PS2M] at 0x60,0x64 irq 1,12
May  4 17:03:26 mx01 kernel: [    1.674308] serio: i8042 KBD port at 0x60,0x64 irq 1
May  4 17:03:26 mx01 kernel: [    1.674766] serio: i8042 AUX port at 0x60,0x64 irq 12
May  4 17:03:26 mx01 kernel: [    1.675444] mousedev: PS/2 mouse device common for all mice
May  4 17:03:26 mx01 kernel: [    1.676380] input: AT Translated Set 2 keyboard as /devices/platform/i8042/serio0/input/input2
May  4 17:03:26 mx01 kernel: [    1.677555] rtc_cmos rtc_cmos: rtc core: registered rtc_cmos as rtc0
May  4 17:03:26 mx01 kernel: [    1.678113] rtc_cmos rtc_cmos: alarms up to one day, 114 bytes nvram
May  4 17:03:26 mx01 kernel: [    1.678620] i2c /dev entries driver
May  4 17:03:26 mx01 kernel: [    1.678906] device-mapper: uevent: version 1.0.3
May  4 17:03:26 mx01 kernel: [    1.680510] device-mapper: ioctl: 4.37.0-ioctl (2017-09-20) initialised: dm-devel@redhat.com
May  4 17:03:26 mx01 kernel: [    1.681086] ledtrig-cpu: registered to indicate activity on CPUs
May  4 17:03:26 mx01 kernel: [    1.681559] intel_pmc_core:  initialized
May  4 17:03:26 mx01 kernel: [    1.682079] NET: Registered protocol family 10
May  4 17:03:26 mx01 kernel: [    1.689000] Segment Routing with IPv6
May  4 17:03:26 mx01 kernel: [    1.689331] NET: Registered protocol family 17
May  4 17:03:26 mx01 kernel: [    1.689690] Key type dns_resolver registered
May  4 17:03:26 mx01 kernel: [    1.690076] mce: Using 0 MCE banks
May  4 17:03:26 mx01 kernel: [    1.690286] RAS: Correctable Errors collector initialized.
May  4 17:03:26 mx01 kernel: [    1.690616] sched_clock: Marking stable (1688622452, 0)->(1807063224, -118440772)
May  4 17:03:26 mx01 kernel: [    1.691169] registered taskstats version 1
May  4 17:03:26 mx01 kernel: [    1.691402] Loading compiled-in X.509 certificates
May  4 17:03:26 mx01 kernel: [    1.695195] Loaded X.509 cert 'Build time autogenerated kernel key: 244b473b43e18b01f00e37a87f2ecd28620f0244'
May  4 17:03:26 mx01 kernel: [    1.696000] zswap: loaded using pool lzo/zbud
May  4 17:03:26 mx01 kernel: [    1.703518] Key type big_key registered
May  4 17:03:26 mx01 kernel: [    1.703818] Key type trusted registered
May  4 17:03:26 mx01 kernel: [    1.705848] Key type encrypted registered
May  4 17:03:26 mx01 kernel: [    1.706298] AppArmor: AppArmor sha1 policy hashing enabled
May  4 17:03:26 mx01 kernel: [    1.706619] ima: No TPM chip found, activating TPM-bypass! (rc=-19)
May  4 17:03:26 mx01 kernel: [    1.706911] ima: Allocated hash algorithm: sha1
May  4 17:03:26 mx01 kernel: [    1.707160] evm: HMAC attrs: 0x1
May  4 17:03:26 mx01 kernel: [    1.707731]   Magic number: 4:609:86
May  4 17:03:26 mx01 kernel: [    1.708013] rtc_cmos rtc_cmos: setting system clock to 2020-05-04 17:03:03 UTC (1588611783)
May  4 17:03:26 mx01 kernel: [    1.708524] BIOS EDD facility v0.16 2004-Jun-25, 0 devices found
May  4 17:03:26 mx01 kernel: [    1.708803] EDD information not available.
May  4 17:03:26 mx01 kernel: [    1.760446] ata2.00: ATAPI: VBOX CD-ROM, 1.0, max UDMA/133
May  4 17:03:26 mx01 kernel: [    1.761339] ata2.00: configured for UDMA/33
May  4 17:03:26 mx01 kernel: [    1.762118] scsi 1:0:0:0: CD-ROM            VBOX     CD-ROM           1.0  PQ: 0 ANSI: 5
May  4 17:03:26 mx01 kernel: [    1.787152] sr 1:0:0:0: [sr0] scsi3-mmc drive: 32x/32x xa/form2 tray
May  4 17:03:26 mx01 kernel: [    1.788011] cdrom: Uniform CD-ROM driver Revision: 3.20
May  4 17:03:26 mx01 kernel: [    1.789003] sr 1:0:0:0: Attached scsi CD-ROM sr0
May  4 17:03:26 mx01 kernel: [    1.789175] sr 1:0:0:0: Attached scsi generic sg0 type 5
May  4 17:03:26 mx01 kernel: [    1.791622] Freeing unused kernel image memory: 2432K
May  4 17:03:26 mx01 kernel: [    1.800133] Write protecting the kernel read-only data: 20480k
May  4 17:03:26 mx01 kernel: [    1.800890] Freeing unused kernel image memory: 2008K
May  4 17:03:26 mx01 kernel: [    1.801472] Freeing unused kernel image memory: 1880K
May  4 17:03:26 mx01 kernel: [    1.814839] x86/mm: Checked W+X mappings: passed, no W+X pages found.
May  4 17:03:26 mx01 kernel: [    1.815151] x86/mm: Checking user space page tables
May  4 17:03:26 mx01 kernel: [    1.827343] x86/mm: Checked W+X mappings: passed, no W+X pages found.
May  4 17:03:26 mx01 kernel: [    1.996723] ACPI: Video Device [GFX0] (multi-head: yes  rom: no  post: no)
May  4 17:03:26 mx01 kernel: [    1.997495] input: Video Bus as /devices/LNXSYSTM:00/LNXSYBUS:00/PNP0A03:00/LNXVIDEO:00/input/input4
May  4 17:03:26 mx01 kernel: [    2.026869] piix4_smbus 0000:00:07.0: SMBus Host Controller at 0x4100, revision 0
May  4 17:03:26 mx01 kernel: [    2.030762] ahci 0000:00:0d.0: version 3.0
May  4 17:03:26 mx01 kernel: [    2.031798] ahci 0000:00:0d.0: SSS flag set, parallel bus scan disabled
May  4 17:03:26 mx01 kernel: [    2.032579] ahci 0000:00:0d.0: AHCI 0001.0100 32 slots 1 ports 3 Gbps 0x1 impl SATA mode
May  4 17:03:26 mx01 kernel: [    2.033075] ahci 0000:00:0d.0: flags: 64bit ncq stag only ccc 
May  4 17:03:26 mx01 kernel: [    2.050654] e1000: Intel(R) PRO/1000 Network Driver - version 7.3.21-k8-NAPI
May  4 17:03:26 mx01 kernel: [    2.051091] e1000: Copyright (c) 1999-2006 Intel Corporation.
May  4 17:03:26 mx01 kernel: [    2.068167] scsi host2: ahci
May  4 17:03:26 mx01 kernel: [    2.068717] ata3: SATA max UDMA/133 abar m8192@0xf1806000 port 0xf1806100 irq 21
May  4 17:03:26 mx01 kernel: [    2.119424] AVX2 version of gcm_enc/dec engaged.
May  4 17:03:26 mx01 kernel: [    2.119700] AES CTR mode by8 optimization enabled
May  4 17:03:26 mx01 kernel: [    2.125278] usb 1-1: new full-speed USB device number 2 using ohci-pci
May  4 17:03:26 mx01 kernel: [    2.251497] input: ImExPS/2 Generic Explorer Mouse as /devices/platform/i8042/serio1/input/input5
May  4 17:03:26 mx01 kernel: [    2.384056] ata3: SATA link up 3.0 Gbps (SStatus 123 SControl 300)
May  4 17:03:26 mx01 kernel: [    2.384624] ata3.00: ATA-6: VBOX HARDDISK, 1.0, max UDMA/133
May  4 17:03:26 mx01 kernel: [    2.384993] ata3.00: 41943040 sectors, multi 128: LBA48 NCQ (depth 31/32)
May  4 17:03:26 mx01 kernel: [    2.390643] ata3.00: configured for UDMA/133
May  4 17:03:26 mx01 kernel: [    2.391030] scsi 2:0:0:0: Direct-Access     ATA      VBOX HARDDISK    1.0  PQ: 0 ANSI: 5
May  4 17:03:26 mx01 kernel: [    2.392333] sd 2:0:0:0: [sda] 41943040 512-byte logical blocks: (21.5 GB/20.0 GiB)
May  4 17:03:26 mx01 kernel: [    2.394637] sd 2:0:0:0: Attached scsi generic sg1 type 0
May  4 17:03:26 mx01 kernel: [    2.395207] sd 2:0:0:0: [sda] Write Protect is off
May  4 17:03:26 mx01 kernel: [    2.395531] sd 2:0:0:0: [sda] Mode Sense: 00 3a 00 00
May  4 17:03:26 mx01 kernel: [    2.395561] sd 2:0:0:0: [sda] Write cache: enabled, read cache: enabled, doesn't support DPO or FUA
May  4 17:03:26 mx01 kernel: [    2.425834] random: fast init done
May  4 17:03:26 mx01 kernel: [    2.444056]  sda: sda1 sda2 sda3 sda4 sda5 sda6 sda7
May  4 17:03:26 mx01 kernel: [    2.444449] usb 1-1: New USB device found, idVendor=80ee, idProduct=0021
May  4 17:03:26 mx01 kernel: [    2.444838] usb 1-1: New USB device strings: Mfr=1, Product=3, SerialNumber=0
May  4 17:03:26 mx01 kernel: [    2.445224] usb 1-1: Product: USB Tablet
May  4 17:03:26 mx01 kernel: [    2.445514] usb 1-1: Manufacturer: VirtualBox
May  4 17:03:26 mx01 kernel: [    2.446579] sd 2:0:0:0: [sda] Attached SCSI disk
May  4 17:03:26 mx01 kernel: [    2.447492] random: systemd-udevd: uninitialized urandom read (16 bytes read)
May  4 17:03:26 mx01 kernel: [    2.447986] random: systemd-udevd: uninitialized urandom read (16 bytes read)
May  4 17:03:26 mx01 kernel: [    2.448952] random: systemd-udevd: uninitialized urandom read (16 bytes read)
May  4 17:03:26 mx01 kernel: [    2.459564] hidraw: raw HID events driver (C) Jiri Kosina
May  4 17:03:26 mx01 kernel: [    2.500519] usbcore: registered new interface driver usbhid
May  4 17:03:26 mx01 kernel: [    2.500902] usbhid: USB HID core driver
May  4 17:03:26 mx01 kernel: [    2.506353] input: VirtualBox USB Tablet as /devices/pci0000:00/0000:00:06.0/usb1/1-1/1-1:1.0/0003:80EE:0021.0001/input/input6
May  4 17:03:26 mx01 kernel: [    2.507337] hid-generic 0003:80EE:0021.0001: input,hidraw0: USB HID v1.10 Mouse [VirtualBox USB Tablet] on usb-0000:00:06.0-1/input0
May  4 17:03:26 mx01 kernel: [    2.704861] e1000 0000:00:03.0 eth0: (PCI:33MHz:32-bit) 08:00:27:18:33:bf
May  4 17:03:26 mx01 kernel: [    2.705396] e1000 0000:00:03.0 eth0: Intel(R) PRO/1000 Network Connection
May  4 17:03:26 mx01 kernel: [    2.708412] [drm] DMA map mode: Using physical TTM page addresses.
May  4 17:03:26 mx01 kernel: [    2.708774] [drm] Capabilities:
May  4 17:03:26 mx01 kernel: [    2.708968] [drm]   Cursor.
May  4 17:03:26 mx01 kernel: [    2.709195] [drm]   Cursor bypass 2.
May  4 17:03:26 mx01 kernel: [    2.709399] [drm]   Alpha cursor.
May  4 17:03:26 mx01 kernel: [    2.709594] [drm]   3D.
May  4 17:03:26 mx01 kernel: [    2.709763] [drm]   Extended Fifo.
May  4 17:03:26 mx01 kernel: [    2.709964] [drm]   Pitchlock.
May  4 17:03:26 mx01 kernel: [    2.710195] [drm]   Irq mask.
May  4 17:03:26 mx01 kernel: [    2.710380] [drm]   GMR.
May  4 17:03:26 mx01 kernel: [    2.710552] [drm]   Traces.
May  4 17:03:26 mx01 kernel: [    2.710731] [drm]   GMR2.
May  4 17:03:26 mx01 kernel: [    2.710905] [drm]   Screen Object 2.
May  4 17:03:26 mx01 kernel: [    2.711366] [drm] Max GMR ids is 8192
May  4 17:03:26 mx01 kernel: [    2.711576] [drm] Max number of GMR pages is 1048576
May  4 17:03:26 mx01 kernel: [    2.711834] [drm] Max dedicated hypervisor surface memory is 507904 kiB
May  4 17:03:26 mx01 kernel: [    2.712188] [drm] Maximum display memory size is 16384 kiB
May  4 17:03:26 mx01 kernel: [    2.712540] [drm] VRAM at 0xf0000000 size is 16384 kiB
May  4 17:03:26 mx01 kernel: [    2.715445] [drm] MMIO at 0xf1000000 size is 2048 kiB
May  4 17:03:26 mx01 kernel: [    2.718042] e1000 0000:00:03.0 enp0s3: renamed from eth0
May  4 17:03:26 mx01 kernel: [    2.722123] [drm] global init.
May  4 17:03:26 mx01 kernel: [    2.722461] [TTM] Zone  kernel: Available graphics memory: 504402 kiB
May  4 17:03:26 mx01 kernel: [    2.722933] [TTM] Initializing pool allocator
May  4 17:03:26 mx01 kernel: [    2.723261] [TTM] Initializing DMA pool allocator
May  4 17:03:26 mx01 kernel: [    2.723805] [drm] Supports vblank timestamp caching Rev 2 (21.10.2013).
May  4 17:03:26 mx01 kernel: [    2.724205] [drm] No driver support for vblank timestamp query.
May  4 17:03:26 mx01 kernel: [    2.725770] [drm] Screen Objects Display Unit initialized
May  4 17:03:26 mx01 kernel: [    2.726123] [drm] width 720
May  4 17:03:26 mx01 kernel: [    2.726317] [drm] height 400
May  4 17:03:26 mx01 kernel: [    2.726947] [drm] bpp 32
May  4 17:03:26 mx01 kernel: [    2.727372] [drm] Fifo max 0x00200000 min 0x00001000 cap 0x00000355
May  4 17:03:26 mx01 kernel: [    2.729858] [drm] DX: no.
May  4 17:03:26 mx01 kernel: [    2.731632] [drm] Atomic: yes
May  4 17:03:26 mx01 kernel: [    2.733512] [drm:vmw_host_log [vmwgfx]] *ERROR* Failed to send log
May  4 17:03:26 mx01 kernel: [    2.737089] [drm:vmw_host_log [vmwgfx]] *ERROR* Failed to send log
May  4 17:03:26 mx01 kernel: [    2.741910] fbcon: svgadrmfb (fb0) is primary device
May  4 17:03:26 mx01 kernel: [    2.745530] Console: switching to colour frame buffer device 100x37
May  4 17:03:26 mx01 kernel: [    2.748749] [drm] Initialized vmwgfx 2.14.0 20170612 for 0000:00:02.0 on minor 0
May  4 17:03:26 mx01 kernel: [    3.244071] raid6: sse2x1   gen()  7487 MB/s
May  4 17:03:26 mx01 kernel: [    3.292090] raid6: sse2x1   xor()  5724 MB/s
May  4 17:03:26 mx01 kernel: [    3.340109] raid6: sse2x2   gen() 10171 MB/s
May  4 17:03:26 mx01 kernel: [    3.388154] raid6: sse2x2   xor()  7224 MB/s
May  4 17:03:26 mx01 kernel: [    3.436401] raid6: sse2x4   gen() 10864 MB/s
May  4 17:03:26 mx01 kernel: [    3.484211] raid6: sse2x4   xor()  7525 MB/s
May  4 17:03:26 mx01 kernel: [    3.532060] raid6: avx2x1   gen() 17900 MB/s
May  4 17:03:26 mx01 kernel: [    3.580453] raid6: avx2x1   xor() 11987 MB/s
May  4 17:03:26 mx01 kernel: [    3.628190] raid6: avx2x2   gen() 21953 MB/s
May  4 17:03:26 mx01 kernel: [    3.676467] raid6: avx2x2   xor() 12291 MB/s
May  4 17:03:26 mx01 kernel: [    3.724312] raid6: avx2x4   gen() 19666 MB/s
May  4 17:03:26 mx01 kernel: [    3.772183] raid6: avx2x4   xor() 14755 MB/s
May  4 17:03:26 mx01 kernel: [    3.772529] raid6: using algorithm avx2x2 gen() 21953 MB/s
May  4 17:03:26 mx01 kernel: [    3.772914] raid6: .... xor() 12291 MB/s, rmw enabled
May  4 17:03:26 mx01 kernel: [    3.773407] raid6: using avx2x2 recovery algorithm
May  4 17:03:26 mx01 kernel: [    3.777191] xor: automatically using best checksumming function   avx       
May  4 17:03:26 mx01 kernel: [    3.779356] async_tx: api initialized (async)
May  4 17:03:26 mx01 kernel: [    3.853785] Btrfs loaded, crc32c=crc32c-intel
May  4 17:03:26 mx01 kernel: [    4.119994] EXT4-fs (sda2): mounted filesystem with ordered data mode. Opts: (null)
May  4 17:03:26 mx01 kernel: [    5.432822] ip_tables: (C) 2000-2006 Netfilter Core Team
May  4 17:03:26 mx01 kernel: [    5.472717] systemd[1]: systemd 237 running in system mode. (+PAM +AUDIT +SELINUX +IMA +APPARMOR +SMACK +SYSVINIT +UTMP +LIBCRYPTSETUP +GCRYPT +GNUTLS +ACL +XZ +LZ4 +SECCOMP +BLKID +ELFUTILS +KMOD -IDN2 +IDN -PCRE2 default-hierarchy=hybrid)
May  4 17:03:26 mx01 kernel: [    5.475066] systemd[1]: Detected virtualization oracle.
May  4 17:03:26 mx01 kernel: [    5.475715] systemd[1]: Detected architecture x86-64.
May  4 17:03:26 mx01 kernel: [    5.573805] systemd[1]: Set hostname to <mx01.prj.pt>.
May  4 17:03:26 mx01 kernel: [    5.933374] random: crng init done
May  4 17:03:26 mx01 kernel: [    5.934115] random: 7 urandom warning(s) missed due to ratelimiting
May  4 17:03:26 mx01 kernel: [    7.962497] systemd[1]: Set up automount Arbitrary Executable File Formats File System Automount Point.
May  4 17:03:26 mx01 kernel: [    7.968674] systemd[1]: Started Forward Password Requests to Wall Directory Watch.
May  4 17:03:26 mx01 kernel: [    7.970687] systemd[1]: Created slice System Slice.
May  4 17:03:26 mx01 kernel: [    7.972126] systemd[1]: Listening on udev Kernel Socket.
May  4 17:03:26 mx01 kernel: [    7.973666] systemd[1]: Listening on /dev/initctl Compatibility Named Pipe.
May  4 17:03:26 mx01 kernel: [    7.975259] systemd[1]: Listening on udev Control Socket.
May  4 17:03:26 mx01 kernel: [    8.291128] EXT4-fs (sda2): re-mounted. Opts: (null)
May  4 17:03:26 mx01 kernel: [    8.360940] Loading iSCSI transport class v2.0-870.
May  4 17:03:26 mx01 kernel: [    8.519996] iscsi: registered transport (tcp)
May  4 17:03:26 mx01 kernel: [    8.674788] iscsi: registered transport (iser)
May  4 17:03:26 mx01 kernel: [    9.496880] vgdrvHeartbeatInit: Setting up heartbeat to trigger every 2000 milliseconds
May  4 17:03:26 mx01 kernel: [    9.497054] input: Unspecified device as /devices/pci0000:00/0000:00:04.0/input/input7
May  4 17:03:26 mx01 kernel: [    9.497202] vboxguest: misc device minor 56, IRQ 20, I/O port d040, MMIO at 00000000f1400000 (size 0x400000)
May  4 17:03:26 mx01 kernel: [    9.497203] vboxguest: Successfully loaded version 5.2.8_KernelUbuntu (interface 0x00010004)
May  4 17:03:26 mx01 kernel: [    9.836424] RAPL PMU: API unit is 2^-32 Joules, 5 fixed counters, 10737418240 ms ovfl timer
May  4 17:03:26 mx01 kernel: [    9.836426] RAPL PMU: hw unit of domain pp0-core 2^-0 Joules
May  4 17:03:26 mx01 kernel: [    9.836426] RAPL PMU: hw unit of domain package 2^-0 Joules
May  4 17:03:26 mx01 kernel: [    9.836427] RAPL PMU: hw unit of domain dram 2^-0 Joules
May  4 17:03:26 mx01 kernel: [    9.836428] RAPL PMU: hw unit of domain pp1-gpu 2^-0 Joules
May  4 17:03:26 mx01 kernel: [    9.836428] RAPL PMU: hw unit of domain psys 2^-0 Joules
May  4 17:03:26 mx01 kernel: [   11.334849] snd_intel8x0 0000:00:05.0: white list rate for 1028:0177 is 48000
May  4 17:03:26 mx01 kernel: [   11.896259] EXT4-fs (sda6): mounted filesystem with ordered data mode. Opts: (null)
May  4 17:03:26 mx01 kernel: [   11.940739] Adding 4191228k swap on /dev/sda7.  Priority:-2 extents:1 across:4191228k FS
May  4 17:03:26 mx01 kernel: [   12.123395] EXT4-fs (sda5): mounted filesystem with ordered data mode. Opts: (null)
May  4 17:03:26 mx01 kernel: [   12.129450] EXT4-fs (sda4): mounted filesystem with ordered data mode. Opts: (null)
May  4 17:03:26 mx01 kernel: [   12.219354] EXT4-fs (sda3): mounted filesystem with ordered data mode. Opts: (null)
May  4 17:03:26 mx01 kernel: [   12.420564] systemd-journald[411]: Received request to flush runtime journal from PID 1
May  4 17:03:26 mx01 kernel: [   14.201700] audit: type=1400 audit(1588611795.992:2): apparmor="STATUS" operation="profile_load" profile="unconfined" name="lxc-container-default" pid=719 comm="apparmor_parser"
May  4 17:03:26 mx01 kernel: [   14.201702] audit: type=1400 audit(1588611795.992:3): apparmor="STATUS" operation="profile_load" profile="unconfined" name="lxc-container-default-cgns" pid=719 comm="apparmor_parser"
May  4 17:03:26 mx01 kernel: [   14.201704] audit: type=1400 audit(1588611795.992:4): apparmor="STATUS" operation="profile_load" profile="unconfined" name="lxc-container-default-with-mounting" pid=719 comm="apparmor_parser"
May  4 17:03:26 mx01 kernel: [   14.201705] audit: type=1400 audit(1588611795.992:5): apparmor="STATUS" operation="profile_load" profile="unconfined" name="lxc-container-default-with-nesting" pid=719 comm="apparmor_parser"
May  4 17:03:26 mx01 kernel: [   14.382338] audit: type=1400 audit(1588611796.172:6): apparmor="STATUS" operation="profile_load" profile="unconfined" name="/sbin/dhclient" pid=721 comm="apparmor_parser"
May  4 17:03:26 mx01 kernel: [   14.382342] audit: type=1400 audit(1588611796.172:7): apparmor="STATUS" operation="profile_load" profile="unconfined" name="/usr/lib/NetworkManager/nm-dhcp-client.action" pid=721 comm="apparmor_parser"
May  4 17:03:26 mx01 kernel: [   14.382343] audit: type=1400 audit(1588611796.172:8): apparmor="STATUS" operation="profile_load" profile="unconfined" name="/usr/lib/NetworkManager/nm-dhcp-helper" pid=721 comm="apparmor_parser"
May  4 17:03:26 mx01 kernel: [   14.382345] audit: type=1400 audit(1588611796.172:9): apparmor="STATUS" operation="profile_load" profile="unconfined" name="/usr/lib/connman/scripts/dhclient-script" pid=721 comm="apparmor_parser"
May  4 17:03:26 mx01 kernel: [   14.556924] audit: type=1400 audit(1588611796.348:10): apparmor="STATUS" operation="profile_load" profile="unconfined" name="/usr/bin/lxc-start" pid=722 comm="apparmor_parser"
May  4 17:03:26 mx01 kernel: [   14.748097] audit: type=1400 audit(1588611796.536:11): apparmor="STATUS" operation="profile_load" profile="unconfined" name="/usr/bin/man" pid=723 comm="apparmor_parser"
May  4 17:03:26 mx01 kernel: [   19.729611] IPv6: ADDRCONF(NETDEV_UP): enp0s3: link is not ready
May  4 17:03:26 mx01 kernel: [   19.738936] e1000: enp0s3 NIC Link is Up 1000 Mbps Full Duplex, Flow Control: RX
May  4 17:03:26 mx01 kernel: [   19.739318] IPv6: ADDRCONF(NETDEV_CHANGE): enp0s3: link becomes ready
May  4 17:03:26 mx01 kernel: [   23.888898] new mount options do not match the existing superblock, will be ignored
May  4 17:03:26 mx01 dbus-daemon[930]: [system] AppArmor D-Bus mediation is enabled
May  4 17:03:26 mx01 systemd[1]: Starting Dispatcher daemon for systemd-networkd...
May  4 17:03:26 mx01 systemd[1]: Starting LXD - container startup/shutdown...
May  4 17:03:26 mx01 systemd[1]: Starting OpenBSD Secure Shell server...
May  4 17:03:26 mx01 systemd[1]: Starting Permit User Sessions...
May  4 17:03:26 mx01 systemd[1]: Started irqbalance daemon.
May  4 17:03:26 mx01 systemd[1]: Starting LSB: automatic crash report generation...
May  4 17:03:26 mx01 systemd[1]: Starting Accounts Service...
May  4 17:03:26 mx01 systemd[1]: Starting Thermal Daemon Service...
May  4 17:03:26 mx01 systemd[1]: Starting Login Service...
May  4 17:03:27 mx01 systemd[1]: Starting Snappy daemon...
May  4 17:03:27 mx01 systemd[1]: Started System Logging Service.
May  4 17:03:27 mx01 systemd[1]: Started Permit User Sessions.
May  4 17:03:27 mx01 systemd[1]: Starting Terminate Plymouth Boot Screen...
May  4 17:03:27 mx01 systemd[1]: Starting Hold until boot process finishes up...
May  4 17:03:27 mx01 systemd[1]: Started Hold until boot process finishes up.
May  4 17:03:27 mx01 systemd[1]: Starting Set console scheme...
May  4 17:03:27 mx01 systemd[1]: Started Terminate Plymouth Boot Screen.
May  4 17:03:27 mx01 grub-common[927]:  * Recording successful boot for GRUB
May  4 17:03:27 mx01 apport[1008]:  * Starting automatic crash report generation: apport
May  4 17:03:27 mx01 /usr/sbin/irqbalance: Balancing is ineffective on systems with a single cpu.  Shutting down
May  4 17:03:27 mx01 systemd[1]: Started Set console scheme.
May  4 17:03:27 mx01 systemd[1]: Created slice system-getty.slice.
May  4 17:03:27 mx01 systemd[1]: Started Getty on tty1.
May  4 17:03:27 mx01 systemd[1]: Reached target Login Prompts.
May  4 17:03:27 mx01 systemd[1]: Started Login Service.
May  4 17:03:27 mx01 systemd[1]: Started Unattended Upgrades Shutdown.
May  4 17:03:27 mx01 apport[1008]:    ...done.
May  4 17:03:27 mx01 systemd[1]: Started LSB: automatic crash report generation.
May  4 17:03:28 mx01 systemd[1]: Started Thermal Daemon Service.
May  4 17:03:28 mx01 thermald[1011]: NO RAPL sysfs present
May  4 17:03:28 mx01 thermald[1011]: 22 CPUID levels; family:model:stepping 0x6:8e:9 (6:142:9)
May  4 17:03:28 mx01 thermald[1011]: Polling mode is enabled: 4
May  4 17:03:28 mx01 thermald[1011]: Thermal DTS: No coretemp sysfs found
May  4 17:03:28 mx01 grub-common[927]:    ...done.
May  4 17:03:28 mx01 systemd[1]: Started LSB: Record successful boot for GRUB.
May  4 17:03:28 mx01 thermald[1011]: Thermal DTS or hwmon: No Zones present Need to configure manually
May  4 17:03:28 mx01 thermald[1011]: No thermal sensors found
May  4 17:03:28 mx01 thermald[1011]: THD engine start failed
May  4 17:03:28 mx01 dbus-daemon[930]: [system] Activating via systemd: service name='org.freedesktop.PolicyKit1' unit='polkit.service' requested by ':1.4' (uid=0 pid=1010 comm="/usr/lib/accountsservice/accounts-daemon " label="unconfined")
May  4 17:03:28 mx01 systemd[1]: Starting Authorization Manager...
May  4 17:03:29 mx01 polkitd[1167]: started daemon version 0.105 using authority implementation `local' version `0.105'
May  4 17:03:29 mx01 dbus-daemon[930]: [system] Successfully activated service 'org.freedesktop.PolicyKit1'
May  4 17:03:29 mx01 systemd[1]: Started Authorization Manager.
May  4 17:03:29 mx01 accounts-daemon[1010]: started daemon version 0.6.45
May  4 17:03:29 mx01 systemd[1]: Started Accounts Service.
May  4 17:03:29 mx01 systemd[1]: Started OpenBSD Secure Shell server.
May  4 17:03:30 mx01 snapd[1041]: AppArmor status: apparmor is enabled and all features are available
May  4 17:03:30 mx01 systemd[1]: Started LXD - container startup/shutdown.
May  4 17:03:30 mx01 networkd-dispatcher[977]: No valid path found for iwconfig
May  4 17:03:30 mx01 systemd[1]: Started Dispatcher daemon for systemd-networkd.
May  4 17:03:31 mx01 postfix/postfix-script[1370]: starting the Postfix mail system
May  4 17:03:31 mx01 postfix/master[1374]: daemon started -- version 3.3.0, configuration /etc/postfix
May  4 17:03:31 mx01 systemd[1]: Started Postfix Mail Transport Agent (instance -).
May  4 17:03:31 mx01 systemd[1]: Starting Postfix Mail Transport Agent...
May  4 17:03:31 mx01 systemd[1]: Started Postfix Mail Transport Agent.
May  4 17:03:31 mx01 snapd[1041]: AppArmor status: apparmor is enabled and all features are available
May  4 17:03:31 mx01 snapd[1041]: daemon.go:343: started snapd/2.44.3 (series 16; classic) ubuntu/18.04 (amd64) linux/4.15.0-96-generic.
May  4 17:03:32 mx01 snapd[1041]: daemon.go:436: adjusting startup timeout by 35s (pessimistic estimate of 30s plus 5s per snap)
May  4 17:03:32 mx01 systemd[1]: Started Snappy daemon.
May  4 17:03:32 mx01 systemd[1]: Starting Wait until snapd is fully seeded...
May  4 17:03:33 mx01 systemd[1]: Started Wait until snapd is fully seeded.
May  4 17:03:33 mx01 systemd[1]: Starting Apply the settings specified in cloud-config...
May  4 17:03:34 mx01 cloud-init[1453]: Cloud-init v. 19.4-33-gbb4131a2-0ubuntu1~18.04.1 running 'modules:config' at Mon, 04 May 2020 17:03:34 +0000. Up 32.57 seconds.
May  4 17:03:35 mx01 systemd[1]: Started Apply the settings specified in cloud-config.
May  4 17:03:36 mx01 systemd[1]: Started LSB: web-based administration interface for Unix systems.
May  4 17:03:36 mx01 systemd[1]: Reached target Multi-User System.
May  4 17:03:36 mx01 systemd[1]: Reached target Graphical Interface.
May  4 17:03:36 mx01 systemd[1]: Starting Execute cloud user/final scripts...
May  4 17:03:36 mx01 systemd[1]: Starting Update UTMP about System Runlevel Changes...
May  4 17:03:36 mx01 systemd[1]: Started Update UTMP about System Runlevel Changes.
May  4 17:03:38 mx01 cloud-init[1501]: Cloud-init v. 19.4-33-gbb4131a2-0ubuntu1~18.04.1 running 'modules:final' at Mon, 04 May 2020 17:03:37 +0000. Up 36.07 seconds.
May  4 17:03:38 mx01 cloud-init[1501]: Cloud-init v. 19.4-33-gbb4131a2-0ubuntu1~18.04.1 finished at Mon, 04 May 2020 17:03:38 +0000. Datasource DataSourceNoCloud [seed=/var/lib/cloud/seed/nocloud-net][dsmode=net].  Up 36.62 seconds
May  4 17:03:38 mx01 systemd[1]: Started Execute cloud user/final scripts.
May  4 17:03:38 mx01 systemd[1]: Reached target Cloud-init target.
May  4 17:03:38 mx01 systemd[1]: Startup finished in 5.115s (kernel) + 31.712s (userspace) = 36.828s.
May  4 17:03:39 mx01 systemd[1]: Created slice User Slice of ubuntu.
May  4 17:03:39 mx01 systemd[1]: Starting User Manager for UID 1000...
May  4 17:03:39 mx01 systemd[1]: Started Session 1 of user ubuntu.
May  4 17:03:39 mx01 systemd[1763]: Listening on GnuPG cryptographic agent and passphrase cache.
May  4 17:03:40 mx01 systemd[1763]: Reached target Paths.
May  4 17:03:40 mx01 systemd[1763]: Listening on GnuPG cryptographic agent (ssh-agent emulation).
May  4 17:03:40 mx01 systemd[1763]: Listening on REST API socket for snapd user session agent.
May  4 17:03:40 mx01 systemd[1763]: Listening on GnuPG cryptographic agent and passphrase cache (restricted).
May  4 17:03:40 mx01 systemd[1763]: Reached target Timers.
May  4 17:03:40 mx01 systemd[1763]: Listening on GnuPG network certificate management daemon.
May  4 17:03:40 mx01 systemd[1763]: Listening on GnuPG cryptographic agent and passphrase cache (access for web browsers).
May  4 17:03:40 mx01 systemd[1763]: Reached target Sockets.
May  4 17:03:40 mx01 systemd[1763]: Reached target Basic System.
May  4 17:03:40 mx01 systemd[1]: Started User Manager for UID 1000.
May  4 17:03:40 mx01 systemd[1763]: Reached target Default.
May  4 17:03:40 mx01 systemd[1763]: Startup finished in 284ms.
May  4 17:03:55 mx01 systemd-timesyncd[762]: Synchronized to time server 91.189.94.4:123 (ntp.ubuntu.com).
May  4 17:04:37 mx01 systemd[1]: Stopped Wait for Network to be Configured.
May  4 17:04:37 mx01 systemd[1]: Stopping Network Service...
May  4 17:04:37 mx01 systemd-timesyncd[762]: Network configuration changed, trying to establish connection.
May  4 17:04:37 mx01 systemd[1]: Stopped Network Service.
May  4 17:04:37 mx01 systemd[1]: Starting Network Service...
May  4 17:04:37 mx01 systemd-timesyncd[762]: Synchronized to time server 91.189.94.4:123 (ntp.ubuntu.com).
May  4 17:04:37 mx01 systemd-networkd[1882]: enp0s3: Gained IPv6LL
May  4 17:04:37 mx01 systemd-timesyncd[762]: Network configuration changed, trying to establish connection.
May  4 17:04:37 mx01 systemd-networkd[1882]: Enumeration completed
May  4 17:04:37 mx01 systemd[1]: Started Network Service.
May  4 17:04:37 mx01 systemd-networkd[1882]: enp0s3: IPv6 successfully enabled
May  4 17:04:37 mx01 systemd-networkd[1882]: lo: Link is not managed by us
May  4 17:04:37 mx01 systemd-networkd[1882]: enp0s3: DHCPv4 address 10.10.20.20/24 via 10.10.20.254
May  4 17:04:37 mx01 systemd-networkd[1882]: enp0s3: Configured
May  4 17:04:37 mx01 systemd-timesyncd[762]: Synchronized to time server 91.189.94.4:123 (ntp.ubuntu.com).
May  4 17:09:36 mx01 systemd-timesyncd[762]: Network configuration changed, trying to establish connection.
May  4 17:09:36 mx01 systemd-networkd[1882]: enp0s3: Configured
May  4 17:09:36 mx01 systemd-timesyncd[762]: Synchronized to time server 91.189.94.4:123 (ntp.ubuntu.com).
May  4 17:14:36 mx01 systemd-timesyncd[762]: Network configuration changed, trying to establish connection.
May  4 17:14:36 mx01 systemd-networkd[1882]: enp0s3: Configured
May  4 17:14:36 mx01 systemd-timesyncd[762]: Synchronized to time server 91.189.94.4:123 (ntp.ubuntu.com).
May  4 17:17:01 mx01 CRON[1954]: (root) CMD (   cd / && run-parts --report /etc/cron.hourly)
May  4 17:18:34 mx01 systemd[1]: Starting Cleanup of Temporary Directories...
May  4 17:18:34 mx01 systemd[1]: Started Cleanup of Temporary Directories.
May  4 17:19:36 mx01 systemd-timesyncd[762]: Network configuration changed, trying to establish connection.
May  4 17:19:36 mx01 systemd-networkd[1882]: enp0s3: Configured
May  4 17:19:36 mx01 systemd-timesyncd[762]: Synchronized to time server 91.189.94.4:123 (ntp.ubuntu.com).
May  4 17:24:36 mx01 systemd-timesyncd[762]: Network configuration changed, trying to establish connection.
May  4 17:24:36 mx01 systemd-networkd[1882]: enp0s3: Configured
May  4 17:24:36 mx01 systemd-timesyncd[762]: Synchronized to time server 91.189.94.4:123 (ntp.ubuntu.com).
May  4 17:29:35 mx01 systemd-timesyncd[762]: Network configuration changed, trying to establish connection.
May  4 17:29:35 mx01 systemd-networkd[1882]: enp0s3: Configured
May  4 17:29:35 mx01 systemd-timesyncd[762]: Synchronized to time server 91.189.94.4:123 (ntp.ubuntu.com).
May  4 17:34:35 mx01 systemd-networkd[1882]: enp0s3: Configured
May  4 17:34:35 mx01 systemd-timesyncd[762]: Network configuration changed, trying to establish connection.
May  4 17:34:35 mx01 systemd-timesyncd[762]: Synchronized to time server 91.189.94.4:123 (ntp.ubuntu.com).
May  4 17:39:34 mx01 systemd-networkd[1882]: enp0s3: Configured
May  4 17:39:34 mx01 systemd-timesyncd[762]: Network configuration changed, trying to establish connection.
May  4 17:39:34 mx01 systemd-timesyncd[762]: Synchronized to time server 91.189.94.4:123 (ntp.ubuntu.com).
May  4 17:44:33 mx01 systemd-timesyncd[762]: Network configuration changed, trying to establish connection.
May  4 17:44:33 mx01 systemd-networkd[1882]: enp0s3: Configured
May  4 17:44:33 mx01 systemd-timesyncd[762]: Synchronized to time server 91.189.94.4:123 (ntp.ubuntu.com).
May  4 17:49:33 mx01 systemd-timesyncd[762]: Network configuration changed, trying to establish connection.
May  4 17:49:33 mx01 systemd-networkd[1882]: enp0s3: Configured
May  4 17:49:33 mx01 systemd-timesyncd[762]: Synchronized to time server 91.189.94.4:123 (ntp.ubuntu.com).
May  4 17:54:32 mx01 systemd-timesyncd[762]: Network configuration changed, trying to establish connection.
May  4 17:54:32 mx01 systemd-networkd[1882]: enp0s3: Configured
May  4 17:54:42 mx01 systemd-timesyncd[762]: Timed out waiting for reply from 91.189.94.4:123 (ntp.ubuntu.com).
May  4 17:54:42 mx01 systemd-timesyncd[762]: Synchronized to time server 91.189.89.198:123 (ntp.ubuntu.com).
May  4 17:59:31 mx01 systemd-timesyncd[762]: Network configuration changed, trying to establish connection.
May  4 17:59:31 mx01 systemd-networkd[1882]: enp0s3: Configured
May  4 17:59:31 mx01 systemd-timesyncd[762]: Synchronized to time server 91.189.89.198:123 (ntp.ubuntu.com).
May  4 18:04:31 mx01 systemd-timesyncd[762]: Network configuration changed, trying to establish connection.
May  4 18:04:31 mx01 systemd-networkd[1882]: enp0s3: Configured
May  4 18:04:31 mx01 systemd-timesyncd[762]: Synchronized to time server 91.189.89.198:123 (ntp.ubuntu.com).
May  4 18:09:29 mx01 systemd-networkd[1882]: enp0s3: Configured
May  4 18:09:29 mx01 systemd-timesyncd[762]: Network configuration changed, trying to establish connection.
May  4 18:09:29 mx01 systemd-timesyncd[762]: Synchronized to time server 91.189.89.198:123 (ntp.ubuntu.com).
May  4 18:14:29 mx01 systemd-timesyncd[762]: Network configuration changed, trying to establish connection.
May  4 18:14:29 mx01 systemd-networkd[1882]: enp0s3: Configured
May  4 18:14:29 mx01 systemd-timesyncd[762]: Synchronized to time server 91.189.89.198:123 (ntp.ubuntu.com).
May  4 18:17:01 mx01 CRON[2008]: (root) CMD (   cd / && run-parts --report /etc/cron.hourly)
May  4 18:19:29 mx01 systemd-timesyncd[762]: Network configuration changed, trying to establish connection.
May  4 18:19:29 mx01 systemd-networkd[1882]: enp0s3: Configured
May  4 18:19:29 mx01 systemd-timesyncd[762]: Synchronized to time server 91.189.89.198:123 (ntp.ubuntu.com).
May  4 18:24:29 mx01 systemd-networkd[1882]: enp0s3: Configured
May  4 18:24:29 mx01 systemd-timesyncd[762]: Network configuration changed, trying to establish connection.
May  4 18:24:29 mx01 systemd-timesyncd[762]: Synchronized to time server 91.189.89.198:123 (ntp.ubuntu.com).
May  4 18:29:28 mx01 systemd-timesyncd[762]: Network configuration changed, trying to establish connection.
May  4 18:29:28 mx01 systemd-networkd[1882]: enp0s3: Configured
May  4 18:29:28 mx01 systemd-timesyncd[762]: Synchronized to time server 91.189.89.198:123 (ntp.ubuntu.com).
May  4 18:30:54 mx01 systemd-resolved[851]: Server returned error NXDOMAIN, mitigating potential DNS violation DVE-2018-0001, retrying transaction with reduced feature level UDP.
May  4 18:31:21 mx01 systemd-resolved[851]: Server returned error NXDOMAIN, mitigating potential DNS violation DVE-2018-0001, retrying transaction with reduced feature level UDP.
May  4 18:34:29 mx01 systemd-timesyncd[762]: Network configuration changed, trying to establish connection.
May  4 18:34:29 mx01 systemd-networkd[1882]: enp0s3: Configured
May  4 18:34:29 mx01 systemd-timesyncd[762]: Synchronized to time server 91.189.89.198:123 (ntp.ubuntu.com).
May  4 18:37:57 mx01 systemd[1]: Started Session c1 of user ubuntu.
May  4 18:39:28 mx01 systemd-timesyncd[762]: Network configuration changed, trying to establish connection.
May  4 18:39:28 mx01 systemd-networkd[1882]: enp0s3: Configured
May  4 18:39:28 mx01 systemd-timesyncd[762]: Synchronized to time server 91.189.89.198:123 (ntp.ubuntu.com).
May  4 18:43:34 mx01 snapd[1041]: storehelpers.go:438: cannot refresh snap "core": snap has no updates available
May  4 18:43:34 mx01 snapd[1041]: autorefresh.go:397: auto-refresh: all snaps are up-to-date
May  4 18:44:27 mx01 systemd-networkd[1882]: enp0s3: Configured
May  4 18:44:27 mx01 systemd-timesyncd[762]: Network configuration changed, trying to establish connection.
May  4 18:44:27 mx01 systemd-timesyncd[762]: Synchronized to time server 91.189.89.198:123 (ntp.ubuntu.com).
May  4 18:49:27 mx01 systemd-timesyncd[762]: Network configuration changed, trying to establish connection.
May  4 18:49:27 mx01 systemd-networkd[1882]: enp0s3: Configured
May  4 18:49:27 mx01 systemd-timesyncd[762]: Synchronized to time server 91.189.89.198:123 (ntp.ubuntu.com).
May  4 18:54:26 mx01 systemd-networkd[1882]: enp0s3: Configured
May  4 18:54:26 mx01 systemd-timesyncd[762]: Network configuration changed, trying to establish connection.
May  4 18:54:26 mx01 systemd-timesyncd[762]: Synchronized to time server 91.189.89.198:123 (ntp.ubuntu.com).
May  4 18:59:25 mx01 systemd-timesyncd[762]: Network configuration changed, trying to establish connection.
May  4 18:59:25 mx01 systemd-networkd[1882]: enp0s3: Configured
May  4 18:59:36 mx01 systemd-timesyncd[762]: Timed out waiting for reply from 91.189.89.198:123 (ntp.ubuntu.com).
May  4 18:59:36 mx01 systemd-timesyncd[762]: Synchronized to time server 91.189.91.157:123 (ntp.ubuntu.com).
May  4 19:04:25 mx01 systemd-timesyncd[762]: Network configuration changed, trying to establish connection.
May  4 19:04:25 mx01 systemd-networkd[1882]: enp0s3: Configured
May  4 19:04:25 mx01 systemd-timesyncd[762]: Synchronized to time server 91.189.91.157:123 (ntp.ubuntu.com).
May  4 19:09:25 mx01 systemd-networkd[1882]: enp0s3: Configured
May  4 19:09:25 mx01 systemd-timesyncd[762]: Network configuration changed, trying to establish connection.
May  4 19:09:25 mx01 systemd-timesyncd[762]: Synchronized to time server 91.189.91.157:123 (ntp.ubuntu.com).
May  4 19:14:25 mx01 systemd-timesyncd[762]: Network configuration changed, trying to establish connection.
May  4 19:14:25 mx01 systemd-networkd[1882]: enp0s3: Configured
May  4 19:14:25 mx01 systemd-timesyncd[762]: Synchronized to time server 91.189.91.157:123 (ntp.ubuntu.com).
May  4 19:17:01 mx01 CRON[2676]: (root) CMD (   cd / && run-parts --report /etc/cron.hourly)
May  4 19:19:25 mx01 systemd-timesyncd[762]: Network configuration changed, trying to establish connection.
May  4 19:19:25 mx01 systemd-networkd[1882]: enp0s3: Configured
May  4 19:19:25 mx01 systemd-timesyncd[762]: Synchronized to time server 91.189.91.157:123 (ntp.ubuntu.com).
May  4 19:24:25 mx01 systemd-networkd[1882]: enp0s3: Configured
May  4 19:24:25 mx01 systemd-timesyncd[762]: Network configuration changed, trying to establish connection.
May  4 19:24:25 mx01 systemd-timesyncd[762]: Synchronized to time server 91.189.91.157:123 (ntp.ubuntu.com).
May  4 19:29:26 mx01 systemd-networkd[1882]: enp0s3: Configured
May  4 19:29:26 mx01 systemd-timesyncd[762]: Network configuration changed, trying to establish connection.
May  4 19:29:26 mx01 systemd-timesyncd[762]: Synchronized to time server 91.189.91.157:123 (ntp.ubuntu.com).
May  4 19:34:26 mx01 systemd-networkd[1882]: enp0s3: Configured
May  4 19:34:26 mx01 systemd-timesyncd[762]: Network configuration changed, trying to establish connection.
May  4 19:34:36 mx01 systemd-timesyncd[762]: Timed out waiting for reply from 91.189.91.157:123 (ntp.ubuntu.com).
May  4 19:34:36 mx01 systemd-timesyncd[762]: Synchronized to time server 91.189.89.199:123 (ntp.ubuntu.com).
May  4 19:39:25 mx01 systemd-timesyncd[762]: Network configuration changed, trying to establish connection.
May  4 19:39:25 mx01 systemd-networkd[1882]: enp0s3: Configured
May  4 19:39:26 mx01 systemd-timesyncd[762]: Synchronized to time server 91.189.89.199:123 (ntp.ubuntu.com).
May  4 19:44:26 mx01 systemd-timesyncd[762]: Network configuration changed, trying to establish connection.
May  4 19:44:26 mx01 systemd-networkd[1882]: enp0s3: Configured
May  4 19:44:26 mx01 systemd-timesyncd[762]: Synchronized to time server 91.189.89.199:123 (ntp.ubuntu.com).
May  4 19:49:24 mx01 systemd-timesyncd[762]: Network configuration changed, trying to establish connection.
May  4 19:49:24 mx01 systemd-networkd[1882]: enp0s3: Configured
May  4 19:49:25 mx01 systemd-timesyncd[762]: Synchronized to time server 91.189.89.199:123 (ntp.ubuntu.com).
May  4 19:51:43 mx01 systemd[1]: Stopped Postfix Mail Transport Agent.
May  4 19:51:43 mx01 systemd[1]: Stopping Postfix Mail Transport Agent...
May  4 19:51:43 mx01 systemd[1]: Stopping Postfix Mail Transport Agent (instance -)...
May  4 19:51:43 mx01 postmulti[31778]: /usr/sbin/postconf: warning: /etc/postfix/main.cf: unused parameter: smtp_tls_note_starts_offer=yes
May  4 19:51:43 mx01 postfix/postfix-script[31785]: stopping the Postfix mail system
May  4 19:51:43 mx01 postfix/master[1374]: terminating on signal 15
May  4 19:51:43 mx01 systemd[1]: Stopped Postfix Mail Transport Agent (instance -).
May  4 19:51:43 mx01 systemd[1]: Starting Postfix Mail Transport Agent (instance -)...
May  4 19:51:43 mx01 configure-instance.sh[31788]: postconf: warning: /etc/postfix/main.cf: unused parameter: smtp_tls_note_starts_offer=yes
May  4 19:51:43 mx01 configure-instance.sh[31788]: message repeated 5 times: [ postconf: warning: /etc/postfix/main.cf: unused parameter: smtp_tls_note_starts_offer=yes]
May  4 19:51:43 mx01 postmulti[31843]: /usr/sbin/postconf: warning: /etc/postfix/main.cf: unused parameter: smtp_tls_note_starts_offer=yes
May  4 19:51:43 mx01 postmulti[31843]: message repeated 19 times: [ /usr/sbin/postconf: warning: /etc/postfix/main.cf: unused parameter: smtp_tls_note_starts_offer=yes]
May  4 19:51:43 mx01 postfix/postfix-script[31940]: starting the Postfix mail system
May  4 19:51:43 mx01 postfix/master[31942]: daemon started -- version 3.3.0, configuration /etc/postfix
May  4 19:51:43 mx01 systemd[1]: Started Postfix Mail Transport Agent (instance -).
May  4 19:51:43 mx01 systemd[1]: Starting Postfix Mail Transport Agent...
May  4 19:51:43 mx01 systemd[1]: Started Postfix Mail Transport Agent.
May  4 19:54:24 mx01 systemd-timesyncd[762]: Network configuration changed, trying to establish connection.
May  4 19:54:24 mx01 systemd-networkd[1882]: enp0s3: Configured
May  4 19:54:24 mx01 systemd-timesyncd[762]: Synchronized to time server 91.189.89.199:123 (ntp.ubuntu.com).
May  4 19:59:23 mx01 systemd-timesyncd[762]: Network configuration changed, trying to establish connection.
May  4 19:59:23 mx01 systemd-networkd[1882]: enp0s3: Configured
May  4 19:59:23 mx01 systemd-timesyncd[762]: Synchronized to time server 91.189.89.199:123 (ntp.ubuntu.com).
May  4 20:01:42 mx01 systemd[1]: Stopped Postfix Mail Transport Agent.
May  4 20:01:42 mx01 systemd[1]: Stopping Postfix Mail Transport Agent...
May  4 20:01:42 mx01 systemd[1]: Stopping Postfix Mail Transport Agent (instance -)...
May  4 20:01:42 mx01 postmulti[8045]: /usr/sbin/postconf: warning: /etc/postfix/main.cf: unused parameter: smtp_tls_note_starts_offer=yes
May  4 20:01:42 mx01 postmulti[8045]: /usr/sbin/postconf: warning: /etc/postfix/main.cf: unused parameter: smtpd_tls_file=/etc/ssl/private/server.key
May  4 20:01:42 mx01 postfix/postfix-script[8052]: stopping the Postfix mail system
May  4 20:01:42 mx01 postfix/master[31942]: terminating on signal 15
May  4 20:01:42 mx01 systemd[1]: Stopped Postfix Mail Transport Agent (instance -).
May  4 20:01:42 mx01 systemd[1]: Starting Postfix Mail Transport Agent (instance -)...
May  4 20:01:42 mx01 configure-instance.sh[8055]: postconf: warning: /etc/postfix/main.cf: unused parameter: smtp_tls_note_starts_offer=yes
May  4 20:01:42 mx01 configure-instance.sh[8055]: postconf: warning: /etc/postfix/main.cf: unused parameter: smtpd_tls_file=/etc/ssl/private/server.key
May  4 20:01:42 mx01 configure-instance.sh[8055]: postconf: warning: /etc/postfix/main.cf: unused parameter: smtp_tls_note_starts_offer=yes
May  4 20:01:42 mx01 configure-instance.sh[8055]: postconf: warning: /etc/postfix/main.cf: unused parameter: smtpd_tls_file=/etc/ssl/private/server.key
May  4 20:01:42 mx01 configure-instance.sh[8055]: postconf: warning: /etc/postfix/main.cf: unused parameter: smtp_tls_note_starts_offer=yes
May  4 20:01:42 mx01 configure-instance.sh[8055]: postconf: warning: /etc/postfix/main.cf: unused parameter: smtpd_tls_file=/etc/ssl/private/server.key
May  4 20:01:42 mx01 configure-instance.sh[8055]: postconf: warning: /etc/postfix/main.cf: unused parameter: smtp_tls_note_starts_offer=yes
May  4 20:01:42 mx01 configure-instance.sh[8055]: postconf: warning: /etc/postfix/main.cf: unused parameter: smtpd_tls_file=/etc/ssl/private/server.key
May  4 20:01:42 mx01 configure-instance.sh[8055]: postconf: warning: /etc/postfix/main.cf: unused parameter: smtp_tls_note_starts_offer=yes
May  4 20:01:42 mx01 configure-instance.sh[8055]: postconf: warning: /etc/postfix/main.cf: unused parameter: smtpd_tls_file=/etc/ssl/private/server.key
May  4 20:01:42 mx01 configure-instance.sh[8055]: postconf: warning: /etc/postfix/main.cf: unused parameter: smtp_tls_note_starts_offer=yes
May  4 20:01:42 mx01 configure-instance.sh[8055]: postconf: warning: /etc/postfix/main.cf: unused parameter: smtpd_tls_file=/etc/ssl/private/server.key
May  4 20:01:42 mx01 postmulti[8110]: /usr/sbin/postconf: warning: /etc/postfix/main.cf: unused parameter: smtp_tls_note_starts_offer=yes
May  4 20:01:42 mx01 postmulti[8110]: /usr/sbin/postconf: warning: /etc/postfix/main.cf: unused parameter: smtpd_tls_file=/etc/ssl/private/server.key
May  4 20:01:42 mx01 postmulti[8110]: /usr/sbin/postconf: warning: /etc/postfix/main.cf: unused parameter: smtp_tls_note_starts_offer=yes
May  4 20:01:42 mx01 postmulti[8110]: /usr/sbin/postconf: warning: /etc/postfix/main.cf: unused parameter: smtpd_tls_file=/etc/ssl/private/server.key
May  4 20:01:42 mx01 postmulti[8110]: /usr/sbin/postconf: warning: /etc/postfix/main.cf: unused parameter: smtp_tls_note_starts_offer=yes
May  4 20:01:42 mx01 postmulti[8110]: /usr/sbin/postconf: warning: /etc/postfix/main.cf: unused parameter: smtpd_tls_file=/etc/ssl/private/server.key
May  4 20:01:42 mx01 postmulti[8110]: /usr/sbin/postconf: warning: /etc/postfix/main.cf: unused parameter: smtp_tls_note_starts_offer=yes
May  4 20:01:42 mx01 postmulti[8110]: /usr/sbin/postconf: warning: /etc/postfix/main.cf: unused parameter: smtpd_tls_file=/etc/ssl/private/server.key
May  4 20:01:42 mx01 postmulti[8110]: /usr/sbin/postconf: warning: /etc/postfix/main.cf: unused parameter: smtp_tls_note_starts_offer=yes
May  4 20:01:42 mx01 postmulti[8110]: /usr/sbin/postconf: warning: /etc/postfix/main.cf: unused parameter: smtpd_tls_file=/etc/ssl/private/server.key
May  4 20:01:42 mx01 postmulti[8110]: /usr/sbin/postconf: warning: /etc/postfix/main.cf: unused parameter: smtp_tls_note_starts_offer=yes
May  4 20:01:42 mx01 postmulti[8110]: /usr/sbin/postconf: warning: /etc/postfix/main.cf: unused parameter: smtpd_tls_file=/etc/ssl/private/server.key
May  4 20:01:42 mx01 postmulti[8110]: /usr/sbin/postconf: warning: /etc/postfix/main.cf: unused parameter: smtp_tls_note_starts_offer=yes
May  4 20:01:42 mx01 postmulti[8110]: /usr/sbin/postconf: warning: /etc/postfix/main.cf: unused parameter: smtpd_tls_file=/etc/ssl/private/server.key
May  4 20:01:42 mx01 postmulti[8110]: /usr/sbin/postconf: warning: /etc/postfix/main.cf: unused parameter: smtp_tls_note_starts_offer=yes
May  4 20:01:42 mx01 postmulti[8110]: /usr/sbin/postconf: warning: /etc/postfix/main.cf: unused parameter: smtpd_tls_file=/etc/ssl/private/server.key
May  4 20:01:42 mx01 postmulti[8110]: /usr/sbin/postconf: warning: /etc/postfix/main.cf: unused parameter: smtp_tls_note_starts_offer=yes
May  4 20:01:42 mx01 postmulti[8110]: /usr/sbin/postconf: warning: /etc/postfix/main.cf: unused parameter: smtpd_tls_file=/etc/ssl/private/server.key
May  4 20:01:42 mx01 postmulti[8110]: /usr/sbin/postconf: warning: /etc/postfix/main.cf: unused parameter: smtp_tls_note_starts_offer=yes
May  4 20:01:42 mx01 postmulti[8110]: /usr/sbin/postconf: warning: /etc/postfix/main.cf: unused parameter: smtpd_tls_file=/etc/ssl/private/server.key
May  4 20:01:42 mx01 postmulti[8110]: /usr/sbin/postconf: warning: /etc/postfix/main.cf: unused parameter: smtp_tls_note_starts_offer=yes
May  4 20:01:42 mx01 postmulti[8110]: /usr/sbin/postconf: warning: /etc/postfix/main.cf: unused parameter: smtpd_tls_file=/etc/ssl/private/server.key
May  4 20:01:42 mx01 postmulti[8110]: /usr/sbin/postconf: warning: /etc/postfix/main.cf: unused parameter: smtp_tls_note_starts_offer=yes
May  4 20:01:42 mx01 postmulti[8110]: /usr/sbin/postconf: warning: /etc/postfix/main.cf: unused parameter: smtpd_tls_file=/etc/ssl/private/server.key
May  4 20:01:42 mx01 postmulti[8110]: /usr/sbin/postconf: warning: /etc/postfix/main.cf: unused parameter: smtp_tls_note_starts_offer=yes
May  4 20:01:42 mx01 postmulti[8110]: /usr/sbin/postconf: warning: /etc/postfix/main.cf: unused parameter: smtpd_tls_file=/etc/ssl/private/server.key
May  4 20:01:42 mx01 postmulti[8110]: /usr/sbin/postconf: warning: /etc/postfix/main.cf: unused parameter: smtp_tls_note_starts_offer=yes
May  4 20:01:42 mx01 postmulti[8110]: /usr/sbin/postconf: warning: /etc/postfix/main.cf: unused parameter: smtpd_tls_file=/etc/ssl/private/server.key
May  4 20:01:42 mx01 postmulti[8110]: /usr/sbin/postconf: warning: /etc/postfix/main.cf: unused parameter: smtp_tls_note_starts_offer=yes
May  4 20:01:42 mx01 postmulti[8110]: /usr/sbin/postconf: warning: /etc/postfix/main.cf: unused parameter: smtpd_tls_file=/etc/ssl/private/server.key
May  4 20:01:42 mx01 postmulti[8110]: /usr/sbin/postconf: warning: /etc/postfix/main.cf: unused parameter: smtp_tls_note_starts_offer=yes
May  4 20:01:42 mx01 postmulti[8110]: /usr/sbin/postconf: warning: /etc/postfix/main.cf: unused parameter: smtpd_tls_file=/etc/ssl/private/server.key
May  4 20:01:42 mx01 postmulti[8110]: /usr/sbin/postconf: warning: /etc/postfix/main.cf: unused parameter: smtp_tls_note_starts_offer=yes
May  4 20:01:42 mx01 postmulti[8110]: /usr/sbin/postconf: warning: /etc/postfix/main.cf: unused parameter: smtpd_tls_file=/etc/ssl/private/server.key
May  4 20:01:42 mx01 postmulti[8110]: /usr/sbin/postconf: warning: /etc/postfix/main.cf: unused parameter: smtp_tls_note_starts_offer=yes
May  4 20:01:42 mx01 postmulti[8110]: /usr/sbin/postconf: warning: /etc/postfix/main.cf: unused parameter: smtpd_tls_file=/etc/ssl/private/server.key
May  4 20:01:43 mx01 postmulti[8110]: /usr/sbin/postconf: warning: /etc/postfix/main.cf: unused parameter: smtp_tls_note_starts_offer=yes
May  4 20:01:43 mx01 postmulti[8110]: /usr/sbin/postconf: warning: /etc/postfix/main.cf: unused parameter: smtpd_tls_file=/etc/ssl/private/server.key
May  4 20:01:43 mx01 postmulti[8110]: /usr/sbin/postconf: warning: /etc/postfix/main.cf: unused parameter: smtp_tls_note_starts_offer=yes
May  4 20:01:43 mx01 postmulti[8110]: /usr/sbin/postconf: warning: /etc/postfix/main.cf: unused parameter: smtpd_tls_file=/etc/ssl/private/server.key
May  4 20:01:43 mx01 postfix/postfix-script[8217]: starting the Postfix mail system
May  4 20:01:43 mx01 postfix/master[8221]: daemon started -- version 3.3.0, configuration /etc/postfix
May  4 20:01:43 mx01 systemd[1]: Started Postfix Mail Transport Agent (instance -).
May  4 20:01:43 mx01 systemd[1]: Starting Postfix Mail Transport Agent...
May  4 20:01:43 mx01 systemd[1]: Started Postfix Mail Transport Agent.
May  4 20:04:22 mx01 systemd-networkd[1882]: enp0s3: Configured
May  4 20:04:22 mx01 systemd-timesyncd[762]: Network configuration changed, trying to establish connection.
May  4 20:04:23 mx01 systemd-timesyncd[762]: Synchronized to time server 91.189.89.199:123 (ntp.ubuntu.com).
May  4 20:04:32 mx01 systemd-resolved[851]: Server returned error NXDOMAIN, mitigating potential DNS violation DVE-2018-0001, retrying transaction with reduced feature level UDP.
May  4 20:05:02 mx01 systemd[1]: Reloading.
May  4 20:05:02 mx01 systemd[1]: Starting Daily apt download activities...
May  4 20:05:03 mx01 systemd[1]: Reloading.
May  4 20:05:03 mx01 systemd[1]: Started Daily apt download activities.
May  4 20:05:03 mx01 systemd[1]: Reloading.
May  4 20:05:04 mx01 systemd[1]: Started Dovecot IMAP/POP3 email server.
May  4 20:05:04 mx01 dovecot: master: Dovecot v2.2.33.2 (d6601f4ec) starting up without any protocols (core dumps disabled)
May  4 20:05:04 mx01 dovecot: ssl-params: Generating SSL parameters
May  4 20:05:07 mx01 systemd[1]: Reloading.
May  4 20:05:12 mx01 systemd[1]: Reloading.
May  4 20:05:12 mx01 systemd[1]: Stopping Dovecot IMAP/POP3 email server...
May  4 20:05:12 mx01 dovecot: master: Warning: Killed with signal 15 (by pid=14839 uid=0 code=kill)
