May  6 12:19:50 ldap systemd[1]: Stopping System Logging Service...
May  6 12:19:51 ldap rsyslogd:  [origin software="rsyslogd" swVersion="8.32.0" x-pid="986" x-info="http://www.rsyslog.com"] exiting on signal 15.
May  6 12:19:51 ldap systemd[1]: Stopped System Logging Service.
May  6 12:19:51 ldap systemd[1]: Starting System Logging Service...
May  6 12:19:51 ldap systemd[1]: Started System Logging Service.
May  6 12:19:51 ldap rsyslogd: imuxsock: Acquired UNIX socket '/run/systemd/journal/syslog' (fd 3) from systemd.  [v8.32.0]
May  6 12:19:51 ldap rsyslogd: rsyslogd's groupid changed to 106
May  6 12:19:51 ldap rsyslogd: rsyslogd's userid changed to 102
May  6 12:19:51 ldap rsyslogd:  [origin software="rsyslogd" swVersion="8.32.0" x-pid="6475" x-info="http://www.rsyslog.com"] start
May  6 12:22:08 ldap systemd-networkd[1672]: enp0s3: Configured
May  6 12:22:08 ldap systemd-timesyncd[775]: Network configuration changed, trying to establish connection.
May  6 12:22:09 ldap systemd-timesyncd[775]: Synchronized to time server 91.189.91.157:123 (ntp.ubuntu.com).
May  6 12:27:08 ldap systemd-networkd[1672]: enp0s3: Configured
May  6 12:27:08 ldap systemd-timesyncd[775]: Network configuration changed, trying to establish connection.
May  6 12:27:08 ldap systemd-timesyncd[775]: Synchronized to time server 91.189.91.157:123 (ntp.ubuntu.com).
May  6 12:32:08 ldap systemd-networkd[1672]: enp0s3: Configured
May  6 12:32:08 ldap systemd-timesyncd[775]: Network configuration changed, trying to establish connection.
May  6 12:32:08 ldap systemd-timesyncd[775]: Synchronized to time server 91.189.91.157:123 (ntp.ubuntu.com).
May  6 12:37:09 ldap systemd-networkd[1672]: enp0s3: Configured
May  6 12:37:09 ldap systemd-timesyncd[775]: Network configuration changed, trying to establish connection.
May  6 12:37:09 ldap systemd-timesyncd[775]: Synchronized to time server 91.189.91.157:123 (ntp.ubuntu.com).
May  6 12:42:08 ldap systemd-networkd[1672]: enp0s3: Configured
May  6 12:42:08 ldap systemd-timesyncd[775]: Network configuration changed, trying to establish connection.
May  6 12:42:08 ldap rsyslogd: omfwd: TCPSendBuf error -2027, destruct TCP Connection to 10.10.10.20:514 [v8.32.0 try http://www.rsyslog.com/e/2027 ]
May  6 12:42:08 ldap rsyslogd: action 'action 4' suspended (module 'builtin:omfwd'), retry 0. There should be messages before this one giving the reason for suspension. [v8.32.0 try http://www.rsyslog.com/e/2007 ]
May  6 12:42:08 ldap rsyslogd: action 'action 4' resumed (module 'builtin:omfwd') [v8.32.0 try http://www.rsyslog.com/e/2359 ]
May  6 12:42:08 ldap systemd-timesyncd[775]: Synchronized to time server 91.189.91.157:123 (ntp.ubuntu.com).
May  6 12:47:06 ldap systemd-timesyncd[775]: Network configuration changed, trying to establish connection.
May  6 12:47:07 ldap systemd-networkd[1672]: enp0s3: Configured
May  6 12:47:07 ldap systemd-timesyncd[775]: Synchronized to time server 91.189.91.157:123 (ntp.ubuntu.com).
May  6 12:52:07 ldap systemd-timesyncd[775]: Network configuration changed, trying to establish connection.
May  6 12:52:07 ldap systemd-networkd[1672]: enp0s3: Configured
May  6 12:52:07 ldap systemd-timesyncd[775]: Synchronized to time server 91.189.91.157:123 (ntp.ubuntu.com).
May  6 12:57:06 ldap systemd-timesyncd[775]: Network configuration changed, trying to establish connection.
May  6 12:57:06 ldap systemd-networkd[1672]: enp0s3: Configured
May  6 12:57:06 ldap systemd-timesyncd[775]: Synchronized to time server 91.189.91.157:123 (ntp.ubuntu.com).
May  6 13:02:05 ldap systemd-networkd[1672]: enp0s3: Configured
May  6 13:02:05 ldap systemd-timesyncd[775]: Network configuration changed, trying to establish connection.
May  6 13:02:05 ldap systemd-timesyncd[775]: Synchronized to time server 91.189.91.157:123 (ntp.ubuntu.com).
May  6 13:07:04 ldap systemd-timesyncd[775]: Network configuration changed, trying to establish connection.
May  6 13:07:04 ldap systemd-networkd[1672]: enp0s3: Configured
May  6 13:07:04 ldap systemd-timesyncd[775]: Synchronized to time server 91.189.91.157:123 (ntp.ubuntu.com).
May  6 13:12:03 ldap systemd-timesyncd[775]: Network configuration changed, trying to establish connection.
May  6 13:12:05 ldap systemd-networkd[1672]: enp0s3: Configured
May  6 13:12:05 ldap systemd-timesyncd[775]: Synchronized to time server 91.189.91.157:123 (ntp.ubuntu.com).
May  6 13:17:01 ldap CRON[6539]: (root) CMD (   cd / && run-parts --report /etc/cron.hourly)
May  6 13:17:03 ldap systemd-networkd[1672]: enp0s3: Configured
May  6 13:17:03 ldap systemd-timesyncd[775]: Network configuration changed, trying to establish connection.
May  6 13:17:03 ldap systemd-timesyncd[775]: Synchronized to time server 91.189.91.157:123 (ntp.ubuntu.com).
May  6 13:22:02 ldap systemd-networkd[1672]: enp0s3: Configured
May  6 13:22:02 ldap systemd-timesyncd[775]: Network configuration changed, trying to establish connection.
May  6 13:22:02 ldap systemd-timesyncd[775]: Synchronized to time server 91.189.91.157:123 (ntp.ubuntu.com).
May  6 13:27:02 ldap systemd-networkd[1672]: enp0s3: Configured
May  6 13:27:03 ldap systemd-timesyncd[775]: Network configuration changed, trying to establish connection.
May  6 13:27:03 ldap systemd-timesyncd[775]: Synchronized to time server 91.189.91.157:123 (ntp.ubuntu.com).
May  6 13:32:01 ldap systemd-timesyncd[775]: Network configuration changed, trying to establish connection.
May  6 13:32:01 ldap systemd-networkd[1672]: enp0s3: Configured
May  6 13:32:01 ldap systemd-timesyncd[775]: Synchronized to time server 91.189.91.157:123 (ntp.ubuntu.com).
May  6 13:37:02 ldap systemd-networkd[1672]: enp0s3: Configured
May  6 13:37:03 ldap systemd-timesyncd[775]: Network configuration changed, trying to establish connection.
May  6 13:37:03 ldap systemd-timesyncd[775]: Synchronized to time server 91.189.91.157:123 (ntp.ubuntu.com).
May  6 13:42:02 ldap systemd-timesyncd[775]: Network configuration changed, trying to establish connection.
May  6 13:42:02 ldap systemd-networkd[1672]: enp0s3: Configured
May  6 13:42:02 ldap systemd-timesyncd[775]: Synchronized to time server 91.189.91.157:123 (ntp.ubuntu.com).
May  6 13:47:01 ldap systemd-networkd[1672]: enp0s3: Configured
May  6 13:47:01 ldap systemd-timesyncd[775]: Network configuration changed, trying to establish connection.
May  6 13:47:02 ldap systemd-timesyncd[775]: Synchronized to time server 91.189.91.157:123 (ntp.ubuntu.com).
May  6 13:52:01 ldap systemd-timesyncd[775]: Network configuration changed, trying to establish connection.
May  6 13:52:01 ldap systemd-networkd[1672]: enp0s3: Configured
May  6 13:52:01 ldap systemd-timesyncd[775]: Synchronized to time server 91.189.91.157:123 (ntp.ubuntu.com).
May  6 13:57:00 ldap systemd-timesyncd[775]: Network configuration changed, trying to establish connection.
May  6 13:57:00 ldap systemd-networkd[1672]: enp0s3: Configured
May  6 13:57:00 ldap systemd-timesyncd[775]: Synchronized to time server 91.189.91.157:123 (ntp.ubuntu.com).
May  6 14:01:59 ldap systemd-timesyncd[775]: Network configuration changed, trying to establish connection.
May  6 14:01:59 ldap systemd-networkd[1672]: enp0s3: Configured
May  6 14:01:59 ldap systemd-timesyncd[775]: Synchronized to time server 91.189.91.157:123 (ntp.ubuntu.com).
May  6 14:06:58 ldap systemd-timesyncd[775]: Network configuration changed, trying to establish connection.
May  6 14:06:58 ldap systemd-networkd[1672]: enp0s3: Configured
May  6 14:06:58 ldap systemd-timesyncd[775]: Synchronized to time server 91.189.91.157:123 (ntp.ubuntu.com).
May  6 14:11:56 ldap systemd-timesyncd[775]: Network configuration changed, trying to establish connection.
May  6 14:11:56 ldap systemd-networkd[1672]: enp0s3: Configured
May  6 14:11:56 ldap systemd-timesyncd[775]: Synchronized to time server 91.189.91.157:123 (ntp.ubuntu.com).
May  6 14:16:55 ldap systemd-timesyncd[775]: Network configuration changed, trying to establish connection.
May  6 14:16:55 ldap systemd-networkd[1672]: enp0s3: Configured
May  6 14:16:56 ldap systemd-timesyncd[775]: Synchronized to time server 91.189.91.157:123 (ntp.ubuntu.com).
May  6 14:17:01 ldap CRON[6575]: (root) CMD (   cd / && run-parts --report /etc/cron.hourly)
May  6 14:21:54 ldap systemd-timesyncd[775]: Network configuration changed, trying to establish connection.
May  6 14:21:54 ldap systemd-networkd[1672]: enp0s3: Configured
May  6 14:21:55 ldap systemd-timesyncd[775]: Synchronized to time server 91.189.91.157:123 (ntp.ubuntu.com).
May  6 14:26:55 ldap systemd-timesyncd[775]: Network configuration changed, trying to establish connection.
May  6 14:26:55 ldap systemd-networkd[1672]: enp0s3: Configured
May  6 14:26:55 ldap systemd-timesyncd[775]: Synchronized to time server 91.189.91.157:123 (ntp.ubuntu.com).
May  6 14:31:54 ldap systemd-networkd[1672]: enp0s3: Configured
May  6 14:31:54 ldap systemd-timesyncd[775]: Network configuration changed, trying to establish connection.
May  6 14:31:54 ldap systemd-timesyncd[775]: Synchronized to time server 91.189.91.157:123 (ntp.ubuntu.com).
May  6 14:36:54 ldap systemd-networkd[1672]: enp0s3: Configured
May  6 14:36:54 ldap systemd-timesyncd[775]: Network configuration changed, trying to establish connection.
May  6 14:36:54 ldap systemd-timesyncd[775]: Synchronized to time server 91.189.91.157:123 (ntp.ubuntu.com).
May  6 14:41:54 ldap systemd-timesyncd[775]: Network configuration changed, trying to establish connection.
May  6 14:41:54 ldap systemd-networkd[1672]: enp0s3: Configured
May  6 14:41:54 ldap systemd-timesyncd[775]: Synchronized to time server 91.189.91.157:123 (ntp.ubuntu.com).
May  6 14:46:54 ldap systemd-timesyncd[775]: Network configuration changed, trying to establish connection.
May  6 14:46:54 ldap systemd-networkd[1672]: enp0s3: Configured
May  6 14:46:54 ldap systemd-timesyncd[775]: Synchronized to time server 91.189.91.157:123 (ntp.ubuntu.com).
May  6 14:51:55 ldap systemd-timesyncd[775]: Network configuration changed, trying to establish connection.
May  6 14:51:55 ldap systemd-networkd[1672]: enp0s3: Configured
May  6 14:51:55 ldap systemd-timesyncd[775]: Synchronized to time server 91.189.91.157:123 (ntp.ubuntu.com).
May  6 14:56:53 ldap systemd-networkd[1672]: enp0s3: Configured
May  6 14:56:53 ldap systemd-timesyncd[775]: Network configuration changed, trying to establish connection.
May  6 14:56:53 ldap systemd-timesyncd[775]: Synchronized to time server 91.189.91.157:123 (ntp.ubuntu.com).
May  6 15:01:52 ldap systemd-timesyncd[775]: Network configuration changed, trying to establish connection.
May  6 15:01:52 ldap systemd-networkd[1672]: enp0s3: Configured
May  6 15:01:52 ldap systemd-timesyncd[775]: Synchronized to time server 91.189.91.157:123 (ntp.ubuntu.com).
May  6 15:06:52 ldap systemd-networkd[1672]: enp0s3: Configured
May  6 15:06:52 ldap systemd-timesyncd[775]: Network configuration changed, trying to establish connection.
May  6 15:06:52 ldap systemd-timesyncd[775]: Synchronized to time server 91.189.91.157:123 (ntp.ubuntu.com).
May  6 15:11:51 ldap systemd-networkd[1672]: enp0s3: Configured
May  6 15:11:52 ldap systemd-timesyncd[775]: Network configuration changed, trying to establish connection.
May  6 15:11:52 ldap systemd-timesyncd[775]: Synchronized to time server 91.189.91.157:123 (ntp.ubuntu.com).
May  6 15:16:51 ldap systemd-timesyncd[775]: Network configuration changed, trying to establish connection.
May  6 15:16:51 ldap systemd-networkd[1672]: enp0s3: Configured
May  6 15:16:51 ldap systemd-timesyncd[775]: Synchronized to time server 91.189.91.157:123 (ntp.ubuntu.com).
May  6 15:17:01 ldap CRON[6608]: (root) CMD (   cd / && run-parts --report /etc/cron.hourly)
May  6 15:21:51 ldap systemd-timesyncd[775]: Network configuration changed, trying to establish connection.
May  6 15:21:51 ldap systemd-networkd[1672]: enp0s3: Configured
May  6 15:21:51 ldap systemd-timesyncd[775]: Synchronized to time server 91.189.91.157:123 (ntp.ubuntu.com).
May  6 15:26:50 ldap systemd-timesyncd[775]: Network configuration changed, trying to establish connection.
May  6 15:26:50 ldap systemd-networkd[1672]: enp0s3: Configured
May  6 15:26:50 ldap systemd-timesyncd[775]: Synchronized to time server 91.189.91.157:123 (ntp.ubuntu.com).
May  6 15:31:50 ldap systemd-timesyncd[775]: Network configuration changed, trying to establish connection.
May  6 15:31:50 ldap systemd-networkd[1672]: enp0s3: Configured
May  6 15:31:50 ldap systemd-timesyncd[775]: Synchronized to time server 91.189.91.157:123 (ntp.ubuntu.com).
May  6 15:36:49 ldap systemd-timesyncd[775]: Network configuration changed, trying to establish connection.
May  6 15:36:49 ldap systemd-networkd[1672]: enp0s3: Configured
May  6 15:36:49 ldap systemd-timesyncd[775]: Synchronized to time server 91.189.91.157:123 (ntp.ubuntu.com).
May  6 15:41:49 ldap systemd-timesyncd[775]: Network configuration changed, trying to establish connection.
May  6 15:41:49 ldap systemd-networkd[1672]: enp0s3: Configured
May  6 15:41:49 ldap systemd-timesyncd[775]: Synchronized to time server 91.189.91.157:123 (ntp.ubuntu.com).
May  6 15:46:48 ldap systemd-timesyncd[775]: Network configuration changed, trying to establish connection.
May  6 15:46:48 ldap systemd-networkd[1672]: enp0s3: Configured
May  6 15:46:49 ldap systemd-timesyncd[775]: Synchronized to time server 91.189.91.157:123 (ntp.ubuntu.com).
May  6 15:51:48 ldap systemd-networkd[1672]: enp0s3: Configured
May  6 15:51:48 ldap systemd-timesyncd[775]: Network configuration changed, trying to establish connection.
May  6 15:51:48 ldap systemd-timesyncd[775]: Synchronized to time server 91.189.91.157:123 (ntp.ubuntu.com).
May  6 15:56:47 ldap systemd-timesyncd[775]: Network configuration changed, trying to establish connection.
May  6 15:56:47 ldap systemd-networkd[1672]: enp0s3: Configured
May  6 15:56:47 ldap systemd-timesyncd[775]: Synchronized to time server 91.189.91.157:123 (ntp.ubuntu.com).
May  6 16:01:46 ldap systemd-timesyncd[775]: Network configuration changed, trying to establish connection.
May  6 16:01:46 ldap systemd-networkd[1672]: enp0s3: Configured
May  6 16:01:46 ldap systemd-timesyncd[775]: Synchronized to time server 91.189.91.157:123 (ntp.ubuntu.com).
May  6 16:06:46 ldap systemd-networkd[1672]: enp0s3: Configured
May  6 16:06:46 ldap rsyslogd: omfwd: TCPSendBuf error -2027, destruct TCP Connection to 10.10.10.20:514 [v8.32.0 try http://www.rsyslog.com/e/2027 ]
May  6 16:06:46 ldap rsyslogd: action 'action 4' suspended (module 'builtin:omfwd'), retry 0. There should be messages before this one giving the reason for suspension. [v8.32.0 try http://www.rsyslog.com/e/2007 ]
May  6 16:06:46 ldap rsyslogd: action 'action 4' resumed (module 'builtin:omfwd') [v8.32.0 try http://www.rsyslog.com/e/2359 ]
May  6 16:06:46 ldap systemd-timesyncd[775]: Synchronized to time server 91.189.91.157:123 (ntp.ubuntu.com).
May  6 16:11:46 ldap systemd-timesyncd[775]: Network configuration changed, trying to establish connection.
May  6 16:11:46 ldap systemd-networkd[1672]: enp0s3: Configured
May  6 16:11:46 ldap systemd-timesyncd[775]: Synchronized to time server 91.189.91.157:123 (ntp.ubuntu.com).
May  6 16:16:44 ldap systemd-timesyncd[775]: Network configuration changed, trying to establish connection.
May  6 16:16:45 ldap systemd-networkd[1672]: enp0s3: Configured
May  6 16:16:45 ldap systemd-timesyncd[775]: Synchronized to time server 91.189.91.157:123 (ntp.ubuntu.com).
May  6 16:17:01 ldap CRON[6640]: (root) CMD (   cd / && run-parts --report /etc/cron.hourly)
May  6 16:21:45 ldap systemd-timesyncd[775]: Network configuration changed, trying to establish connection.
May  6 16:21:45 ldap systemd-networkd[1672]: enp0s3: Configured
May  6 16:21:45 ldap systemd-timesyncd[775]: Synchronized to time server 91.189.91.157:123 (ntp.ubuntu.com).
May  6 16:26:44 ldap systemd-timesyncd[775]: Network configuration changed, trying to establish connection.
May  6 16:26:44 ldap systemd-networkd[1672]: enp0s3: Configured
May  6 16:26:44 ldap systemd-timesyncd[775]: Synchronized to time server 91.189.91.157:123 (ntp.ubuntu.com).
May  6 16:31:44 ldap systemd-networkd[1672]: enp0s3: Configured
May  6 16:31:44 ldap systemd-timesyncd[775]: Network configuration changed, trying to establish connection.
May  6 16:31:44 ldap systemd-timesyncd[775]: Synchronized to time server 91.189.91.157:123 (ntp.ubuntu.com).
May  6 16:36:43 ldap systemd-timesyncd[775]: Network configuration changed, trying to establish connection.
May  6 16:36:43 ldap systemd-networkd[1672]: enp0s3: Configured
May  6 16:36:43 ldap systemd-timesyncd[775]: Synchronized to time server 91.189.91.157:123 (ntp.ubuntu.com).
May  7 13:01:11 ldap kernel: [    0.000000] Linux version 4.15.0-99-generic (buildd@lcy01-amd64-013) (gcc version 7.5.0 (Ubuntu 7.5.0-3ubuntu1~18.04)) #100-Ubuntu SMP Wed Apr 22 20:32:56 UTC 2020 (Ubuntu 4.15.0-99.100-generic 4.15.18)
May  7 13:01:11 ldap kernel: [    0.000000] Command line: BOOT_IMAGE=/boot/vmlinuz-4.15.0-99-generic root=UUID=74dc28ba-19e6-402b-8af1-1adfc026bd47 ro maybe-ubiquity
May  7 13:01:11 ldap kernel: [    0.000000] KERNEL supported cpus:
May  7 13:01:11 ldap kernel: [    0.000000]   Intel GenuineIntel
May  7 13:01:11 ldap kernel: [    0.000000]   AMD AuthenticAMD
May  7 13:01:11 ldap kernel: [    0.000000]   Centaur CentaurHauls
May  7 13:01:11 ldap kernel: [    0.000000] x86/fpu: Supporting XSAVE feature 0x001: 'x87 floating point registers'
May  7 13:01:11 ldap kernel: [    0.000000] x86/fpu: Supporting XSAVE feature 0x002: 'SSE registers'
May  7 13:01:11 ldap kernel: [    0.000000] x86/fpu: Supporting XSAVE feature 0x004: 'AVX registers'
May  7 13:01:11 ldap kernel: [    0.000000] x86/fpu: xstate_offset[2]:  576, xstate_sizes[2]:  256
May  7 13:01:11 ldap kernel: [    0.000000] x86/fpu: Enabled xstate features 0x7, context size is 832 bytes, using 'standard' format.
May  7 13:01:11 ldap kernel: [    0.000000] e820: BIOS-provided physical RAM map:
May  7 13:01:11 ldap kernel: [    0.000000] BIOS-e820: [mem 0x0000000000000000-0x000000000009fbff] usable
May  7 13:01:11 ldap kernel: [    0.000000] BIOS-e820: [mem 0x000000000009fc00-0x000000000009ffff] reserved
May  7 13:01:11 ldap kernel: [    0.000000] BIOS-e820: [mem 0x00000000000f0000-0x00000000000fffff] reserved
May  7 13:01:11 ldap kernel: [    0.000000] BIOS-e820: [mem 0x0000000000100000-0x000000001ffeffff] usable
May  7 13:01:11 ldap kernel: [    0.000000] BIOS-e820: [mem 0x000000001fff0000-0x000000001fffffff] ACPI data
May  7 13:01:11 ldap kernel: [    0.000000] BIOS-e820: [mem 0x00000000fec00000-0x00000000fec00fff] reserved
May  7 13:01:11 ldap kernel: [    0.000000] BIOS-e820: [mem 0x00000000fee00000-0x00000000fee00fff] reserved
May  7 13:01:11 ldap kernel: [    0.000000] BIOS-e820: [mem 0x00000000fffc0000-0x00000000ffffffff] reserved
May  7 13:01:11 ldap kernel: [    0.000000] NX (Execute Disable) protection: active
May  7 13:01:11 ldap kernel: [    0.000000] SMBIOS 2.5 present.
May  7 13:01:11 ldap kernel: [    0.000000] DMI: innotek GmbH VirtualBox/VirtualBox, BIOS VirtualBox 12/01/2006
May  7 13:01:11 ldap kernel: [    0.000000] Hypervisor detected: KVM
May  7 13:01:11 ldap kernel: [    0.000000] e820: update [mem 0x00000000-0x00000fff] usable ==> reserved
May  7 13:01:11 ldap kernel: [    0.000000] e820: remove [mem 0x000a0000-0x000fffff] usable
May  7 13:01:11 ldap kernel: [    0.000000] e820: last_pfn = 0x1fff0 max_arch_pfn = 0x400000000
May  7 13:01:11 ldap kernel: [    0.000000] MTRR default type: uncachable
May  7 13:01:11 ldap kernel: [    0.000000] MTRR variable ranges disabled:
May  7 13:01:11 ldap kernel: [    0.000000] MTRR: Disabled
May  7 13:01:11 ldap kernel: [    0.000000] x86/PAT: MTRRs disabled, skipping PAT initialization too.
May  7 13:01:11 ldap kernel: [    0.000000] CPU MTRRs all blank - virtualized system.
May  7 13:01:11 ldap kernel: [    0.000000] x86/PAT: Configuration [0-7]: WB  WT  UC- UC  WB  WT  UC- UC  
May  7 13:01:11 ldap kernel: [    0.000000] found SMP MP-table at [mem 0x0009fff0-0x0009ffff]
May  7 13:01:11 ldap kernel: [    0.000000] Scanning 1 areas for low memory corruption
May  7 13:01:11 ldap kernel: [    0.000000] BRK [0x0a591000, 0x0a591fff] PGTABLE
May  7 13:01:11 ldap kernel: [    0.000000] BRK [0x0a592000, 0x0a592fff] PGTABLE
May  7 13:01:11 ldap kernel: [    0.000000] BRK [0x0a593000, 0x0a593fff] PGTABLE
May  7 13:01:11 ldap kernel: [    0.000000] BRK [0x0a594000, 0x0a594fff] PGTABLE
May  7 13:01:11 ldap kernel: [    0.000000] BRK [0x0a595000, 0x0a595fff] PGTABLE
May  7 13:01:11 ldap kernel: [    0.000000] RAMDISK: [mem 0x1b42a000-0x1eb5efff]
May  7 13:01:11 ldap kernel: [    0.000000] ACPI: Early table checksum verification disabled
May  7 13:01:11 ldap kernel: [    0.000000] ACPI: RSDP 0x00000000000E0000 000024 (v02 VBOX  )
May  7 13:01:11 ldap kernel: [    0.000000] ACPI: XSDT 0x000000001FFF0030 00003C (v01 VBOX   VBOXXSDT 00000001 ASL  00000061)
May  7 13:01:11 ldap kernel: [    0.000000] ACPI: FACP 0x000000001FFF00F0 0000F4 (v04 VBOX   VBOXFACP 00000001 ASL  00000061)
May  7 13:01:11 ldap kernel: [    0.000000] ACPI: DSDT 0x000000001FFF0470 0022EA (v02 VBOX   VBOXBIOS 00000002 INTL 20100528)
May  7 13:01:11 ldap kernel: [    0.000000] ACPI: FACS 0x000000001FFF0200 000040
May  7 13:01:11 ldap kernel: [    0.000000] ACPI: FACS 0x000000001FFF0200 000040
May  7 13:01:11 ldap kernel: [    0.000000] ACPI: APIC 0x000000001FFF0240 000054 (v02 VBOX   VBOXAPIC 00000001 ASL  00000061)
May  7 13:01:11 ldap kernel: [    0.000000] ACPI: SSDT 0x000000001FFF02A0 0001CC (v01 VBOX   VBOXCPUT 00000002 INTL 20100528)
May  7 13:01:11 ldap kernel: [    0.000000] ACPI: Local APIC address 0xfee00000
May  7 13:01:11 ldap kernel: [    0.000000] No NUMA configuration found
May  7 13:01:11 ldap kernel: [    0.000000] Faking a node at [mem 0x0000000000000000-0x000000001ffeffff]
May  7 13:01:11 ldap kernel: [    0.000000] NODE_DATA(0) allocated [mem 0x1ffc5000-0x1ffeffff]
May  7 13:01:11 ldap kernel: [    0.000000] kvm-clock: cpu 0, msr 0:1ff44001, primary cpu clock
May  7 13:01:11 ldap kernel: [    0.000000] kvm-clock: Using msrs 4b564d01 and 4b564d00
May  7 13:01:11 ldap kernel: [    0.000000] kvm-clock: using sched offset of 7424792221 cycles
May  7 13:01:11 ldap kernel: [    0.000000] clocksource: kvm-clock: mask: 0xffffffffffffffff max_cycles: 0x1cd42e4dffb, max_idle_ns: 881590591483 ns
May  7 13:01:11 ldap kernel: [    0.000000] Zone ranges:
May  7 13:01:11 ldap kernel: [    0.000000]   DMA      [mem 0x0000000000001000-0x0000000000ffffff]
May  7 13:01:11 ldap kernel: [    0.000000]   DMA32    [mem 0x0000000001000000-0x000000001ffeffff]
May  7 13:01:11 ldap kernel: [    0.000000]   Normal   empty
May  7 13:01:11 ldap kernel: [    0.000000]   Device   empty
May  7 13:01:11 ldap kernel: [    0.000000] Movable zone start for each node
May  7 13:01:11 ldap kernel: [    0.000000] Early memory node ranges
May  7 13:01:11 ldap kernel: [    0.000000]   node   0: [mem 0x0000000000001000-0x000000000009efff]
May  7 13:01:11 ldap kernel: [    0.000000]   node   0: [mem 0x0000000000100000-0x000000001ffeffff]
May  7 13:01:11 ldap kernel: [    0.000000] Reserved but unavailable: 98 pages
May  7 13:01:11 ldap kernel: [    0.000000] Initmem setup node 0 [mem 0x0000000000001000-0x000000001ffeffff]
May  7 13:01:11 ldap systemd[1]: Started Set the console keyboard layout.
May  7 13:01:11 ldap systemd-modules-load[396]: Inserted module 'iscsi_tcp'
May  7 13:01:11 ldap systemd[1]: Started Create Static Device Nodes in /dev.
May  7 13:01:11 ldap systemd[1]: Starting udev Kernel Device Manager...
May  7 13:01:11 ldap systemd-modules-load[396]: Inserted module 'ib_iser'
May  7 13:01:11 ldap systemd[1]: Started Load Kernel Modules.
May  7 13:01:11 ldap systemd[1]: Mounting FUSE Control File System...
May  7 13:01:11 ldap systemd[1]: Mounting Kernel Configuration File System...
May  7 13:01:11 ldap systemd[1]: Starting Apply Kernel Variables...
May  7 13:01:11 ldap systemd[1]: Mounted Kernel Configuration File System.
May  7 13:01:11 ldap systemd[1]: Mounted FUSE Control File System.
May  7 13:01:11 ldap systemd[1]: Started Monitoring of LVM2 mirrors, snapshots etc. using dmeventd or progress polling.
May  7 13:01:11 ldap systemd[1]: Reached target Local File Systems (Pre).
May  7 13:01:11 ldap systemd[1]: Started udev Kernel Device Manager.
May  7 13:01:11 ldap systemd[1]: Started Dispatch Password Requests to Console Directory Watch.
May  7 13:01:11 ldap systemd[1]: Reached target Local Encrypted Volumes.
May  7 13:01:11 ldap systemd[1]: Started Apply Kernel Variables.
May  7 13:01:11 ldap systemd-udevd[434]: link_config: autonegotiation is unset or enabled, the speed and duplex are not writable.
May  7 13:01:11 ldap systemd-udevd[432]: link_config: autonegotiation is unset or enabled, the speed and duplex are not writable.
May  7 13:01:11 ldap systemd[1]: Listening on Load/Save RF Kill Switch Status /dev/rfkill Watch.
May  7 13:01:11 ldap systemd[1]: Reached target Sound Card.
May  7 13:01:11 ldap systemd[1]: Found device VBOX_HARDDISK 6.
May  7 13:01:11 ldap systemd[1]: Mounting /work...
May  7 13:01:11 ldap systemd[1]: Found device VBOX_HARDDISK 7.
May  7 13:01:11 ldap systemd[1]: Activating swap /dev/disk/by-uuid/e75c76ba-34f5-48d7-b430-6fa9c2afe3e6...
May  7 13:01:11 ldap systemd[1]: Mounted /work.
May  7 13:01:11 ldap systemd[1]: Activated swap /dev/disk/by-uuid/e75c76ba-34f5-48d7-b430-6fa9c2afe3e6.
May  7 13:01:11 ldap systemd[1]: Reached target Swap.
May  7 13:01:11 ldap systemd[1]: Found device VBOX_HARDDISK 5.
May  7 13:01:11 ldap systemd[1]: Mounting /home...
May  7 13:01:11 ldap systemd[1]: Mounted /home.
May  7 13:01:11 ldap systemd[1]: Found device VBOX_HARDDISK 3.
May  7 13:01:11 ldap systemd[1]: Mounting /var...
May  7 13:01:11 ldap systemd[1]: Mounted /var.
May  7 13:01:11 ldap systemd[1]: Mounting Mount unit for core, revision 9066...
May  7 13:01:11 ldap systemd[1]: Starting Load/Save Random Seed...
May  7 13:01:11 ldap systemd[1]: Starting Flush Journal to Persistent Storage...
May  7 13:01:11 ldap systemd[1]: Mounting Mount unit for core, revision 8268...
May  7 13:01:11 ldap systemd[1]: Found device VBOX_HARDDISK 4.
May  7 13:01:11 ldap systemd[1]: Started Load/Save Random Seed.
May  7 13:01:11 ldap systemd[1]: Mounting /tmp...
May  7 13:01:11 ldap systemd[1]: Mounted Mount unit for core, revision 9066.
May  7 13:01:11 ldap systemd[1]: Mounted Mount unit for core, revision 8268.
May  7 13:01:11 ldap systemd[1]: Mounted /tmp.
May  7 13:01:11 ldap systemd[1]: Reached target Local File Systems.
May  7 13:01:11 ldap systemd[1]: Starting Set console font and keymap...
May  7 13:01:11 ldap systemd[1]: Starting AppArmor initialization...
May  7 13:01:11 ldap systemd[1]: Starting Tell Plymouth To Write Out Runtime Data...
May  7 13:01:11 ldap systemd[1]: Starting ebtables ruleset management...
May  7 13:01:11 ldap systemd[1]: Started Set console font and keymap.
May  7 13:01:11 ldap systemd[1]: Started Tell Plymouth To Write Out Runtime Data.
May  7 13:01:11 ldap systemd[1]: Started Flush Journal to Persistent Storage.
May  7 13:01:11 ldap systemd[1]: Starting Create Volatile Files and Directories...
May  7 13:01:11 ldap apparmor[597]:  * Starting AppArmor profiles
May  7 13:01:11 ldap systemd[1]: Started Create Volatile Files and Directories.
May  7 13:01:11 ldap systemd[1]: Starting Update UTMP about System Boot/Shutdown...
May  7 13:01:11 ldap systemd[1]: Starting Network Time Synchronization...
May  7 13:01:11 ldap systemd[1]: Started ebtables ruleset management.
May  7 13:01:11 ldap systemd[1]: Started Update UTMP about System Boot/Shutdown.
May  7 13:01:11 ldap systemd[1]: Started Network Time Synchronization.
May  7 13:01:11 ldap systemd[1]: Reached target System Time Synchronized.
May  7 13:01:11 ldap apparmor[597]: Skipping profile in /etc/apparmor.d/disable: usr.sbin.rsyslogd
May  7 13:01:11 ldap apparmor[597]:    ...done.
May  7 13:01:11 ldap systemd[1]: Started AppArmor initialization.
May  7 13:01:11 ldap systemd[1]: Starting Initial cloud-init job (pre-networking)...
May  7 13:01:11 ldap cloud-init[738]: Cloud-init v. 19.4-33-gbb4131a2-0ubuntu1~18.04.1 running 'init-local' at Thu, 07 May 2020 13:01:03 +0000. Up 19.32 seconds.
May  7 13:01:11 ldap systemd[1]: Started Initial cloud-init job (pre-networking).
May  7 13:01:11 ldap systemd[1]: Reached target Network (Pre).
May  7 13:01:11 ldap systemd[1]: Starting Network Service...
May  7 13:01:11 ldap systemd-networkd[770]: Enumeration completed
May  7 13:01:11 ldap systemd[1]: Started Network Service.
May  7 13:01:11 ldap systemd[1]: Starting Network Name Resolution...
May  7 13:01:11 ldap kernel: [    0.000000] On node 0 totalpages: 130958
May  7 13:01:11 ldap kernel: [    0.000000]   DMA zone: 64 pages used for memmap
May  7 13:01:11 ldap kernel: [    0.000000]   DMA zone: 21 pages reserved
May  7 13:01:11 ldap kernel: [    0.000000]   DMA zone: 3998 pages, LIFO batch:0
May  7 13:01:11 ldap kernel: [    0.000000]   DMA32 zone: 1984 pages used for memmap
May  7 13:01:11 ldap kernel: [    0.000000]   DMA32 zone: 126960 pages, LIFO batch:31
May  7 13:01:11 ldap kernel: [    0.000000] ACPI: PM-Timer IO Port: 0x4008
May  7 13:01:11 ldap kernel: [    0.000000] ACPI: Local APIC address 0xfee00000
May  7 13:01:11 ldap kernel: [    0.000000] IOAPIC[0]: apic_id 1, version 32, address 0xfec00000, GSI 0-23
May  7 13:01:11 ldap kernel: [    0.000000] ACPI: INT_SRC_OVR (bus 0 bus_irq 0 global_irq 2 dfl dfl)
May  7 13:01:11 ldap kernel: [    0.000000] ACPI: INT_SRC_OVR (bus 0 bus_irq 9 global_irq 9 low level)
May  7 13:01:11 ldap kernel: [    0.000000] ACPI: IRQ0 used by override.
May  7 13:01:11 ldap kernel: [    0.000000] ACPI: IRQ9 used by override.
May  7 13:01:11 ldap kernel: [    0.000000] Using ACPI (MADT) for SMP configuration information
May  7 13:01:11 ldap kernel: [    0.000000] smpboot: Allowing 1 CPUs, 0 hotplug CPUs
May  7 13:01:11 ldap kernel: [    0.000000] PM: Registered nosave memory: [mem 0x00000000-0x00000fff]
May  7 13:01:11 ldap kernel: [    0.000000] PM: Registered nosave memory: [mem 0x0009f000-0x0009ffff]
May  7 13:01:11 ldap kernel: [    0.000000] PM: Registered nosave memory: [mem 0x000a0000-0x000effff]
May  7 13:01:11 ldap kernel: [    0.000000] PM: Registered nosave memory: [mem 0x000f0000-0x000fffff]
May  7 13:01:11 ldap kernel: [    0.000000] e820: [mem 0x20000000-0xfebfffff] available for PCI devices
May  7 13:01:11 ldap kernel: [    0.000000] Booting paravirtualized kernel on KVM
May  7 13:01:11 ldap kernel: [    0.000000] clocksource: refined-jiffies: mask: 0xffffffff max_cycles: 0xffffffff, max_idle_ns: 7645519600211568 ns
May  7 13:01:11 ldap kernel: [    0.000000] random: get_random_bytes called from start_kernel+0x99/0x4fd with crng_init=0
May  7 13:01:11 ldap kernel: [    0.000000] setup_percpu: NR_CPUS:8192 nr_cpumask_bits:1 nr_cpu_ids:1 nr_node_ids:1
May  7 13:01:11 ldap kernel: [    0.000000] percpu: Embedded 45 pages/cpu s147456 r8192 d28672 u2097152
May  7 13:01:11 ldap kernel: [    0.000000] pcpu-alloc: s147456 r8192 d28672 u2097152 alloc=1*2097152
May  7 13:01:11 ldap kernel: [    0.000000] pcpu-alloc: [0] 0 
May  7 13:01:11 ldap kernel: [    0.000000] PV qspinlock hash table entries: 256 (order: 0, 4096 bytes)
May  7 13:01:11 ldap kernel: [    0.000000] Built 1 zonelists, mobility grouping on.  Total pages: 128889
May  7 13:01:11 ldap kernel: [    0.000000] Policy zone: DMA32
May  7 13:01:11 ldap kernel: [    0.000000] Kernel command line: BOOT_IMAGE=/boot/vmlinuz-4.15.0-99-generic root=UUID=74dc28ba-19e6-402b-8af1-1adfc026bd47 ro maybe-ubiquity
May  7 13:01:11 ldap kernel: [    0.000000] Calgary: detecting Calgary via BIOS EBDA area
May  7 13:01:11 ldap kernel: [    0.000000] Calgary: Unable to locate Rio Grande table in EBDA - bailing!
May  7 13:01:11 ldap kernel: [    0.000000] Memory: 429820K/523832K available (12300K kernel code, 2481K rwdata, 4268K rodata, 2432K init, 2712K bss, 94012K reserved, 0K cma-reserved)
May  7 13:01:11 ldap kernel: [    0.000000] SLUB: HWalign=64, Order=0-3, MinObjects=0, CPUs=1, Nodes=1
May  7 13:01:11 ldap kernel: [    0.000000] Kernel/User page tables isolation: enabled
May  7 13:01:11 ldap kernel: [    0.000000] ftrace: allocating 39364 entries in 154 pages
May  7 13:01:11 ldap kernel: [    0.004000] Hierarchical RCU implementation.
May  7 13:01:11 ldap kernel: [    0.004000] #011RCU restricting CPUs from NR_CPUS=8192 to nr_cpu_ids=1.
May  7 13:01:11 ldap kernel: [    0.004000] #011Tasks RCU enabled.
May  7 13:01:11 ldap kernel: [    0.004000] RCU: Adjusting geometry for rcu_fanout_leaf=16, nr_cpu_ids=1
May  7 13:01:11 ldap kernel: [    0.004000] NR_IRQS: 524544, nr_irqs: 256, preallocated irqs: 16
May  7 13:01:11 ldap kernel: [    0.004000] Console: colour VGA+ 80x25
May  7 13:01:11 ldap kernel: [    0.004000] console [tty0] enabled
May  7 13:01:11 ldap kernel: [    0.004000] ACPI: Core revision 20170831
May  7 13:01:11 ldap kernel: [    0.004000] ACPI: 2 ACPI AML tables successfully acquired and loaded
May  7 13:01:11 ldap kernel: [    0.004000] APIC: Switch to symmetric I/O mode setup
May  7 13:01:11 ldap kernel: [    0.004000] x2apic enabled
May  7 13:01:11 ldap kernel: [    0.004000] Switched APIC routing to physical x2apic.
May  7 13:01:11 ldap kernel: [    0.004000] ..TIMER: vector=0x30 apic1=0 pin1=2 apic2=-1 pin2=-1
May  7 13:01:11 ldap kernel: [    0.004017] tsc: Detected 2712.000 MHz processor
May  7 13:01:11 ldap kernel: [    0.004371] Calibrating delay loop (skipped) preset value.. 5424.00 BogoMIPS (lpj=10848000)
May  7 13:01:11 ldap kernel: [    0.004723] pid_max: default: 32768 minimum: 301
May  7 13:01:11 ldap kernel: [    0.005097] Security Framework initialized
May  7 13:01:11 ldap kernel: [    0.005472] Yama: becoming mindful.
May  7 13:01:11 ldap kernel: [    0.008041] AppArmor: AppArmor initialized
May  7 13:01:11 ldap kernel: [    0.008806] Dentry cache hash table entries: 65536 (order: 7, 524288 bytes)
May  7 13:01:11 ldap kernel: [    0.009306] Inode-cache hash table entries: 32768 (order: 6, 262144 bytes)
May  7 13:01:11 ldap kernel: [    0.010401] Mount-cache hash table entries: 1024 (order: 1, 8192 bytes)
May  7 13:01:11 ldap kernel: [    0.011783] Mountpoint-cache hash table entries: 1024 (order: 1, 8192 bytes)
May  7 13:01:11 ldap kernel: [    0.012408] process: using mwait in idle threads
May  7 13:01:11 ldap kernel: [    0.012865] Last level iTLB entries: 4KB 64, 2MB 8, 4MB 8
May  7 13:01:11 ldap kernel: [    0.013260] Last level dTLB entries: 4KB 64, 2MB 0, 4MB 0, 1GB 4
May  7 13:01:11 ldap kernel: [    0.013831] Spectre V1 : Mitigation: usercopy/swapgs barriers and __user pointer sanitization
May  7 13:01:11 ldap kernel: [    0.014640] Spectre V2 : Mitigation: Full generic retpoline
May  7 13:01:11 ldap kernel: [    0.015204] Spectre V2 : Spectre v2 / SpectreRSB mitigation: Filling RSB on context switch
May  7 13:01:11 ldap kernel: [    0.016007] Speculative Store Bypass: Vulnerable
May  7 13:01:11 ldap kernel: [    0.016575] MDS: Vulnerable: Clear CPU buffers attempted, no microcode
May  7 13:01:11 ldap kernel: [    0.043986] Freeing SMP alternatives memory: 36K
May  7 13:01:11 ldap kernel: [    0.158188] APIC calibration not consistent with PM-Timer: 95ms instead of 100ms
May  7 13:01:11 ldap kernel: [    0.160000] APIC delta adjusted to PM-Timer: 6306227 (6022270)
May  7 13:01:11 ldap kernel: [    0.164106] smpboot: CPU0: Intel(R) Core(TM) i5-7200U CPU @ 2.50GHz (family: 0x6, model: 0x8e, stepping: 0x9)
May  7 13:01:11 ldap kernel: [    0.165084] Performance Events: unsupported p6 CPU model 142 no PMU driver, software events only.
May  7 13:01:11 ldap kernel: [    0.166067] Hierarchical SRCU implementation.
May  7 13:01:11 ldap kernel: [    0.168000] NMI watchdog: Perf event create on CPU 0 failed with -2
May  7 13:01:11 ldap kernel: [    0.168015] NMI watchdog: Perf NMI watchdog permanently disabled
May  7 13:01:11 ldap kernel: [    0.168471] smp: Bringing up secondary CPUs ...
May  7 13:01:11 ldap kernel: [    0.169299] smp: Brought up 1 node, 1 CPU
May  7 13:01:11 ldap kernel: [    0.169792] smpboot: Max logical packages: 1
May  7 13:01:11 ldap kernel: [    0.170106] smpboot: Total of 1 processors activated (5424.00 BogoMIPS)
May  7 13:01:11 ldap kernel: [    0.170716] devtmpfs: initialized
May  7 13:01:11 ldap kernel: [    0.172090] x86/mm: Memory block size: 128MB
May  7 13:01:11 ldap kernel: [    0.172593] evm: security.selinux
May  7 13:01:11 ldap kernel: [    0.172899] evm: security.SMACK64
May  7 13:01:11 ldap kernel: [    0.173173] evm: security.SMACK64EXEC
May  7 13:01:11 ldap kernel: [    0.173519] evm: security.SMACK64TRANSMUTE
May  7 13:01:11 ldap kernel: [    0.174296] evm: security.SMACK64MMAP
May  7 13:01:11 ldap kernel: [    0.176012] evm: security.apparmor
May  7 13:01:11 ldap kernel: [    0.176343] evm: security.ima
May  7 13:01:11 ldap kernel: [    0.177019] evm: security.capability
May  7 13:01:11 ldap kernel: [    0.177499] clocksource: jiffies: mask: 0xffffffff max_cycles: 0xffffffff, max_idle_ns: 7645041785100000 ns
May  7 13:01:11 ldap kernel: [    0.178182] futex hash table entries: 256 (order: 2, 16384 bytes)
May  7 13:01:11 ldap kernel: [    0.178717] pinctrl core: initialized pinctrl subsystem
May  7 13:01:11 ldap kernel: [    0.180253] RTC time: 13:00:44, date: 05/07/20
May  7 13:01:11 ldap kernel: [    0.180895] NET: Registered protocol family 16
May  7 13:01:11 ldap kernel: [    0.181445] audit: initializing netlink subsys (disabled)
May  7 13:01:11 ldap kernel: [    0.181993] cpuidle: using governor ladder
May  7 13:01:11 ldap kernel: [    0.182228] cpuidle: using governor menu
May  7 13:01:11 ldap kernel: [    0.182677] ACPI: bus type PCI registered
May  7 13:01:11 ldap kernel: [    0.184009] acpiphp: ACPI Hot Plug PCI Controller Driver version: 0.5
May  7 13:01:11 ldap kernel: [    0.185124] PCI: Using configuration type 1 for base access
May  7 13:01:11 ldap kernel: [    0.188078] audit: type=2000 audit(1588856453.275:1): state=initialized audit_enabled=0 res=1
May  7 13:01:11 ldap kernel: [    0.193983] HugeTLB registered 2.00 MiB page size, pre-allocated 0 pages
May  7 13:01:11 ldap kernel: [    0.194948] ACPI: Added _OSI(Module Device)
May  7 13:01:11 ldap kernel: [    0.196017] ACPI: Added _OSI(Processor Device)
May  7 13:01:11 ldap kernel: [    0.196667] ACPI: Added _OSI(3.0 _SCP Extensions)
May  7 13:01:11 ldap kernel: [    0.196971] ACPI: Added _OSI(Processor Aggregator Device)
May  7 13:01:11 ldap kernel: [    0.197529] ACPI: Added _OSI(Linux-Dell-Video)
May  7 13:01:11 ldap kernel: [    0.197864] ACPI: Added _OSI(Linux-Lenovo-NV-HDMI-Audio)
May  7 13:01:11 ldap kernel: [    0.198893] ACPI: Added _OSI(Linux-HPI-Hybrid-Graphics)
May  7 13:01:11 ldap kernel: [    0.200587] ACPI: Executed 1 blocks of module-level executable AML code
May  7 13:01:11 ldap kernel: [    0.218232] ACPI: Interpreter enabled
May  7 13:01:11 ldap kernel: [    0.218686] ACPI: (supports S0 S5)
May  7 13:01:11 ldap kernel: [    0.219101] ACPI: Using IOAPIC for interrupt routing
May  7 13:01:11 ldap kernel: [    0.220000] PCI: Using host bridge windows from ACPI; if necessary, use "pci=nocrs" and report a bug
May  7 13:01:11 ldap kernel: [    0.220322] ACPI: Enabled 2 GPEs in block 00 to 07
May  7 13:01:11 ldap kernel: [    0.244959] ACPI: PCI Root Bridge [PCI0] (domain 0000 [bus 00-ff])
May  7 13:01:11 ldap kernel: [    0.245594] acpi PNP0A03:00: _OSC: OS supports [ASPM ClockPM Segments MSI]
May  7 13:01:11 ldap kernel: [    0.247124] acpi PNP0A03:00: _OSC: not requesting OS control; OS requires [ExtendedConfig ASPM ClockPM MSI]
May  7 13:01:11 ldap kernel: [    0.248031] acpi PNP0A03:00: fail to add MMCONFIG information, can't access extended PCI configuration space under this bridge.
May  7 13:01:11 ldap kernel: [    0.249305] PCI host bridge to bus 0000:00
May  7 13:01:11 ldap kernel: [    0.249627] pci_bus 0000:00: root bus resource [io  0x0000-0x0cf7 window]
May  7 13:01:11 ldap kernel: [    0.250350] pci_bus 0000:00: root bus resource [io  0x0d00-0xffff window]
May  7 13:01:11 ldap kernel: [    0.250758] pci_bus 0000:00: root bus resource [mem 0x000a0000-0x000bffff window]
May  7 13:01:11 ldap kernel: [    0.251299] pci_bus 0000:00: root bus resource [mem 0x20000000-0xfdffffff window]
May  7 13:01:11 ldap kernel: [    0.252011] pci_bus 0000:00: root bus resource [bus 00-ff]
May  7 13:01:11 ldap kernel: [    0.253030] pci 0000:00:00.0: [8086:1237] type 00 class 0x060000
May  7 13:01:11 ldap kernel: [    0.255029] pci 0000:00:01.0: [8086:7000] type 00 class 0x060100
May  7 13:01:11 ldap kernel: [    0.257830] pci 0000:00:01.1: [8086:7111] type 00 class 0x01018a
May  7 13:01:11 ldap kernel: [    0.258506] pci 0000:00:01.1: reg 0x20: [io  0xd000-0xd00f]
May  7 13:01:11 ldap kernel: [    0.258798] pci 0000:00:01.1: legacy IDE quirk: reg 0x10: [io  0x01f0-0x01f7]
May  7 13:01:11 ldap kernel: [    0.259319] pci 0000:00:01.1: legacy IDE quirk: reg 0x14: [io  0x03f6]
May  7 13:01:11 ldap kernel: [    0.260012] pci 0000:00:01.1: legacy IDE quirk: reg 0x18: [io  0x0170-0x0177]
May  7 13:01:11 ldap kernel: [    0.260459] pci 0000:00:01.1: legacy IDE quirk: reg 0x1c: [io  0x0376]
May  7 13:01:11 ldap kernel: [    0.261407] pci 0000:00:02.0: [15ad:0405] type 00 class 0x030000
May  7 13:01:11 ldap kernel: [    0.264516] pci 0000:00:02.0: reg 0x10: [io  0xd010-0xd01f]
May  7 13:01:11 ldap kernel: [    0.265453] pci 0000:00:02.0: reg 0x14: [mem 0xf0000000-0xf0ffffff]
May  7 13:01:11 ldap kernel: [    0.268523] pci 0000:00:02.0: reg 0x18: [mem 0xf1000000-0xf11fffff]
May  7 13:01:11 ldap kernel: [    0.274898] pci 0000:00:03.0: [8086:100e] type 00 class 0x020000
May  7 13:01:11 ldap kernel: [    0.276654] pci 0000:00:03.0: reg 0x10: [mem 0xf1200000-0xf121ffff]
May  7 13:01:11 ldap kernel: [    0.277553] pci 0000:00:03.0: reg 0x18: [io  0xd020-0xd027]
May  7 13:01:11 ldap kernel: [    0.281853] pci 0000:00:04.0: [80ee:cafe] type 00 class 0x088000
May  7 13:01:11 ldap kernel: [    0.283023] pci 0000:00:04.0: reg 0x10: [io  0xd040-0xd05f]
May  7 13:01:11 ldap kernel: [    0.283532] pci 0000:00:04.0: reg 0x14: [mem 0xf1400000-0xf17fffff]
May  7 13:01:11 ldap kernel: [    0.284166] pci 0000:00:04.0: reg 0x18: [mem 0xf1800000-0xf1803fff pref]
May  7 13:01:11 ldap kernel: [    0.286905] pci 0000:00:05.0: [8086:2415] type 00 class 0x040100
May  7 13:01:11 ldap kernel: [    0.287324] pci 0000:00:05.0: reg 0x10: [io  0xd100-0xd1ff]
May  7 13:01:11 ldap kernel: [    0.287601] pci 0000:00:05.0: reg 0x14: [io  0xd200-0xd23f]
May  7 13:01:11 ldap kernel: [    0.289401] pci 0000:00:06.0: [106b:003f] type 00 class 0x0c0310
May  7 13:01:11 ldap kernel: [    0.290214] pci 0000:00:06.0: reg 0x10: [mem 0xf1804000-0xf1804fff]
May  7 13:01:11 ldap kernel: [    0.294440] pci 0000:00:07.0: [8086:7113] type 00 class 0x068000
May  7 13:01:11 ldap kernel: [    0.296098] pci 0000:00:07.0: quirk: [io  0x4000-0x403f] claimed by PIIX4 ACPI
May  7 13:01:11 ldap kernel: [    0.296943] pci 0000:00:07.0: quirk: [io  0x4100-0x410f] claimed by PIIX4 SMB
May  7 13:01:11 ldap kernel: [    0.298307] pci 0000:00:0d.0: [8086:2829] type 00 class 0x010601
May  7 13:01:11 ldap kernel: [    0.299450] pci 0000:00:0d.0: reg 0x10: [io  0xd240-0xd247]
May  7 13:01:11 ldap kernel: [    0.300000] pci 0000:00:0d.0: reg 0x14: [io  0xd248-0xd24b]
May  7 13:01:11 ldap kernel: [    0.300599] pci 0000:00:0d.0: reg 0x18: [io  0xd250-0xd257]
May  7 13:01:11 ldap kernel: [    0.301268] pci 0000:00:0d.0: reg 0x1c: [io  0xd258-0xd25b]
May  7 13:01:11 ldap kernel: [    0.302324] pci 0000:00:0d.0: reg 0x20: [io  0xd260-0xd26f]
May  7 13:01:11 ldap kernel: [    0.304237] pci 0000:00:0d.0: reg 0x24: [mem 0xf1806000-0xf1807fff]
May  7 13:01:11 ldap kernel: [    0.308369] ACPI: PCI Interrupt Link [LNKA] (IRQs 5 9 10 *11)
May  7 13:01:11 ldap kernel: [    0.309549] ACPI: PCI Interrupt Link [LNKB] (IRQs 5 9 *10 11)
May  7 13:01:11 ldap kernel: [    0.310850] ACPI: PCI Interrupt Link [LNKC] (IRQs 5 *9 10 11)
May  7 13:01:11 ldap kernel: [    0.315260] ACPI: PCI Interrupt Link [LNKD] (IRQs 5 9 10 *11)
May  7 13:01:11 ldap kernel: [    0.316626] SCSI subsystem initialized
May  7 13:01:11 ldap kernel: [    0.317120] libata version 3.00 loaded.
May  7 13:01:11 ldap systemd[1]: Starting Wait for Network to be Configured...
May  7 13:01:11 ldap systemd-networkd[770]: enp0s3: IPv6 successfully enabled
May  7 13:01:11 ldap systemd-networkd[770]: lo: Link is not managed by us
May  7 13:01:11 ldap systemd-networkd[770]: enp0s3: Link UP
May  7 13:01:11 ldap systemd-networkd[770]: enp0s3: Gained carrier
May  7 13:01:11 ldap systemd-networkd[770]: enp0s3: DHCPv4 address 10.10.10.30/24 via 10.10.10.254
May  7 13:01:11 ldap systemd-timesyncd[655]: Network configuration changed, trying to establish connection.
May  7 13:01:11 ldap systemd-resolved[793]: Positive Trust Anchors:
May  7 13:01:11 ldap systemd-resolved[793]: . IN DS 19036 8 2 49aac11d7b6f6446702e54a1607371607a1a41855200fd2ce1cdde32f24e8fb5
May  7 13:01:11 ldap systemd-resolved[793]: . IN DS 20326 8 2 e06d44b80b8f1d39a95c0b0d7c65d08458e880409bbc683457104237c7f8ec8d
May  7 13:01:11 ldap systemd-resolved[793]: Negative trust anchors: 10.in-addr.arpa 16.172.in-addr.arpa 17.172.in-addr.arpa 18.172.in-addr.arpa 19.172.in-addr.arpa 20.172.in-addr.arpa 21.172.in-addr.arpa 22.172.in-addr.arpa 23.172.in-addr.arpa 24.172.in-addr.arpa 25.172.in-addr.arpa 26.172.in-addr.arpa 27.172.in-addr.arpa 28.172.in-addr.arpa 29.172.in-addr.arpa 30.172.in-addr.arpa 31.172.in-addr.arpa 168.192.in-addr.arpa d.f.ip6.arpa corp home internal intranet lan local private test
May  7 13:01:11 ldap systemd-resolved[793]: Using system hostname 'ldap'.
May  7 13:01:11 ldap systemd[1]: Started Network Name Resolution.
May  7 13:01:11 ldap systemd[1]: Reached target Network.
May  7 13:01:11 ldap systemd[1]: Reached target Host and Network Name Lookups.
May  7 13:01:11 ldap systemd-networkd[770]: enp0s3: Gained IPv6LL
May  7 13:01:11 ldap systemd-networkd[770]: enp0s3: Configured
May  7 13:01:11 ldap systemd-timesyncd[655]: Network configuration changed, trying to establish connection.
May  7 13:01:11 ldap systemd-networkd-wait-online[794 managing: enp0s3
May  7 13:01:11 ldap systemd-networkd-wait-online[794 ignoring: lo
May  7 13:01:11 ldap systemd[1]: Started Wait for Network to be Configured.
May  7 13:01:11 ldap systemd[1]: Starting Initial cloud-init job (metadata service crawler)...
May  7 13:01:11 ldap cloud-init[818]: Cloud-init v. 19.4-33-gbb4131a2-0ubuntu1~18.04.1 running 'init' at Thu, 07 May 2020 13:01:06 +0000. Up 22.70 seconds.
May  7 13:01:11 ldap cloud-init[818]: ci-info: ++++++++++++++++++++++++++++++++++++++Net device info+++++++++++++++++++++++++++++++++++++++
May  7 13:01:11 ldap cloud-init[818]: ci-info: +--------+------+-----------------------------+---------------+--------+-------------------+
May  7 13:01:11 ldap cloud-init[818]: ci-info: | Device |  Up  |           Address           |      Mask     | Scope  |     Hw-Address    |
May  7 13:01:11 ldap cloud-init[818]: ci-info: +--------+------+-----------------------------+---------------+--------+-------------------+
May  7 13:01:11 ldap cloud-init[818]: ci-info: | enp0s3 | True |         10.10.10.30         | 255.255.255.0 | global | 08:00:27:d5:2e:a0 |
May  7 13:01:11 ldap cloud-init[818]: ci-info: | enp0s3 | True | fe80::a00:27ff:fed5:2ea0/64 |       .       |  link  | 08:00:27:d5:2e:a0 |
May  7 13:01:11 ldap cloud-init[818]: ci-info: |   lo   | True |          127.0.0.1          |   255.0.0.0   |  host  |         .         |
May  7 13:01:11 ldap cloud-init[818]: ci-info: |   lo   | True |           ::1/128           |       .       |  host  |         .         |
May  7 13:01:11 ldap cloud-init[818]: ci-info: +--------+------+-----------------------------+---------------+--------+-------------------+
May  7 13:01:11 ldap cloud-init[818]: ci-info: +++++++++++++++++++++++++++++++Route IPv4 info+++++++++++++++++++++++++++++++
May  7 13:01:11 ldap cloud-init[818]: ci-info: +-------+--------------+--------------+-----------------+-----------+-------+
May  7 13:01:11 ldap cloud-init[818]: ci-info: | Route | Destination  |   Gateway    |     Genmask     | Interface | Flags |
May  7 13:01:11 ldap cloud-init[818]: ci-info: +-------+--------------+--------------+-----------------+-----------+-------+
May  7 13:01:11 ldap cloud-init[818]: ci-info: |   0   |   0.0.0.0    | 10.10.10.254 |     0.0.0.0     |   enp0s3  |   UG  |
May  7 13:01:11 ldap cloud-init[818]: ci-info: |   1   |  10.10.10.0  |   0.0.0.0    |  255.255.255.0  |   enp0s3  |   U   |
May  7 13:01:11 ldap cloud-init[818]: ci-info: |   2   | 10.10.10.254 |   0.0.0.0    | 255.255.255.255 |   enp0s3  |   UH  |
May  7 13:01:11 ldap cloud-init[818]: ci-info: +-------+--------------+--------------+-----------------+-----------+-------+
May  7 13:01:11 ldap cloud-init[818]: ci-info: +++++++++++++++++++Route IPv6 info+++++++++++++++++++
May  7 13:01:11 ldap cloud-init[818]: ci-info: +-------+-------------+---------+-----------+-------+
May  7 13:01:11 ldap cloud-init[818]: ci-info: | Route | Destination | Gateway | Interface | Flags |
May  7 13:01:11 ldap cloud-init[818]: ci-info: +-------+-------------+---------+-----------+-------+
May  7 13:01:11 ldap cloud-init[818]: ci-info: |   1   |  fe80::/64  |    ::   |   enp0s3  |   U   |
May  7 13:01:11 ldap cloud-init[818]: ci-info: |   3   |    local    |    ::   |   enp0s3  |   U   |
May  7 13:01:11 ldap cloud-init[818]: ci-info: |   4   |   ff00::/8  |    ::   |   enp0s3  |   U   |
May  7 13:01:11 ldap cloud-init[818]: ci-info: +-------+-------------+---------+-----------+-------+
May  7 13:01:11 ldap systemd[1]: Started Initial cloud-init job (metadata service crawler).
May  7 13:01:11 ldap systemd[1]: Reached target Cloud-config availability.
May  7 13:01:11 ldap systemd[1]: Reached target Network is Online.
May  7 13:01:11 ldap systemd[1]: Reached target Remote File Systems (Pre).
May  7 13:01:11 ldap systemd[1]: Reached target Remote File Systems.
May  7 13:01:11 ldap systemd[1]: Starting Availability of block devices...
May  7 13:01:11 ldap systemd[1]: Reached target System Initialization.
May  7 13:01:11 ldap systemd[1]: Listening on D-Bus System Message Bus Socket.
May  7 13:01:11 ldap systemd[1]: Started Daily apt download activities.
May  7 13:01:11 ldap systemd[1]: Starting LXD - unix socket.
May  7 13:01:11 ldap systemd[1]: Listening on ACPID Listen Socket.
May  7 13:01:11 ldap systemd[1]: Started ACPI Events Check.
May  7 13:01:11 ldap systemd[1]: Reached target Paths.
May  7 13:01:11 ldap systemd[1]: Started Daily Cleanup of Temporary Directories.
May  7 13:01:11 ldap systemd[1]: Listening on UUID daemon activation socket.
May  7 13:01:11 ldap systemd[1]: Listening on Open-iSCSI iscsid Socket.
May  7 13:01:11 ldap systemd[1]: Started Message of the Day.
May  7 13:01:11 ldap systemd[1]: Starting Socket activation for snappy daemon.
May  7 13:01:11 ldap systemd[1]: Started Daily apt upgrade and clean activities.
May  7 13:01:11 ldap systemd[1]: Started Discard unused blocks once a week.
May  7 13:01:11 ldap systemd[1]: Reached target Timers.
May  7 13:01:11 ldap systemd[1]: Started Availability of block devices.
May  7 13:01:11 ldap systemd[1]: Listening on LXD - unix socket.
May  7 13:01:11 ldap systemd[1]: Listening on Socket activation for snappy daemon.
May  7 13:01:11 ldap systemd[1]: Reached target Sockets.
May  7 13:01:11 ldap systemd[1]: Reached target Basic System.
May  7 13:01:11 ldap systemd[1]: Starting Message of the Day...
May  7 13:01:11 ldap systemd[1]: Starting Dispatcher daemon for systemd-networkd...
May  7 13:01:11 ldap systemd[1]: Starting Thermal Daemon Service...
May  7 13:01:11 ldap systemd[1]: Starting Permit User Sessions...
May  7 13:01:11 ldap systemd[1]: Started Regular background program processing daemon.
May  7 13:01:11 ldap systemd[1]: Starting LXD - container startup/shutdown...
May  7 13:01:11 ldap systemd[1]: Starting LSB: automatic crash report generation...
May  7 13:01:11 ldap systemd[1]: Starting LSB: web-based administration interface for Unix systems...
May  7 13:01:11 ldap cron[871]: (CRON) INFO (pidfile fd = 3)
May  7 13:01:11 ldap systemd[1]: Starting Snappy daemon...
May  7 13:01:11 ldap cron[871]: (CRON) INFO (Running @reboot jobs)
May  7 13:01:11 ldap systemd[1]: Starting OpenBSD Secure Shell server...
May  7 13:01:11 ldap systemd[1]: Starting LSB: Record successful boot for GRUB...
May  7 13:01:11 ldap systemd[1]: Starting Login Service...
May  7 13:01:11 ldap systemd[1]: Started irqbalance daemon.
May  7 13:01:11 ldap systemd[1]: Started Deferred execution scheduler.
May  7 13:01:11 ldap systemd[1]: Started D-Bus System Message Bus.
May  7 13:01:11 ldap /usr/sbin/irqbalance: Balancing is ineffective on systems with a single cpu.  Shutting down
May  7 13:01:11 ldap dbus-daemon[935]: dbus[935]: Unknown group "power" in message bus configuration file
May  7 13:01:11 ldap networkd-dispatcher[868]: No valid path found for iwconfig
May  7 13:01:11 ldap dbus-daemon[935]: [system] AppArmor D-Bus mediation is enabled
May  7 13:01:11 ldap systemd[1]: Started Login Service.
May  7 13:01:11 ldap systemd[1]: Starting Accounts Service...
May  7 13:01:11 ldap systemd[1]: Started FUSE filesystem for LXC.
May  7 13:01:11 ldap systemd[1]: Starting System Logging Service...
May  7 13:01:11 ldap systemd[1]: Started Unattended Upgrades Shutdown.
May  7 13:01:11 ldap systemd[1]: Started Permit User Sessions.
May  7 13:01:11 ldap systemd[1]: Starting Terminate Plymouth Boot Screen...
May  7 13:01:11 ldap systemd[1]: Starting Hold until boot process finishes up...
May  7 13:01:11 ldap systemd[1]: Started Hold until boot process finishes up.
May  7 13:01:11 ldap systemd[1]: Starting Set console scheme...
May  7 13:01:11 ldap systemd[1]: Started Terminate Plymouth Boot Screen.
May  7 13:01:11 ldap grub-common[914]:  * Recording successful boot for GRUB
May  7 13:01:11 ldap apport[873]:  * Starting automatic crash report generation: apport
May  7 13:01:11 ldap systemd[1]: Started Thermal Daemon Service.
May  7 13:01:11 ldap thermald[869]: NO RAPL sysfs present
May  7 13:01:11 ldap thermald[869]: 22 CPUID levels; family:model:stepping 0x6:8e:9 (6:142:9)
May  7 13:01:11 ldap thermald[869]: Polling mode is enabled: 4
May  7 13:01:11 ldap thermald[869]: Thermal DTS: No coretemp sysfs found
May  7 13:01:11 ldap systemd[1]: Started Set console scheme.
May  7 13:01:11 ldap systemd[1]: Created slice system-getty.slice.
May  7 13:01:11 ldap systemd[1]: Started Getty on tty1.
May  7 13:01:11 ldap systemd[1]: Reached target Login Prompts.
May  7 13:01:11 ldap thermald[869]: Thermal DTS or hwmon: No Zones present Need to configure manually
May  7 13:01:11 ldap thermald[869]: No thermal sensors found
May  7 13:01:11 ldap thermald[869]: THD engine start failed
May  7 13:01:11 ldap lxcfs[1014]: mount namespace: 5
May  7 13:01:11 ldap lxcfs[1014]: hierarchies:
May  7 13:01:11 ldap lxcfs[1014]:   0: fd:   6: devices
May  7 13:01:11 ldap lxcfs[1014]:   1: fd:   7: rdma
May  7 13:01:11 ldap lxcfs[1014]:   2: fd:   8: perf_event
May  7 13:01:11 ldap lxcfs[1014]:   3: fd:   9: freezer
May  7 13:01:11 ldap lxcfs[1014]:   4: fd:  10: cpuset
May  7 13:01:11 ldap lxcfs[1014]:   5: fd:  11: hugetlb
May  7 13:01:11 ldap lxcfs[1014]:   6: fd:  12: net_cls,net_prio
May  7 13:01:11 ldap lxcfs[1014]:   7: fd:  13: memory
May  7 13:01:11 ldap lxcfs[1014]:   8: fd:  14: blkio
May  7 13:01:11 ldap lxcfs[1014]:   9: fd:  15: pids
May  7 13:01:11 ldap lxcfs[1014]:  10: fd:  16: cpu,cpuacct
May  7 13:01:11 ldap lxcfs[1014]:  11: fd:  17: name=systemd
May  7 13:01:11 ldap lxcfs[1014]:  12: fd:  18: unified
May  7 13:01:11 ldap systemd[1]: Started Dispatcher daemon for systemd-networkd.
May  7 13:01:11 ldap apport[873]:    ...done.
May  7 13:01:11 ldap systemd[1]: Started LSB: automatic crash report generation.
May  7 13:01:11 ldap dbus-daemon[935]: [system] Activating via systemd: service name='org.freedesktop.PolicyKit1' unit='polkit.service' requested by ':1.6' (uid=0 pid=1013 comm="/usr/lib/accountsservice/accounts-daemon " label="unconfined")
May  7 13:01:11 ldap systemd[1]: Starting Authorization Manager...
May  7 13:01:11 ldap systemd[1]: Started OpenBSD Secure Shell server.
May  7 13:01:11 ldap grub-common[914]:    ...done.
May  7 13:01:11 ldap systemd[1]: Started LSB: Record successful boot for GRUB.
May  7 13:01:11 ldap snapd[886]: AppArmor status: apparmor is enabled and all features are available
May  7 13:01:11 ldap systemd[1]: Started System Logging Service.
May  7 13:01:11 ldap rsyslogd: imuxsock: Acquired UNIX socket '/run/systemd/journal/syslog' (fd 3) from systemd.  [v8.32.0]
May  7 13:01:11 ldap rsyslogd: rsyslogd's groupid changed to 106
May  7 13:01:11 ldap rsyslogd: rsyslogd's userid changed to 102
May  7 13:01:11 ldap rsyslogd:  [origin software="rsyslogd" swVersion="8.32.0" x-pid="1015" x-info="http://www.rsyslog.com"] start
May  7 13:01:11 ldap kernel: [    0.317198] pci 0000:00:02.0: vgaarb: setting as boot VGA device
May  7 13:01:11 ldap kernel: [    0.317591] pci 0000:00:02.0: vgaarb: VGA device added: decodes=io+mem,owns=io+mem,locks=none
May  7 13:01:11 ldap kernel: [    0.318156] pci 0000:00:02.0: vgaarb: bridge control possible
May  7 13:01:11 ldap kernel: [    0.318499] vgaarb: loaded
May  7 13:01:11 ldap kernel: [    0.318813] ACPI: bus type USB registered
May  7 13:01:11 ldap kernel: [    0.319131] usbcore: registered new interface driver usbfs
May  7 13:01:11 ldap kernel: [    0.319551] usbcore: registered new interface driver hub
May  7 13:01:11 ldap kernel: [    0.319848] usbcore: registered new device driver usb
May  7 13:01:11 ldap kernel: [    0.320126] EDAC MC: Ver: 3.0.0
May  7 13:01:11 ldap kernel: [    0.320951] PCI: Using ACPI for IRQ routing
May  7 13:01:11 ldap kernel: [    0.322042] PCI: pci_cache_line_size set to 64 bytes
May  7 13:01:11 ldap kernel: [    0.322416] e820: reserve RAM buffer [mem 0x0009fc00-0x0009ffff]
May  7 13:01:11 ldap kernel: [    0.322424] e820: reserve RAM buffer [mem 0x1fff0000-0x1fffffff]
May  7 13:01:11 ldap kernel: [    0.322601] NetLabel: Initializing
May  7 13:01:11 ldap kernel: [    0.322902] NetLabel:  domain hash size = 128
May  7 13:01:11 ldap kernel: [    0.323222] NetLabel:  protocols = UNLABELED CIPSOv4 CALIPSO
May  7 13:01:11 ldap kernel: [    0.323621] NetLabel:  unlabeled traffic allowed by default
May  7 13:01:11 ldap kernel: [    0.325186] clocksource: Switched to clocksource kvm-clock
May  7 13:01:11 ldap kernel: [    0.341308] VFS: Disk quotas dquot_6.6.0
May  7 13:01:11 ldap kernel: [    0.341639] VFS: Dquot-cache hash table entries: 512 (order 0, 4096 bytes)
May  7 13:01:11 ldap kernel: [    0.342197] AppArmor: AppArmor Filesystem Enabled
May  7 13:01:11 ldap kernel: [    0.342561] pnp: PnP ACPI init
May  7 13:01:11 ldap kernel: [    0.342911] pnp 00:00: Plug and Play ACPI device, IDs PNP0303 (active)
May  7 13:01:11 ldap kernel: [    0.343031] pnp 00:01: Plug and Play ACPI device, IDs PNP0f03 (active)
May  7 13:01:11 ldap kernel: [    0.343568] pnp 00:02: Plug and Play ACPI device, IDs PNP0501 (active)
May  7 13:01:11 ldap kernel: [    0.344618] pnp: PnP ACPI: found 3 devices
May  7 13:01:11 ldap kernel: [    0.350727] clocksource: acpi_pm: mask: 0xffffff max_cycles: 0xffffff, max_idle_ns: 2085701024 ns
May  7 13:01:11 ldap kernel: [    0.351164] pci_bus 0000:00: resource 4 [io  0x0000-0x0cf7 window]
May  7 13:01:11 ldap kernel: [    0.351166] pci_bus 0000:00: resource 5 [io  0x0d00-0xffff window]
May  7 13:01:11 ldap kernel: [    0.351167] pci_bus 0000:00: resource 6 [mem 0x000a0000-0x000bffff window]
May  7 13:01:11 ldap kernel: [    0.351168] pci_bus 0000:00: resource 7 [mem 0x20000000-0xfdffffff window]
May  7 13:01:11 ldap kernel: [    0.351231] NET: Registered protocol family 2
May  7 13:01:11 ldap kernel: [    0.353042] TCP established hash table entries: 4096 (order: 3, 32768 bytes)
May  7 13:01:11 ldap kernel: [    0.354099] TCP bind hash table entries: 4096 (order: 4, 65536 bytes)
May  7 13:01:11 ldap kernel: [    0.356010] TCP: Hash tables configured (established 4096 bind 4096)
May  7 13:01:11 ldap kernel: [    0.356119] UDP hash table entries: 256 (order: 1, 8192 bytes)
May  7 13:01:11 ldap kernel: [    0.356119] UDP-Lite hash table entries: 256 (order: 1, 8192 bytes)
May  7 13:01:11 ldap kernel: [    0.357423] NET: Registered protocol family 1
May  7 13:01:11 ldap kernel: [    0.357727] pci 0000:00:00.0: Limiting direct PCI/PCI transfers
May  7 13:01:11 ldap kernel: [    0.358120] pci 0000:00:01.0: Activating ISA DMA hang workarounds
May  7 13:01:11 ldap kernel: [    0.358509] pci 0000:00:02.0: Video device with shadowed ROM at [mem 0x000c0000-0x000dffff]
May  7 13:01:11 ldap kernel: [    0.361371] PCI: CLS 0 bytes, default 64
May  7 13:01:11 ldap kernel: [    0.361412] Unpacking initramfs...
May  7 13:01:11 ldap kernel: [    2.194921] Freeing initrd memory: 56532K
May  7 13:01:11 ldap kernel: [    2.195402] clocksource: tsc: mask: 0xffffffffffffffff max_cycles: 0x2717868ea45, max_idle_ns: 440795316085 ns
May  7 13:01:11 ldap kernel: [    2.196081] platform rtc_cmos: registered platform RTC device (no PNP device found)
May  7 13:01:11 ldap kernel: [    2.197192] Scanning for low memory corruption every 60 seconds
May  7 13:01:11 ldap kernel: [    2.198335] Initialise system trusted keyrings
May  7 13:01:11 ldap kernel: [    2.198617] Key type blacklist registered
May  7 13:01:11 ldap kernel: [    2.199091] workingset: timestamp_bits=36 max_order=17 bucket_order=0
May  7 13:01:11 ldap kernel: [    2.201073] zbud: loaded
May  7 13:01:11 ldap kernel: [    2.201877] squashfs: version 4.0 (2009/01/31) Phillip Lougher
May  7 13:01:11 ldap kernel: [    2.202439] fuse init (API version 7.26)
May  7 13:01:11 ldap kernel: [    2.208506] Key type asymmetric registered
May  7 13:01:11 ldap kernel: [    2.208786] Asymmetric key parser 'x509' registered
May  7 13:01:11 ldap kernel: [    2.209169] Block layer SCSI generic (bsg) driver version 0.4 loaded (major 246)
May  7 13:01:11 ldap kernel: [    2.209621] io scheduler noop registered
May  7 13:01:11 ldap kernel: [    2.210135] io scheduler deadline registered
May  7 13:01:11 ldap kernel: [    2.210630] io scheduler cfq registered (default)
May  7 13:01:11 ldap kernel: [    2.211670] ACPI: AC Adapter [AC] (on-line)
May  7 13:01:11 ldap kernel: [    2.212284] input: Power Button as /devices/LNXSYSTM:00/LNXPWRBN:00/input/input0
May  7 13:01:11 ldap kernel: [    2.212889] ACPI: Power Button [PWRF]
May  7 13:01:11 ldap kernel: [    2.213406] input: Sleep Button as /devices/LNXSYSTM:00/LNXSLPBN:00/input/input1
May  7 13:01:11 ldap kernel: [    2.214506] ACPI: Sleep Button [SLPF]
May  7 13:01:11 ldap kernel: [    2.216557] Serial: 8250/16550 driver, 32 ports, IRQ sharing enabled
May  7 13:01:11 ldap kernel: [    2.238301] ACPI: Battery Slot [BAT0] (battery present)
May  7 13:01:11 ldap kernel: [    2.238940] 00:02: ttyS0 at I/O 0x3f8 (irq = 4, base_baud = 115200) is a 16550A
May  7 13:01:11 ldap kernel: [    2.243117] Linux agpgart interface v0.103
May  7 13:01:11 ldap kernel: [    2.246391] loop: module loaded
May  7 13:01:11 ldap kernel: [    2.246774] ata_piix 0000:00:01.1: version 2.13
May  7 13:01:11 ldap kernel: [    2.247197] scsi host0: ata_piix
May  7 13:01:11 ldap kernel: [    2.247465] scsi host1: ata_piix
May  7 13:01:11 ldap kernel: [    2.247687] ata1: PATA max UDMA/33 cmd 0x1f0 ctl 0x3f6 bmdma 0xd000 irq 14
May  7 13:01:11 ldap kernel: [    2.248018] ata2: PATA max UDMA/33 cmd 0x170 ctl 0x376 bmdma 0xd008 irq 15
May  7 13:01:11 ldap kernel: [    2.248480] libphy: Fixed MDIO Bus: probed
May  7 13:01:11 ldap kernel: [    2.248702] tun: Universal TUN/TAP device driver, 1.6
May  7 13:01:11 ldap kernel: [    2.249610] PPP generic driver version 2.4.2
May  7 13:01:11 ldap kernel: [    2.250158] ehci_hcd: USB 2.0 'Enhanced' Host Controller (EHCI) Driver
May  7 13:01:11 ldap kernel: [    2.250547] ehci-pci: EHCI PCI platform driver
May  7 13:01:11 ldap kernel: [    2.250803] ehci-platform: EHCI generic platform driver
May  7 13:01:11 ldap kernel: [    2.251077] ohci_hcd: USB 1.1 'Open' Host Controller (OHCI) Driver
May  7 13:01:11 ldap kernel: [    2.251375] ohci-pci: OHCI PCI platform driver
May  7 13:01:11 ldap kernel: [    2.253141] ohci-pci 0000:00:06.0: OHCI PCI host controller
May  7 13:01:11 ldap kernel: [    2.253525] ohci-pci 0000:00:06.0: new USB bus registered, assigned bus number 1
May  7 13:01:11 ldap kernel: [    2.254342] ohci-pci 0000:00:06.0: irq 22, io mem 0xf1804000
May  7 13:01:11 ldap kernel: [    2.314519] usb usb1: New USB device found, idVendor=1d6b, idProduct=0001
May  7 13:01:11 ldap kernel: [    2.315007] usb usb1: New USB device strings: Mfr=3, Product=2, SerialNumber=1
May  7 13:01:11 ldap kernel: [    2.315486] usb usb1: Product: OHCI PCI host controller
May  7 13:01:11 ldap kernel: [    2.315878] usb usb1: Manufacturer: Linux 4.15.0-99-generic ohci_hcd
May  7 13:01:11 ldap kernel: [    2.316123] usb usb1: SerialNumber: 0000:00:06.0
May  7 13:01:11 ldap kernel: [    2.316823] hub 1-0:1.0: USB hub found
May  7 13:01:11 ldap kernel: [    2.317110] hub 1-0:1.0: 12 ports detected
May  7 13:01:11 ldap kernel: [    2.318065] ohci-platform: OHCI generic platform driver
May  7 13:01:11 ldap kernel: [    2.318402] uhci_hcd: USB Universal Host Controller Interface driver
May  7 13:01:11 ldap kernel: [    2.318827] i8042: PNP: PS/2 Controller [PNP0303:PS2K,PNP0f03:PS2M] at 0x60,0x64 irq 1,12
May  7 13:01:11 ldap kernel: [    2.319891] serio: i8042 KBD port at 0x60,0x64 irq 1
May  7 13:01:11 ldap kernel: [    2.320258] serio: i8042 AUX port at 0x60,0x64 irq 12
May  7 13:01:11 ldap kernel: [    2.320759] mousedev: PS/2 mouse device common for all mice
May  7 13:01:11 ldap kernel: [    2.322789] input: AT Translated Set 2 keyboard as /devices/platform/i8042/serio0/input/input2
May  7 13:01:11 ldap kernel: [    2.326216] rtc_cmos rtc_cmos: rtc core: registered rtc_cmos as rtc0
May  7 13:01:11 ldap kernel: [    2.327184] rtc_cmos rtc_cmos: alarms up to one day, 114 bytes nvram
May  7 13:01:11 ldap kernel: [    2.327599] i2c /dev entries driver
May  7 13:01:11 ldap kernel: [    2.328009] device-mapper: uevent: version 1.0.3
May  7 13:01:11 ldap kernel: [    2.328687] device-mapper: ioctl: 4.37.0-ioctl (2017-09-20) initialised: dm-devel@redhat.com
May  7 13:01:11 ldap kernel: [    2.329257] ledtrig-cpu: registered to indicate activity on CPUs
May  7 13:01:11 ldap kernel: [    2.329803] intel_pmc_core:  initialized
May  7 13:01:11 ldap kernel: [    2.330408] NET: Registered protocol family 10
May  7 13:01:11 ldap kernel: [    2.338462] Segment Routing with IPv6
May  7 13:01:11 ldap kernel: [    2.338721] NET: Registered protocol family 17
May  7 13:01:11 ldap kernel: [    2.339032] Key type dns_resolver registered
May  7 13:01:11 ldap kernel: [    2.339387] mce: Using 0 MCE banks
May  7 13:01:11 ldap kernel: [    2.339745] RAS: Correctable Errors collector initialized.
May  7 13:01:11 ldap kernel: [    2.341895] sched_clock: Marking stable (2341800370, 0)->(2533860285, -192059915)
May  7 13:01:11 ldap kernel: [    2.342723] registered taskstats version 1
May  7 13:01:11 ldap kernel: [    2.343066] Loading compiled-in X.509 certificates
May  7 13:01:11 ldap kernel: [    2.346999] Loaded X.509 cert 'Build time autogenerated kernel key: 7480108fe56bba9284001dfb9078560125be4684'
May  7 13:01:11 ldap kernel: [    2.347524] zswap: loaded using pool lzo/zbud
May  7 13:01:11 ldap kernel: [    2.351807] Key type big_key registered
May  7 13:01:11 ldap kernel: [    2.353137] Key type trusted registered
May  7 13:01:11 ldap kernel: [    2.356272] Key type encrypted registered
May  7 13:01:11 ldap kernel: [    2.356506] AppArmor: AppArmor sha1 policy hashing enabled
May  7 13:01:11 ldap kernel: [    2.356865] ima: No TPM chip found, activating TPM-bypass! (rc=-19)
May  7 13:01:11 ldap kernel: [    2.357156] ima: Allocated hash algorithm: sha1
May  7 13:01:11 ldap kernel: [    2.357408] evm: HMAC attrs: 0x1
May  7 13:01:11 ldap kernel: [    2.357948]   Magic number: 4:857:27
May  7 13:01:11 ldap kernel: [    2.358231] rtc_cmos rtc_cmos: setting system clock to 2020-05-07 13:00:46 UTC (1588856446)
May  7 13:01:11 ldap kernel: [    2.358884] BIOS EDD facility v0.16 2004-Jun-25, 0 devices found
May  7 13:01:11 ldap kernel: [    2.359282] EDD information not available.
May  7 13:01:11 ldap kernel: [    2.408615] ata2.00: ATAPI: VBOX CD-ROM, 1.0, max UDMA/133
May  7 13:01:11 ldap kernel: [    2.409441] ata2.00: configured for UDMA/33
May  7 13:01:11 ldap kernel: [    2.410447] scsi 1:0:0:0: CD-ROM            VBOX     CD-ROM           1.0  PQ: 0 ANSI: 5
May  7 13:01:11 ldap kernel: [    2.433006] sr 1:0:0:0: [sr0] scsi3-mmc drive: 32x/32x xa/form2 tray
May  7 13:01:11 ldap kernel: [    2.433407] cdrom: Uniform CD-ROM driver Revision: 3.20
May  7 13:01:11 ldap kernel: [    2.434331] sr 1:0:0:0: Attached scsi CD-ROM sr0
May  7 13:01:11 ldap kernel: [    2.434393] sr 1:0:0:0: Attached scsi generic sg0 type 5
May  7 13:01:11 ldap kernel: [    2.437423] Freeing unused kernel image memory: 2432K
May  7 13:01:11 ldap kernel: [    2.444399] Write protecting the kernel read-only data: 20480k
May  7 13:01:11 ldap kernel: [    2.445194] Freeing unused kernel image memory: 2008K
May  7 13:01:11 ldap kernel: [    2.445813] Freeing unused kernel image memory: 1876K
May  7 13:01:11 ldap kernel: [    2.466427] x86/mm: Checked W+X mappings: passed, no W+X pages found.
May  7 13:01:11 ldap kernel: [    2.466893] x86/mm: Checking user space page tables
May  7 13:01:11 ldap kernel: [    2.482098] x86/mm: Checked W+X mappings: passed, no W+X pages found.
May  7 13:01:11 ldap kernel: [    2.690683] ACPI: Video Device [GFX0] (multi-head: yes  rom: no  post: no)
May  7 13:01:11 ldap kernel: [    2.691864] input: Video Bus as /devices/LNXSYSTM:00/LNXSYBUS:00/PNP0A03:00/LNXVIDEO:00/input/input4
May  7 13:01:11 ldap kernel: [    2.727897] e1000: Intel(R) PRO/1000 Network Driver - version 7.3.21-k8-NAPI
May  7 13:01:11 ldap kernel: [    2.728313] e1000: Copyright (c) 1999-2006 Intel Corporation.
May  7 13:01:11 ldap kernel: [    2.772378] usb 1-1: new full-speed USB device number 2 using ohci-pci
May  7 13:01:11 ldap kernel: [    2.892780] AVX2 version of gcm_enc/dec engaged.
May  7 13:01:11 ldap kernel: [    2.893164] AES CTR mode by8 optimization enabled
May  7 13:01:11 ldap kernel: [    2.970591] input: ImExPS/2 Generic Explorer Mouse as /devices/platform/i8042/serio1/input/input5
May  7 13:01:11 ldap kernel: [    3.116215] random: fast init done
May  7 13:01:11 ldap kernel: [    3.136746] usb 1-1: New USB device found, idVendor=80ee, idProduct=0021
May  7 13:01:11 ldap kernel: [    3.137201] usb 1-1: New USB device strings: Mfr=1, Product=3, SerialNumber=0
May  7 13:01:11 ldap kernel: [    3.137729] usb 1-1: Product: USB Tablet
May  7 13:01:11 ldap kernel: [    3.138016] usb 1-1: Manufacturer: VirtualBox
May  7 13:01:11 ldap kernel: [    3.138546] random: systemd-udevd: uninitialized urandom read (16 bytes read)
May  7 13:01:11 ldap kernel: [    3.138990] random: systemd-udevd: uninitialized urandom read (16 bytes read)
May  7 13:01:11 ldap kernel: [    3.139449] random: systemd-udevd: uninitialized urandom read (16 bytes read)
May  7 13:01:11 ldap kernel: [    3.166879] hidraw: raw HID events driver (C) Jiri Kosina
May  7 13:01:11 ldap kernel: [    3.188930] usbcore: registered new interface driver usbhid
May  7 13:01:11 ldap kernel: [    3.189552] usbhid: USB HID core driver
May  7 13:01:11 ldap kernel: [    3.207819] input: VirtualBox USB Tablet as /devices/pci0000:00/0000:00:06.0/usb1/1-1/1-1:1.0/0003:80EE:0021.0001/input/input6
May  7 13:01:11 ldap kernel: [    3.208955] hid-generic 0003:80EE:0021.0001: input,hidraw0: USB HID v1.10 Mouse [VirtualBox USB Tablet] on usb-0000:00:06.0-1/input0
May  7 13:01:11 ldap kernel: [    3.616208] e1000 0000:00:03.0 eth0: (PCI:33MHz:32-bit) 08:00:27:d5:2e:a0
May  7 13:01:11 ldap kernel: [    3.616638] e1000 0000:00:03.0 eth0: Intel(R) PRO/1000 Network Connection
May  7 13:01:11 ldap kernel: [    3.624623] piix4_smbus 0000:00:07.0: SMBus Host Controller at 0x4100, revision 0
May  7 13:01:11 ldap kernel: [    3.625856] ahci 0000:00:0d.0: version 3.0
May  7 13:01:11 ldap kernel: [    3.627617] ahci 0000:00:0d.0: SSS flag set, parallel bus scan disabled
May  7 13:01:11 ldap kernel: [    3.628275] ahci 0000:00:0d.0: AHCI 0001.0100 32 slots 1 ports 3 Gbps 0x1 impl SATA mode
May  7 13:01:11 ldap kernel: [    3.628907] ahci 0000:00:0d.0: flags: 64bit ncq stag only ccc 
May  7 13:01:11 ldap kernel: [    3.634321] e1000 0000:00:03.0 enp0s3: renamed from eth0
May  7 13:01:11 ldap kernel: [    3.640213] scsi host2: ahci
May  7 13:01:11 ldap kernel: [    3.641261] ata3: SATA max UDMA/133 abar m8192@0xf1806000 port 0xf1806100 irq 21
May  7 13:01:11 ldap kernel: [    3.645873] [drm] DMA map mode: Using physical TTM page addresses.
May  7 13:01:11 ldap kernel: [    3.646791] [drm] Capabilities:
May  7 13:01:11 ldap kernel: [    3.647073] [drm]   Cursor.
May  7 13:01:11 ldap kernel: [    3.647336] [drm]   Cursor bypass 2.
May  7 13:01:11 ldap kernel: [    3.647776] [drm]   Alpha cursor.
May  7 13:01:11 ldap kernel: [    3.648068] [drm]   3D.
May  7 13:01:11 ldap kernel: [    3.648317] [drm]   Extended Fifo.
May  7 13:01:11 ldap kernel: [    3.648625] [drm]   Pitchlock.
May  7 13:01:11 ldap kernel: [    3.648941] [drm]   Irq mask.
May  7 13:01:11 ldap kernel: [    3.649379] [drm]   GMR.
May  7 13:01:11 ldap kernel: [    3.649724] [drm]   Traces.
May  7 13:01:11 ldap kernel: [    3.649990] [drm]   GMR2.
May  7 13:01:11 ldap kernel: [    3.650297] [drm]   Screen Object 2.
May  7 13:01:11 ldap kernel: [    3.650998] [drm] Max GMR ids is 8192
May  7 13:01:11 ldap kernel: [    3.652882] [drm] Max number of GMR pages is 1048576
May  7 13:01:11 ldap kernel: [    3.653412] [drm] Max dedicated hypervisor surface memory is 507904 kiB
May  7 13:01:11 ldap kernel: [    3.653872] [drm] Maximum display memory size is 16384 kiB
May  7 13:01:11 ldap kernel: [    3.654247] [drm] VRAM at 0xf0000000 size is 16384 kiB
May  7 13:01:11 ldap kernel: [    3.654600] [drm] MMIO at 0xf1000000 size is 2048 kiB
May  7 13:01:11 ldap kernel: [    3.655637] [drm] global init.
May  7 13:01:11 ldap kernel: [    3.657654] [TTM] Zone  kernel: Available graphics memory: 246352 kiB
May  7 13:01:11 ldap kernel: [    3.659044] [TTM] Initializing pool allocator
May  7 13:01:11 ldap kernel: [    3.660331] [TTM] Initializing DMA pool allocator
May  7 13:01:11 ldap kernel: [    3.660948] [drm] Supports vblank timestamp caching Rev 2 (21.10.2013).
May  7 13:01:11 ldap kernel: [    3.661777] [drm] No driver support for vblank timestamp query.
May  7 13:01:11 ldap kernel: [    3.665820] [drm] Screen Objects Display Unit initialized
May  7 13:01:11 ldap kernel: [    3.666362] [drm] width 720
May  7 13:01:11 ldap kernel: [    3.666855] [drm] height 400
May  7 13:01:11 ldap kernel: [    3.667992] [drm] bpp 32
May  7 13:01:11 ldap kernel: [    3.669602] [drm] Fifo max 0x00200000 min 0x00001000 cap 0x00000355
May  7 13:01:11 ldap kernel: [    3.673097] [drm] DX: no.
May  7 13:01:11 ldap kernel: [    3.674689] [drm] Atomic: yes
May  7 13:01:11 ldap kernel: [    3.676605] [drm:vmw_host_log [vmwgfx]] *ERROR* Failed to send log
May  7 13:01:11 ldap kernel: [    3.679872] [drm:vmw_host_log [vmwgfx]] *ERROR* Failed to send log
May  7 13:01:11 ldap kernel: [    3.690751] fbcon: svgadrmfb (fb0) is primary device
May  7 13:01:11 ldap kernel: [    3.695137] Console: switching to colour frame buffer device 100x37
May  7 13:01:11 ldap kernel: [    3.696586] [drm] Initialized vmwgfx 2.14.0 20170612 for 0000:00:02.0 on minor 0
May  7 13:01:11 ldap kernel: [    3.956012] ata3: SATA link up 3.0 Gbps (SStatus 123 SControl 300)
May  7 13:01:11 ldap kernel: [    3.956892] ata3.00: ATA-6: VBOX HARDDISK, 1.0, max UDMA/133
May  7 13:01:11 ldap kernel: [    3.956927] ata3.00: 41943040 sectors, multi 128: LBA48 NCQ (depth 31/32)
May  7 13:01:11 ldap kernel: [    3.957275] ata3.00: configured for UDMA/133
May  7 13:01:11 ldap kernel: [    3.957561] scsi 2:0:0:0: Direct-Access     ATA      VBOX HARDDISK    1.0  PQ: 0 ANSI: 5
May  7 13:01:11 ldap kernel: [    3.957863] sd 2:0:0:0: [sda] 41943040 512-byte logical blocks: (21.5 GB/20.0 GiB)
May  7 13:01:11 ldap kernel: [    3.957913] sd 2:0:0:0: [sda] Write Protect is off
May  7 13:01:11 ldap kernel: [    3.957938] sd 2:0:0:0: [sda] Mode Sense: 00 3a 00 00
May  7 13:01:11 ldap kernel: [    3.957964] sd 2:0:0:0: [sda] Write cache: enabled, read cache: enabled, doesn't support DPO or FUA
May  7 13:01:11 ldap kernel: [    3.958388] sd 2:0:0:0: Attached scsi generic sg1 type 0
May  7 13:01:11 ldap kernel: [    3.968414]  sda: sda1 sda2 sda3 sda4 sda5 sda6 sda7
May  7 13:01:11 ldap kernel: [    3.971383] sd 2:0:0:0: [sda] Attached SCSI disk
May  7 13:01:11 ldap kernel: [    4.980201] raid6: sse2x1   gen()  5413 MB/s
May  7 13:01:11 ldap kernel: [    5.028578] raid6: sse2x1   xor()  4099 MB/s
May  7 13:01:11 ldap kernel: [    5.076074] raid6: sse2x2   gen()  6856 MB/s
May  7 13:01:11 ldap kernel: [    5.124265] raid6: sse2x2   xor()  4433 MB/s
May  7 13:01:11 ldap kernel: [    5.172143] raid6: sse2x4   gen()  8378 MB/s
May  7 13:01:11 ldap kernel: [    5.220116] raid6: sse2x4   xor()  5183 MB/s
May  7 13:01:11 ldap kernel: [    5.268615] raid6: avx2x1   gen() 13198 MB/s
May  7 13:01:11 ldap kernel: [    5.316243] raid6: avx2x1   xor()  9239 MB/s
May  7 13:01:11 ldap kernel: [    5.364428] raid6: avx2x2   gen() 14519 MB/s
May  7 13:01:11 ldap kernel: [    5.412773] raid6: avx2x2   xor()  9385 MB/s
May  7 13:01:11 ldap kernel: [    5.460163] raid6: avx2x4   gen() 14454 MB/s
May  7 13:01:11 ldap kernel: [    5.508522] raid6: avx2x4   xor()  8614 MB/s
May  7 13:01:11 ldap kernel: [    5.509003] raid6: using algorithm avx2x2 gen() 14519 MB/s
May  7 13:01:11 ldap kernel: [    5.509581] raid6: .... xor() 9385 MB/s, rmw enabled
May  7 13:01:11 ldap kernel: [    5.510228] raid6: using avx2x2 recovery algorithm
May  7 13:01:11 ldap kernel: [    5.517462] xor: automatically using best checksumming function   avx       
May  7 13:01:11 ldap kernel: [    5.520743] async_tx: api initialized (async)
May  7 13:01:11 ldap kernel: [    5.612470] Btrfs loaded, crc32c=crc32c-intel
May  7 13:01:11 ldap kernel: [    5.858026] EXT4-fs (sda2): mounted filesystem with ordered data mode. Opts: (null)
May  7 13:01:11 ldap kernel: [    7.178814] ip_tables: (C) 2000-2006 Netfilter Core Team
May  7 13:01:11 ldap kernel: [    7.213523] systemd[1]: systemd 237 running in system mode. (+PAM +AUDIT +SELINUX +IMA +APPARMOR +SMACK +SYSVINIT +UTMP +LIBCRYPTSETUP +GCRYPT +GNUTLS +ACL +XZ +LZ4 +SECCOMP +BLKID +ELFUTILS +KMOD -IDN2 +IDN -PCRE2 default-hierarchy=hybrid)
May  7 13:01:11 ldap kernel: [    7.215710] systemd[1]: Detected virtualization oracle.
May  7 13:01:11 ldap kernel: [    7.216713] systemd[1]: Detected architecture x86-64.
May  7 13:01:11 ldap kernel: [    7.272342] systemd[1]: Set hostname to <ldap>.
May  7 13:01:11 ldap kernel: [    7.865280] random: crng init done
May  7 13:01:11 ldap kernel: [    7.865666] random: 7 urandom warning(s) missed due to ratelimiting
May  7 13:01:11 ldap kernel: [    8.947680] systemd[1]: Started Forward Password Requests to Wall Directory Watch.
May  7 13:01:11 ldap kernel: [    8.948944] systemd[1]: Set up automount Arbitrary Executable File Formats File System Automount Point.
May  7 13:01:11 ldap kernel: [    8.951739] systemd[1]: Created slice System Slice.
May  7 13:01:11 ldap kernel: [    8.953721] systemd[1]: Listening on Device-mapper event daemon FIFOs.
May  7 13:01:11 ldap kernel: [    8.955887] systemd[1]: Listening on Journal Socket.
May  7 13:01:11 ldap kernel: [    8.960401] systemd[1]: Mounting Kernel Debug File System...
May  7 13:01:11 ldap kernel: [    9.237580] EXT4-fs (sda2): re-mounted. Opts: (null)
May  7 13:01:11 ldap kernel: [    9.692399] Loading iSCSI transport class v2.0-870.
May  7 13:01:11 ldap kernel: [    9.725003] iscsi: registered transport (tcp)
May  7 13:01:11 ldap kernel: [    9.916685] iscsi: registered transport (iser)
May  7 13:01:11 ldap kernel: [   10.804142] vgdrvHeartbeatInit: Setting up heartbeat to trigger every 2000 milliseconds
May  7 13:01:11 ldap kernel: [   10.804424] input: Unspecified device as /devices/pci0000:00/0000:00:04.0/input/input7
May  7 13:01:11 ldap kernel: [   10.804608] vboxguest: misc device minor 56, IRQ 20, I/O port d040, MMIO at 00000000f1400000 (size 0x400000)
May  7 13:01:11 ldap kernel: [   10.804610] vboxguest: Successfully loaded version 5.2.8_KernelUbuntu (interface 0x00010004)
May  7 13:01:11 ldap kernel: [   11.155137] RAPL PMU: API unit is 2^-32 Joules, 5 fixed counters, 10737418240 ms ovfl timer
May  7 13:01:11 ldap kernel: [   11.155139] RAPL PMU: hw unit of domain pp0-core 2^-0 Joules
May  7 13:01:11 ldap kernel: [   11.155139] RAPL PMU: hw unit of domain package 2^-0 Joules
May  7 13:01:11 ldap kernel: [   11.155140] RAPL PMU: hw unit of domain dram 2^-0 Joules
May  7 13:01:11 ldap kernel: [   11.155140] RAPL PMU: hw unit of domain pp1-gpu 2^-0 Joules
May  7 13:01:11 ldap kernel: [   11.155141] RAPL PMU: hw unit of domain psys 2^-0 Joules
May  7 13:01:11 ldap kernel: [   13.148230] snd_intel8x0 0000:00:05.0: white list rate for 1028:0177 is 48000
May  7 13:01:11 ldap kernel: [   13.348633] EXT4-fs (sda6): mounted filesystem with ordered data mode. Opts: (null)
May  7 13:01:11 ldap kernel: [   13.363129] Adding 4191228k swap on /dev/sda7.  Priority:-2 extents:1 across:4191228k FS
May  7 13:01:11 ldap kernel: [   13.492402] EXT4-fs (sda5): mounted filesystem with ordered data mode. Opts: (null)
May  7 13:01:11 ldap kernel: [   13.559282] EXT4-fs (sda3): mounted filesystem with ordered data mode. Opts: (null)
May  7 13:01:11 ldap kernel: [   13.675120] systemd-journald[397]: Received request to flush runtime journal from PID 1
May  7 13:01:11 ldap kernel: [   14.001240] EXT4-fs (sda4): mounted filesystem with ordered data mode. Opts: (null)
May  7 13:01:11 ldap kernel: [   14.843341] audit: type=1400 audit(1588856458.980:2): apparmor="STATUS" operation="profile_load" profile="unconfined" name="lxc-container-default" pid=707 comm="apparmor_parser"
May  7 13:01:11 ldap kernel: [   14.843346] audit: type=1400 audit(1588856458.980:3): apparmor="STATUS" operation="profile_load" profile="unconfined" name="lxc-container-default-cgns" pid=707 comm="apparmor_parser"
May  7 13:01:11 ldap kernel: [   14.843348] audit: type=1400 audit(1588856458.980:4): apparmor="STATUS" operation="profile_load" profile="unconfined" name="lxc-container-default-with-mounting" pid=707 comm="apparmor_parser"
May  7 13:01:11 ldap kernel: [   14.843350] audit: type=1400 audit(1588856458.980:5): apparmor="STATUS" operation="profile_load" profile="unconfined" name="lxc-container-default-with-nesting" pid=707 comm="apparmor_parser"
May  7 13:01:11 ldap kernel: [   14.895761] audit: type=1400 audit(1588856459.032:6): apparmor="STATUS" operation="profile_load" profile="unconfined" name="/sbin/dhclient" pid=716 comm="apparmor_parser"
May  7 13:01:11 ldap kernel: [   14.895765] audit: type=1400 audit(1588856459.032:7): apparmor="STATUS" operation="profile_load" profile="unconfined" name="/usr/lib/NetworkManager/nm-dhcp-client.action" pid=716 comm="apparmor_parser"
May  7 13:01:11 ldap kernel: [   14.895767] audit: type=1400 audit(1588856459.032:8): apparmor="STATUS" operation="profile_load" profile="unconfined" name="/usr/lib/NetworkManager/nm-dhcp-helper" pid=716 comm="apparmor_parser"
May  7 13:01:11 ldap kernel: [   14.895769] audit: type=1400 audit(1588856459.032:9): apparmor="STATUS" operation="profile_load" profile="unconfined" name="/usr/lib/connman/scripts/dhclient-script" pid=716 comm="apparmor_parser"
May  7 13:01:11 ldap kernel: [   14.898894] audit: type=1400 audit(1588856459.036:10): apparmor="STATUS" operation="profile_load" profile="unconfined" name="/usr/bin/lxc-start" pid=717 comm="apparmor_parser"
May  7 13:01:11 ldap kernel: [   14.919090] audit: type=1400 audit(1588856459.056:11): apparmor="STATUS" operation="profile_load" profile="unconfined" name="/usr/bin/man" pid=718 comm="apparmor_parser"
May  7 13:01:11 ldap kernel: [   20.104668] IPv6: ADDRCONF(NETDEV_UP): enp0s3: link is not ready
May  7 13:01:11 ldap kernel: [   20.105143] e1000: enp0s3 NIC Link is Up 1000 Mbps Full Duplex, Flow Control: RX
May  7 13:01:11 ldap kernel: [   20.112231] IPv6: ADDRCONF(NETDEV_CHANGE): enp0s3: link becomes ready
May  7 13:01:11 ldap kernel: [   26.600032] new mount options do not match the existing superblock, will be ignored
May  7 13:01:12 ldap polkitd[1091]: started daemon version 0.105 using authority implementation `local' version `0.105'
May  7 13:01:12 ldap dbus-daemon[935]: [system] Successfully activated service 'org.freedesktop.PolicyKit1'
May  7 13:01:12 ldap systemd[1]: Started Authorization Manager.
May  7 13:01:12 ldap accounts-daemon[1013]: started daemon version 0.6.45
May  7 13:01:12 ldap systemd[1]: Started Accounts Service.
May  7 13:01:12 ldap systemd[1]: Started LXD - container startup/shutdown.
May  7 13:01:13 ldap snapd[886]: AppArmor status: apparmor is enabled and all features are available
May  7 13:01:13 ldap snapd[886]: daemon.go:343: started snapd/2.44.3 (series 16; classic) ubuntu/18.04 (amd64) linux/4.15.0-99-generic.
May  7 13:01:13 ldap 50-motd-news[867]:  * Ubuntu 20.04 LTS is out, raising the bar on performance, security,
May  7 13:01:13 ldap 50-motd-news[867]:    and optimisation for Intel, AMD, Nvidia, ARM64 and Z15 as well as
May  7 13:01:13 ldap 50-motd-news[867]:    AWS, Azure and Google Cloud.
May  7 13:01:13 ldap 50-motd-news[867]:      https://ubuntu.com/blog/ubuntu-20-04-lts-arrives
May  7 13:01:14 ldap systemd[1]: Started Message of the Day.
May  7 13:01:14 ldap snapd[886]: daemon.go:436: adjusting startup timeout by 35s (pessimistic estimate of 30s plus 5s per snap)
May  7 13:01:14 ldap systemd[1]: Started Snappy daemon.
May  7 13:01:14 ldap systemd[1]: Starting Wait until snapd is fully seeded...
May  7 13:01:15 ldap systemd[1]: Started Wait until snapd is fully seeded.
May  7 13:01:15 ldap systemd[1]: Starting Apply the settings specified in cloud-config...
May  7 13:01:16 ldap snapd[886]: storehelpers.go:438: cannot refresh snap "core": snap has no updates available
May  7 13:01:16 ldap snapd[886]: autorefresh.go:397: auto-refresh: all snaps are up-to-date
May  7 13:01:18 ldap cloud-init[1228]: Cloud-init v. 19.4-33-gbb4131a2-0ubuntu1~18.04.1 running 'modules:config' at Thu, 07 May 2020 13:01:17 +0000. Up 33.30 seconds.
May  7 13:01:18 ldap systemd[1]: Started Apply the settings specified in cloud-config.
May  7 13:01:19 ldap systemd[1]: Started LSB: web-based administration interface for Unix systems.
May  7 13:01:19 ldap systemd[1]: Reached target Multi-User System.
May  7 13:01:19 ldap systemd[1]: Starting Execute cloud user/final scripts...
May  7 13:01:19 ldap systemd[1]: Reached target Graphical Interface.
May  7 13:01:19 ldap systemd[1]: Starting Update UTMP about System Runlevel Changes...
May  7 13:01:19 ldap systemd[1]: Started Update UTMP about System Runlevel Changes.
May  7 13:01:21 ldap cloud-init[1276]: Cloud-init v. 19.4-33-gbb4131a2-0ubuntu1~18.04.1 running 'modules:final' at Thu, 07 May 2020 13:01:21 +0000. Up 36.97 seconds.
May  7 13:01:21 ldap cloud-init[1276]: Cloud-init v. 19.4-33-gbb4131a2-0ubuntu1~18.04.1 finished at Thu, 07 May 2020 13:01:21 +0000. Datasource DataSourceNoCloud [seed=/var/lib/cloud/seed/nocloud-net][dsmode=net].  Up 37.74 seconds
May  7 13:01:21 ldap systemd-resolved[793]: Server returned error NXDOMAIN, mitigating potential DNS violation DVE-2018-0001, retrying transaction with reduced feature level UDP.
May  7 13:01:22 ldap systemd[1]: Started Execute cloud user/final scripts.
May  7 13:01:22 ldap systemd[1]: Starting Daily apt download activities...
May  7 13:01:22 ldap systemd[1]: Reached target Cloud-init target.
May  7 13:01:23 ldap systemd-resolved[793]: Server returned error NXDOMAIN, mitigating potential DNS violation DVE-2018-0001, retrying transaction with reduced feature level UDP.
May  7 13:01:38 ldap systemd-timesyncd[655]: Synchronized to time server 91.189.89.198:123 (ntp.ubuntu.com).
May  7 13:01:53 ldap systemd[1]: Created slice User Slice of ubuntu.
May  7 13:01:54 ldap systemd[1]: Starting User Manager for UID 1000...
May  7 13:01:54 ldap systemd[1]: Started Session 1 of user ubuntu.
May  7 13:01:55 ldap systemd[1962]: Listening on GnuPG cryptographic agent and passphrase cache (access for web browsers).
May  7 13:01:56 ldap systemd[1962]: Reached target Paths.
May  7 13:01:56 ldap systemd[1962]: Listening on GnuPG cryptographic agent and passphrase cache.
May  7 13:01:56 ldap systemd[1962]: Reached target Timers.
May  7 13:01:56 ldap systemd[1962]: Listening on REST API socket for snapd user session agent.
May  7 13:01:56 ldap systemd[1962]: Listening on GnuPG cryptographic agent (ssh-agent emulation).
May  7 13:01:56 ldap systemd[1962]: Listening on GnuPG network certificate management daemon.
May  7 13:01:56 ldap systemd[1962]: Listening on GnuPG cryptographic agent and passphrase cache (restricted).
May  7 13:01:56 ldap systemd[1962]: Reached target Sockets.
May  7 13:01:56 ldap systemd[1962]: Reached target Basic System.
May  7 13:01:56 ldap systemd[1]: Started User Manager for UID 1000.
May  7 13:01:56 ldap systemd[1962]: Reached target Default.
May  7 13:01:56 ldap systemd[1962]: Startup finished in 936ms.
May  7 13:02:49 ldap systemd[1]: Started Daily apt download activities.
May  7 13:02:50 ldap systemd[1]: Starting Daily apt upgrade and clean activities...
May  7 13:03:08 ldap systemd[1]: Stopping Authorization Manager...
May  7 13:03:08 ldap systemd[1]: Stopping User Manager for UID 1000...
May  7 13:03:08 ldap systemd[1]: Stopped target Graphical Interface.
May  7 13:03:08 ldap systemd[1]: Stopping Session 1 of user ubuntu.
May  7 13:03:08 ldap systemd[1]: Stopped target Sound Card.
May  7 13:03:08 ldap systemd[1]: Closed Load/Save RF Kill Switch Status /dev/rfkill Watch.
May  7 13:03:08 ldap systemd[1]: Stopping Accounts Service...
May  7 13:03:09 ldap systemd[1]: Stopped target Timers.
May  7 13:03:09 ldap systemd[1]: Stopped Message of the Day.
May  7 13:03:09 ldap systemd[1]: Stopped Discard unused blocks once a week.
May  7 13:03:09 ldap systemd[1]: Stopped Daily Cleanup of Temporary Directories.
May  7 13:03:09 ldap systemd[1]: Stopped target Cloud-init target.
May  7 13:03:09 ldap systemd[1]: Stopping Availability of block devices...
May  7 13:03:09 ldap systemd[1]: Stopped Execute cloud user/final scripts.
May  7 13:03:09 ldap systemd[1]: Stopped Apply the settings specified in cloud-config.
May  7 13:03:09 ldap systemd[1]: Stopped target Multi-User System.
May  7 13:03:09 ldap systemd[1]: Stopping D-Bus System Message Bus...
May  7 13:03:09 ldap systemd[1]: Stopping LSB: Record successful boot for GRUB...
May  7 13:03:09 ldap systemd[1]: Stopping FUSE filesystem for LXC...
May  7 13:03:09 ldap systemd[1]: Stopped Wait until snapd is fully seeded.
May  7 13:03:09 ldap systemd[1]: Stopping Snappy daemon...
May  7 13:03:09 ldap systemd[1962]: Stopped target Default.
May  7 13:04:12 ldap kernel: [    0.000000] Linux version 4.15.0-99-generic (buildd@lcy01-amd64-013) (gcc version 7.5.0 (Ubuntu 7.5.0-3ubuntu1~18.04)) #100-Ubuntu SMP Wed Apr 22 20:32:56 UTC 2020 (Ubuntu 4.15.0-99.100-generic 4.15.18)
May  7 13:04:12 ldap kernel: [    0.000000] Command line: BOOT_IMAGE=/boot/vmlinuz-4.15.0-99-generic root=UUID=74dc28ba-19e6-402b-8af1-1adfc026bd47 ro maybe-ubiquity
May  7 13:04:12 ldap kernel: [    0.000000] KERNEL supported cpus:
May  7 13:04:12 ldap kernel: [    0.000000]   Intel GenuineIntel
May  7 13:04:12 ldap kernel: [    0.000000]   AMD AuthenticAMD
May  7 13:04:12 ldap kernel: [    0.000000]   Centaur CentaurHauls
May  7 13:04:12 ldap kernel: [    0.000000] x86/fpu: Supporting XSAVE feature 0x001: 'x87 floating point registers'
May  7 13:04:12 ldap kernel: [    0.000000] x86/fpu: Supporting XSAVE feature 0x002: 'SSE registers'
May  7 13:04:12 ldap kernel: [    0.000000] x86/fpu: Supporting XSAVE feature 0x004: 'AVX registers'
May  7 13:04:12 ldap kernel: [    0.000000] x86/fpu: xstate_offset[2]:  576, xstate_sizes[2]:  256
May  7 13:04:12 ldap kernel: [    0.000000] x86/fpu: Enabled xstate features 0x7, context size is 832 bytes, using 'standard' format.
May  7 13:04:12 ldap kernel: [    0.000000] e820: BIOS-provided physical RAM map:
May  7 13:04:12 ldap kernel: [    0.000000] BIOS-e820: [mem 0x0000000000000000-0x000000000009fbff] usable
May  7 13:04:12 ldap kernel: [    0.000000] BIOS-e820: [mem 0x000000000009fc00-0x000000000009ffff] reserved
May  7 13:04:12 ldap kernel: [    0.000000] BIOS-e820: [mem 0x00000000000f0000-0x00000000000fffff] reserved
May  7 13:04:12 ldap kernel: [    0.000000] BIOS-e820: [mem 0x0000000000100000-0x000000001ffeffff] usable
May  7 13:04:12 ldap kernel: [    0.000000] BIOS-e820: [mem 0x000000001fff0000-0x000000001fffffff] ACPI data
May  7 13:04:12 ldap kernel: [    0.000000] BIOS-e820: [mem 0x00000000fec00000-0x00000000fec00fff] reserved
May  7 13:04:12 ldap kernel: [    0.000000] BIOS-e820: [mem 0x00000000fee00000-0x00000000fee00fff] reserved
May  7 13:04:12 ldap kernel: [    0.000000] BIOS-e820: [mem 0x00000000fffc0000-0x00000000ffffffff] reserved
May  7 13:04:12 ldap kernel: [    0.000000] NX (Execute Disable) protection: active
May  7 13:04:12 ldap kernel: [    0.000000] SMBIOS 2.5 present.
May  7 13:04:12 ldap kernel: [    0.000000] DMI: innotek GmbH VirtualBox/VirtualBox, BIOS VirtualBox 12/01/2006
May  7 13:04:12 ldap kernel: [    0.000000] Hypervisor detected: KVM
May  7 13:04:12 ldap kernel: [    0.000000] e820: update [mem 0x00000000-0x00000fff] usable ==> reserved
May  7 13:04:12 ldap kernel: [    0.000000] e820: remove [mem 0x000a0000-0x000fffff] usable
May  7 13:04:12 ldap kernel: [    0.000000] e820: last_pfn = 0x1fff0 max_arch_pfn = 0x400000000
May  7 13:04:12 ldap kernel: [    0.000000] MTRR default type: uncachable
May  7 13:04:12 ldap kernel: [    0.000000] MTRR variable ranges disabled:
May  7 13:04:12 ldap kernel: [    0.000000] MTRR: Disabled
May  7 13:04:12 ldap kernel: [    0.000000] x86/PAT: MTRRs disabled, skipping PAT initialization too.
May  7 13:04:12 ldap kernel: [    0.000000] CPU MTRRs all blank - virtualized system.
May  7 13:04:12 ldap kernel: [    0.000000] x86/PAT: Configuration [0-7]: WB  WT  UC- UC  WB  WT  UC- UC  
May  7 13:04:12 ldap kernel: [    0.000000] Scanning 1 areas for low memory corruption
May  7 13:04:12 ldap kernel: [    0.000000] BRK [0x0e391000, 0x0e391fff] PGTABLE
May  7 13:04:12 ldap kernel: [    0.000000] BRK [0x0e392000, 0x0e392fff] PGTABLE
May  7 13:04:12 ldap kernel: [    0.000000] BRK [0x0e393000, 0x0e393fff] PGTABLE
May  7 13:04:12 ldap kernel: [    0.000000] BRK [0x0e394000, 0x0e394fff] PGTABLE
May  7 13:04:12 ldap kernel: [    0.000000] BRK [0x0e395000, 0x0e395fff] PGTABLE
May  7 13:04:12 ldap kernel: [    0.000000] RAMDISK: [mem 0x1b42a000-0x1eb5efff]
May  7 13:04:12 ldap kernel: [    0.000000] ACPI: Early table checksum verification disabled
May  7 13:04:12 ldap kernel: [    0.000000] ACPI: RSDP 0x00000000000E0000 000024 (v02 VBOX  )
May  7 13:04:12 ldap kernel: [    0.000000] ACPI: XSDT 0x000000001FFF0030 00003C (v01 VBOX   VBOXXSDT 00000001 ASL  00000061)
May  7 13:04:12 ldap kernel: [    0.000000] ACPI: FACP 0x000000001FFF00F0 0000F4 (v04 VBOX   VBOXFACP 00000001 ASL  00000061)
May  7 13:04:12 ldap kernel: [    0.000000] ACPI: DSDT 0x000000001FFF0470 0022EA (v02 VBOX   VBOXBIOS 00000002 INTL 20100528)
May  7 13:04:12 ldap kernel: [    0.000000] ACPI: FACS 0x000000001FFF0200 000040
May  7 13:04:12 ldap kernel: [    0.000000] ACPI: FACS 0x000000001FFF0200 000040
May  7 13:04:12 ldap kernel: [    0.000000] ACPI: APIC 0x000000001FFF0240 000054 (v02 VBOX   VBOXAPIC 00000001 ASL  00000061)
May  7 13:04:12 ldap kernel: [    0.000000] ACPI: SSDT 0x000000001FFF02A0 0001CC (v01 VBOX   VBOXCPUT 00000002 INTL 20100528)
May  7 13:04:12 ldap kernel: [    0.000000] ACPI: Local APIC address 0xfee00000
May  7 13:04:12 ldap kernel: [    0.000000] No NUMA configuration found
May  7 13:04:12 ldap kernel: [    0.000000] Faking a node at [mem 0x0000000000000000-0x000000001ffeffff]
May  7 13:04:12 ldap kernel: [    0.000000] NODE_DATA(0) allocated [mem 0x1ffc5000-0x1ffeffff]
May  7 13:04:12 ldap systemd[1]: Started Create Static Device Nodes in /dev.
May  7 13:04:12 ldap systemd[1]: Starting udev Kernel Device Manager...
May  7 13:04:12 ldap systemd-modules-load[394]: Inserted module 'iscsi_tcp'
May  7 13:04:12 ldap systemd[1]: Started LVM2 metadata daemon.
May  7 13:04:12 ldap systemd[1]: Started Set the console keyboard layout.
May  7 13:04:12 ldap systemd-modules-load[394]: Inserted module 'ib_iser'
May  7 13:04:12 ldap systemd[1]: Started Load Kernel Modules.
May  7 13:04:12 ldap systemd[1]: Starting Apply Kernel Variables...
May  7 13:04:12 ldap systemd[1]: Mounting Kernel Configuration File System...
May  7 13:04:12 ldap systemd[1]: Mounting FUSE Control File System...
May  7 13:04:12 ldap systemd[1]: Started udev Kernel Device Manager.
May  7 13:04:12 ldap systemd[1]: Started Dispatch Password Requests to Console Directory Watch.
May  7 13:04:12 ldap systemd[1]: Reached target Local Encrypted Volumes.
May  7 13:04:12 ldap systemd[1]: Mounted FUSE Control File System.
May  7 13:04:12 ldap systemd[1]: Mounted Kernel Configuration File System.
May  7 13:04:12 ldap systemd[1]: Started Monitoring of LVM2 mirrors, snapshots etc. using dmeventd or progress polling.
May  7 13:04:12 ldap systemd[1]: Reached target Local File Systems (Pre).
May  7 13:04:12 ldap systemd[1]: Started Apply Kernel Variables.
May  7 13:04:12 ldap systemd-udevd[427]: link_config: autonegotiation is unset or enabled, the speed and duplex are not writable.
May  7 13:04:12 ldap systemd-udevd[429]: link_config: autonegotiation is unset or enabled, the speed and duplex are not writable.
May  7 13:04:12 ldap systemd[1]: Listening on Load/Save RF Kill Switch Status /dev/rfkill Watch.
May  7 13:04:12 ldap systemd[1]: Reached target Sound Card.
May  7 13:04:12 ldap systemd[1]: Found device VBOX_HARDDISK 6.
May  7 13:04:12 ldap systemd[1]: Mounting /work...
May  7 13:04:12 ldap systemd[1]: Mounted /work.
May  7 13:04:12 ldap systemd[1]: Found device VBOX_HARDDISK 7.
May  7 13:04:12 ldap systemd[1]: Activating swap /dev/disk/by-uuid/e75c76ba-34f5-48d7-b430-6fa9c2afe3e6...
May  7 13:04:12 ldap systemd[1]: Activated swap /dev/disk/by-uuid/e75c76ba-34f5-48d7-b430-6fa9c2afe3e6.
May  7 13:04:12 ldap systemd[1]: Reached target Swap.
May  7 13:04:12 ldap systemd[1]: Found device VBOX_HARDDISK 3.
May  7 13:04:12 ldap systemd[1]: Mounting /var...
May  7 13:04:12 ldap systemd[1]: Found device VBOX_HARDDISK 4.
May  7 13:04:12 ldap systemd[1]: Mounting /tmp...
May  7 13:04:12 ldap systemd[1]: Found device VBOX_HARDDISK 5.
May  7 13:04:12 ldap systemd[1]: Mounting /home...
May  7 13:04:12 ldap systemd[1]: Mounted /var.
May  7 13:04:12 ldap systemd[1]: Starting Load/Save Random Seed...
May  7 13:04:12 ldap systemd[1]: Mounting Mount unit for core, revision 9066...
May  7 13:04:12 ldap systemd[1]: Starting Flush Journal to Persistent Storage...
May  7 13:04:12 ldap systemd[1]: Mounting Mount unit for core, revision 8268...
May  7 13:04:12 ldap systemd[1]: Mounted /tmp.
May  7 13:04:12 ldap systemd[1]: Mounted /home.
May  7 13:04:12 ldap systemd[1]: Reached target Local File Systems.
May  7 13:04:12 ldap apparmor[605]:  * Starting AppArmor profiles
May  7 13:04:12 ldap systemd[1]: Starting ebtables ruleset management...
May  7 13:04:12 ldap systemd[1]: Starting AppArmor initialization...
May  7 13:04:12 ldap apparmor[605]: Skipping profile in /etc/apparmor.d/disable: usr.sbin.rsyslogd
