Apr 20 14:56:08 syslogServer rsyslogd:  [origin software="rsyslogd" swVersion="8.32.0" x-pid="3443" x-info="http://www.rsyslog.com"] exiting on signal 15.
Apr 20 14:56:08 syslogServer systemd[1]: Stopping System Logging Service...
Apr 20 14:56:08 syslogServer systemd[1]: Stopped System Logging Service.
Apr 20 14:56:08 syslogServer systemd[1]: Starting System Logging Service...
Apr 20 14:56:08 syslogServer systemd[1]: Started System Logging Service.
Apr 20 14:56:08 syslogServer sudo: pam_unix(sudo:session): session closed for user root
Apr 20 14:56:08 syslogServer rsyslogd: imuxsock: Acquired UNIX socket '/run/systemd/journal/syslog' (fd 3) from systemd.  [v8.32.0]
Apr 20 14:56:08 syslogServer rsyslogd: rsyslogd's groupid changed to 106
Apr 20 14:56:08 syslogServer rsyslogd: rsyslogd's userid changed to 102
Apr 20 14:56:08 syslogServer rsyslogd:  [origin software="rsyslogd" swVersion="8.32.0" x-pid="3546" x-info="http://www.rsyslog.com"] start
Apr 20 14:56:17 syslogServer systemd-resolved[816]: Server returned error NXDOMAIN, mitigating potential DNS violation DVE-2018-0001, retrying transaction with reduced feature level UDP.
Apr 20 14:56:17 syslogServer systemd-resolved[816]: Server returned error NXDOMAIN, mitigating potential DNS violation DVE-2018-0001, retrying transaction with reduced feature level UDP.
Apr 20 14:56:45 syslogServer systemd-timesyncd[701]: Network configuration changed, trying to establish connection.
Apr 20 14:56:45 syslogServer systemd-networkd[793]: enp0s3: Configured
Apr 20 14:56:46 syslogServer systemd-timesyncd[701]: Synchronized to time server 91.189.94.4:123 (ntp.ubuntu.com).
Apr 20 15:00:54 syslogServer systemd-resolved[816]: Server returned error NXDOMAIN, mitigating potential DNS violation DVE-2018-0001, retrying transaction with reduced feature level UDP.
Apr 20 15:01:46 syslogServer systemd-timesyncd[701]: Network configuration changed, trying to establish connection.
Apr 20 15:01:46 syslogServer systemd-networkd[793]: enp0s3: Configured
Apr 20 15:01:46 syslogServer systemd-timesyncd[701]: Synchronized to time server 91.189.94.4:123 (ntp.ubuntu.com).
Apr 20 15:05:28 syslogServer systemd-resolved[816]: Server returned error NXDOMAIN, mitigating potential DNS violation DVE-2018-0001, retrying transaction with reduced feature level UDP.
Apr 20 15:06:46 syslogServer systemd-networkd[793]: enp0s3: Configured
Apr 20 15:06:46 syslogServer systemd-timesyncd[701]: Network configuration changed, trying to establish connection.
Apr 20 15:06:46 syslogServer systemd-timesyncd[701]: Synchronized to time server 91.189.94.4:123 (ntp.ubuntu.com).
Apr 20 15:10:22 syslogServer systemd-resolved[816]: Server returned error NXDOMAIN, mitigating potential DNS violation DVE-2018-0001, retrying transaction with reduced feature level UDP.
Apr 20 15:11:46 syslogServer systemd-timesyncd[701]: Network configuration changed, trying to establish connection.
Apr 20 15:11:47 syslogServer systemd-networkd[793]: enp0s3: Configured
Apr 20 15:11:47 syslogServer systemd-timesyncd[701]: Synchronized to time server 91.189.94.4:123 (ntp.ubuntu.com).
Apr 20 15:16:46 syslogServer systemd-timesyncd[701]: Network configuration changed, trying to establish connection.
Apr 20 15:16:46 syslogServer systemd-networkd[793]: enp0s3: Configured
Apr 20 15:16:46 syslogServer systemd-timesyncd[701]: Synchronized to time server 91.189.94.4:123 (ntp.ubuntu.com).
Apr 20 15:17:01 syslogServer CRON[3670]: pam_unix(cron:session): session opened for user root by (uid=0)
Apr 20 15:17:01 syslogServer CRON[3671]: (root) CMD (   cd / && run-parts --report /etc/cron.hourly)
Apr 20 15:17:01 syslogServer CRON[3670]: pam_unix(cron:session): session closed for user root
Apr 20 15:21:46 syslogServer systemd-timesyncd[701]: Network configuration changed, trying to establish connection.
Apr 20 15:21:46 syslogServer systemd-networkd[793]: enp0s3: Configured
Apr 20 15:21:46 syslogServer systemd-timesyncd[701]: Synchronized to time server 91.189.94.4:123 (ntp.ubuntu.com).
Apr 20 15:22:42 syslogServer sudo:   ubuntu : TTY=tty1 ; PWD=/home/ubuntu/Central_Logs ; USER=root ; COMMAND=/sbin/poweroff
Apr 20 15:22:42 syslogServer sudo: pam_unix(sudo:session): session opened for user root by ubuntu(uid=0)
Apr 20 15:22:42 syslogServer systemd[2541]: Stopped target Default.
May  4 16:31:05 syslogServer kernel: [    0.000000] Linux version 4.15.0-96-generic (buildd@lgw01-amd64-004) (gcc version 7.5.0 (Ubuntu 7.5.0-3ubuntu1~18.04)) #97-Ubuntu SMP Wed Apr 1 03:25:46 UTC 2020 (Ubuntu 4.15.0-96.97-generic 4.15.18)
May  4 16:31:05 syslogServer kernel: [    0.000000] Command line: BOOT_IMAGE=/boot/vmlinuz-4.15.0-96-generic root=UUID=2355f5f3-f259-4457-aa71-a76bc1150e4a ro maybe-ubiquity
May  4 16:31:05 syslogServer kernel: [    0.000000] KERNEL supported cpus:
May  4 16:31:05 syslogServer kernel: [    0.000000]   Intel GenuineIntel
May  4 16:31:05 syslogServer kernel: [    0.000000]   AMD AuthenticAMD
May  4 16:31:05 syslogServer kernel: [    0.000000]   Centaur CentaurHauls
May  4 16:31:05 syslogServer kernel: [    0.000000] x86/fpu: Supporting XSAVE feature 0x001: 'x87 floating point registers'
May  4 16:31:05 syslogServer kernel: [    0.000000] x86/fpu: Supporting XSAVE feature 0x002: 'SSE registers'
May  4 16:31:05 syslogServer kernel: [    0.000000] x86/fpu: Supporting XSAVE feature 0x004: 'AVX registers'
May  4 16:31:05 syslogServer kernel: [    0.000000] x86/fpu: xstate_offset[2]:  576, xstate_sizes[2]:  256
May  4 16:31:05 syslogServer kernel: [    0.000000] x86/fpu: Enabled xstate features 0x7, context size is 832 bytes, using 'standard' format.
May  4 16:31:05 syslogServer kernel: [    0.000000] e820: BIOS-provided physical RAM map:
May  4 16:31:05 syslogServer kernel: [    0.000000] BIOS-e820: [mem 0x0000000000000000-0x000000000009fbff] usable
May  4 16:31:05 syslogServer kernel: [    0.000000] BIOS-e820: [mem 0x000000000009fc00-0x000000000009ffff] reserved
May  4 16:31:05 syslogServer kernel: [    0.000000] BIOS-e820: [mem 0x00000000000f0000-0x00000000000fffff] reserved
May  4 16:31:05 syslogServer kernel: [    0.000000] BIOS-e820: [mem 0x0000000000100000-0x000000003ffeffff] usable
May  4 16:31:05 syslogServer kernel: [    0.000000] BIOS-e820: [mem 0x000000003fff0000-0x000000003fffffff] ACPI data
May  4 16:31:05 syslogServer kernel: [    0.000000] BIOS-e820: [mem 0x00000000fec00000-0x00000000fec00fff] reserved
May  4 16:31:05 syslogServer kernel: [    0.000000] BIOS-e820: [mem 0x00000000fee00000-0x00000000fee00fff] reserved
May  4 16:31:05 syslogServer kernel: [    0.000000] BIOS-e820: [mem 0x00000000fffc0000-0x00000000ffffffff] reserved
May  4 16:31:05 syslogServer kernel: [    0.000000] NX (Execute Disable) protection: active
May  4 16:31:05 syslogServer kernel: [    0.000000] SMBIOS 2.5 present.
May  4 16:31:05 syslogServer kernel: [    0.000000] DMI: innotek GmbH VirtualBox/VirtualBox, BIOS VirtualBox 12/01/2006
May  4 16:31:05 syslogServer kernel: [    0.000000] Hypervisor detected: KVM
May  4 16:31:05 syslogServer kernel: [    0.000000] e820: update [mem 0x00000000-0x00000fff] usable ==> reserved
May  4 16:31:05 syslogServer kernel: [    0.000000] e820: remove [mem 0x000a0000-0x000fffff] usable
May  4 16:31:05 syslogServer kernel: [    0.000000] e820: last_pfn = 0x3fff0 max_arch_pfn = 0x400000000
May  4 16:31:05 syslogServer kernel: [    0.000000] MTRR default type: uncachable
May  4 16:31:05 syslogServer kernel: [    0.000000] MTRR variable ranges disabled:
May  4 16:31:05 syslogServer kernel: [    0.000000] MTRR: Disabled
May  4 16:31:05 syslogServer kernel: [    0.000000] x86/PAT: MTRRs disabled, skipping PAT initialization too.
May  4 16:31:05 syslogServer kernel: [    0.000000] CPU MTRRs all blank - virtualized system.
May  4 16:31:05 syslogServer kernel: [    0.000000] x86/PAT: Configuration [0-7]: WB  WT  UC- UC  WB  WT  UC- UC  
May  4 16:31:05 syslogServer kernel: [    0.000000] found SMP MP-table at [mem 0x0009fff0-0x0009ffff]
May  4 16:31:05 syslogServer kernel: [    0.000000] Scanning 1 areas for low memory corruption
May  4 16:31:05 syslogServer kernel: [    0.000000] BRK [0x0b191000, 0x0b191fff] PGTABLE
May  4 16:31:05 syslogServer kernel: [    0.000000] BRK [0x0b192000, 0x0b192fff] PGTABLE
May  4 16:31:05 syslogServer kernel: [    0.000000] BRK [0x0b193000, 0x0b193fff] PGTABLE
May  4 16:31:05 syslogServer kernel: [    0.000000] BRK [0x0b194000, 0x0b194fff] PGTABLE
May  4 16:31:05 syslogServer kernel: [    0.000000] BRK [0x0b195000, 0x0b195fff] PGTABLE
May  4 16:31:05 syslogServer kernel: [    0.000000] RAMDISK: [mem 0x3118d000-0x348bdfff]
May  4 16:31:05 syslogServer kernel: [    0.000000] ACPI: Early table checksum verification disabled
May  4 16:31:05 syslogServer kernel: [    0.000000] ACPI: RSDP 0x00000000000E0000 000024 (v02 VBOX  )
May  4 16:31:05 syslogServer kernel: [    0.000000] ACPI: XSDT 0x000000003FFF0030 00003C (v01 VBOX   VBOXXSDT 00000001 ASL  00000061)
May  4 16:31:05 syslogServer kernel: [    0.000000] ACPI: FACP 0x000000003FFF00F0 0000F4 (v04 VBOX   VBOXFACP 00000001 ASL  00000061)
May  4 16:31:05 syslogServer kernel: [    0.000000] ACPI: DSDT 0x000000003FFF0470 0022EA (v02 VBOX   VBOXBIOS 00000002 INTL 20100528)
May  4 16:31:05 syslogServer kernel: [    0.000000] ACPI: FACS 0x000000003FFF0200 000040
May  4 16:31:05 syslogServer kernel: [    0.000000] ACPI: FACS 0x000000003FFF0200 000040
May  4 16:31:05 syslogServer kernel: [    0.000000] ACPI: APIC 0x000000003FFF0240 000054 (v02 VBOX   VBOXAPIC 00000001 ASL  00000061)
May  4 16:31:05 syslogServer kernel: [    0.000000] ACPI: SSDT 0x000000003FFF02A0 0001CC (v01 VBOX   VBOXCPUT 00000002 INTL 20100528)
May  4 16:31:05 syslogServer kernel: [    0.000000] ACPI: Local APIC address 0xfee00000
May  4 16:31:05 syslogServer kernel: [    0.000000] No NUMA configuration found
May  4 16:31:05 syslogServer kernel: [    0.000000] Faking a node at [mem 0x0000000000000000-0x000000003ffeffff]
May  4 16:31:05 syslogServer kernel: [    0.000000] NODE_DATA(0) allocated [mem 0x3ffc5000-0x3ffeffff]
May  4 16:31:05 syslogServer kernel: [    0.000000] kvm-clock: cpu 0, msr 0:3ff44001, primary cpu clock
May  4 16:31:05 syslogServer kernel: [    0.000000] kvm-clock: Using msrs 4b564d01 and 4b564d00
May  4 16:31:05 syslogServer kernel: [    0.000000] kvm-clock: using sched offset of 7416313241 cycles
May  4 16:31:05 syslogServer kernel: [    0.000000] clocksource: kvm-clock: mask: 0xffffffffffffffff max_cycles: 0x1cd42e4dffb, max_idle_ns: 881590591483 ns
May  4 16:31:05 syslogServer kernel: [    0.000000] Zone ranges:
May  4 16:31:05 syslogServer kernel: [    0.000000]   DMA      [mem 0x0000000000001000-0x0000000000ffffff]
May  4 16:31:05 syslogServer kernel: [    0.000000]   DMA32    [mem 0x0000000001000000-0x000000003ffeffff]
May  4 16:31:05 syslogServer kernel: [    0.000000]   Normal   empty
May  4 16:31:05 syslogServer kernel: [    0.000000]   Device   empty
May  4 16:31:05 syslogServer kernel: [    0.000000] Movable zone start for each node
May  4 16:31:05 syslogServer kernel: [    0.000000] Early memory node ranges
May  4 16:31:05 syslogServer kernel: [    0.000000]   node   0: [mem 0x0000000000001000-0x000000000009efff]
May  4 16:31:05 syslogServer kernel: [    0.000000]   node   0: [mem 0x0000000000100000-0x000000003ffeffff]
May  4 16:31:05 syslogServer kernel: [    0.000000] Reserved but unavailable: 98 pages
May  4 16:31:05 syslogServer kernel: [    0.000000] Initmem setup node 0 [mem 0x0000000000001000-0x000000003ffeffff]
May  4 16:31:05 syslogServer kernel: [    0.000000] On node 0 totalpages: 262030
May  4 16:31:05 syslogServer kernel: [    0.000000]   DMA zone: 64 pages used for memmap
May  4 16:31:05 syslogServer kernel: [    0.000000]   DMA zone: 21 pages reserved
May  4 16:31:05 syslogServer kernel: [    0.000000]   DMA zone: 3998 pages, LIFO batch:0
May  4 16:31:05 syslogServer kernel: [    0.000000]   DMA32 zone: 4032 pages used for memmap
May  4 16:31:05 syslogServer kernel: [    0.000000]   DMA32 zone: 258032 pages, LIFO batch:31
May  4 16:31:05 syslogServer kernel: [    0.000000] ACPI: PM-Timer IO Port: 0x4008
May  4 16:31:05 syslogServer kernel: [    0.000000] ACPI: Local APIC address 0xfee00000
May  4 16:31:05 syslogServer kernel: [    0.000000] IOAPIC[0]: apic_id 1, version 32, address 0xfec00000, GSI 0-23
May  4 16:31:05 syslogServer kernel: [    0.000000] ACPI: INT_SRC_OVR (bus 0 bus_irq 0 global_irq 2 dfl dfl)
May  4 16:31:05 syslogServer kernel: [    0.000000] ACPI: INT_SRC_OVR (bus 0 bus_irq 9 global_irq 9 low level)
May  4 16:31:05 syslogServer kernel: [    0.000000] ACPI: IRQ0 used by override.
May  4 16:31:05 syslogServer kernel: [    0.000000] ACPI: IRQ9 used by override.
May  4 16:31:05 syslogServer kernel: [    0.000000] Using ACPI (MADT) for SMP configuration information
May  4 16:31:05 syslogServer kernel: [    0.000000] smpboot: Allowing 1 CPUs, 0 hotplug CPUs
May  4 16:31:05 syslogServer kernel: [    0.000000] PM: Registered nosave memory: [mem 0x00000000-0x00000fff]
May  4 16:31:05 syslogServer kernel: [    0.000000] PM: Registered nosave memory: [mem 0x0009f000-0x0009ffff]
May  4 16:31:05 syslogServer kernel: [    0.000000] PM: Registered nosave memory: [mem 0x000a0000-0x000effff]
May  4 16:31:05 syslogServer kernel: [    0.000000] PM: Registered nosave memory: [mem 0x000f0000-0x000fffff]
May  4 16:31:05 syslogServer kernel: [    0.000000] e820: [mem 0x40000000-0xfebfffff] available for PCI devices
May  4 16:31:05 syslogServer kernel: [    0.000000] Booting paravirtualized kernel on KVM
May  4 16:31:05 syslogServer kernel: [    0.000000] clocksource: refined-jiffies: mask: 0xffffffff max_cycles: 0xffffffff, max_idle_ns: 7645519600211568 ns
May  4 16:31:05 syslogServer kernel: [    0.000000] random: get_random_bytes called from start_kernel+0x99/0x4fd with crng_init=0
May  4 16:31:05 syslogServer kernel: [    0.000000] setup_percpu: NR_CPUS:8192 nr_cpumask_bits:1 nr_cpu_ids:1 nr_node_ids:1
May  4 16:31:05 syslogServer kernel: [    0.000000] percpu: Embedded 45 pages/cpu s147456 r8192 d28672 u2097152
May  4 16:31:05 syslogServer kernel: [    0.000000] pcpu-alloc: s147456 r8192 d28672 u2097152 alloc=1*2097152
May  4 16:31:05 syslogServer kernel: [    0.000000] pcpu-alloc: [0] 0 
May  4 16:31:05 syslogServer kernel: [    0.000000] PV qspinlock hash table entries: 256 (order: 0, 4096 bytes)
May  4 16:31:05 syslogServer kernel: [    0.000000] Built 1 zonelists, mobility grouping on.  Total pages: 257913
May  4 16:31:05 syslogServer kernel: [    0.000000] Policy zone: DMA32
May  4 16:31:05 syslogServer kernel: [    0.000000] Kernel command line: BOOT_IMAGE=/boot/vmlinuz-4.15.0-96-generic root=UUID=2355f5f3-f259-4457-aa71-a76bc1150e4a ro maybe-ubiquity
May  4 16:31:05 syslogServer kernel: [    0.000000] Calgary: detecting Calgary via BIOS EBDA area
May  4 16:31:05 syslogServer kernel: [    0.000000] Calgary: Unable to locate Rio Grande table in EBDA - bailing!
May  4 16:31:05 syslogServer kernel: [    0.000000] Memory: 945932K/1048120K available (12300K kernel code, 2481K rwdata, 4264K rodata, 2432K init, 2712K bss, 102188K reserved, 0K cma-reserved)
May  4 16:31:05 syslogServer kernel: [    0.000000] SLUB: HWalign=64, Order=0-3, MinObjects=0, CPUs=1, Nodes=1
May  4 16:31:05 syslogServer kernel: [    0.000000] Kernel/User page tables isolation: enabled
May  4 16:31:05 syslogServer kernel: [    0.000000] ftrace: allocating 39351 entries in 154 pages
May  4 16:31:05 syslogServer kernel: [    0.004000] Hierarchical RCU implementation.
May  4 16:31:05 syslogServer kernel: [    0.004000] 	RCU restricting CPUs from NR_CPUS=8192 to nr_cpu_ids=1.
May  4 16:31:05 syslogServer kernel: [    0.004000] 	Tasks RCU enabled.
May  4 16:31:05 syslogServer kernel: [    0.004000] RCU: Adjusting geometry for rcu_fanout_leaf=16, nr_cpu_ids=1
May  4 16:31:05 syslogServer kernel: [    0.004000] NR_IRQS: 524544, nr_irqs: 256, preallocated irqs: 16
May  4 16:31:05 syslogServer kernel: [    0.004000] Console: colour VGA+ 80x25
May  4 16:31:05 syslogServer kernel: [    0.004000] console [tty0] enabled
May  4 16:31:05 syslogServer kernel: [    0.004000] ACPI: Core revision 20170831
May  4 16:31:05 syslogServer kernel: [    0.004000] ACPI: 2 ACPI AML tables successfully acquired and loaded
May  4 16:31:05 syslogServer kernel: [    0.004000] APIC: Switch to symmetric I/O mode setup
May  4 16:31:05 syslogServer kernel: [    0.004000] x2apic enabled
May  4 16:31:05 syslogServer kernel: [    0.004000] Switched APIC routing to physical x2apic.
May  4 16:31:05 syslogServer kernel: [    0.004000] ..TIMER: vector=0x30 apic1=0 pin1=2 apic2=-1 pin2=-1
May  4 16:31:05 syslogServer kernel: [    0.004000] tsc: Detected 2712.000 MHz processor
May  4 16:31:05 syslogServer kernel: [    0.004000] Calibrating delay loop (skipped) preset value.. 5424.00 BogoMIPS (lpj=10848000)
May  4 16:31:05 syslogServer kernel: [    0.004000] pid_max: default: 32768 minimum: 301
May  4 16:31:05 syslogServer kernel: [    0.004000] Security Framework initialized
May  4 16:31:05 syslogServer kernel: [    0.004000] Yama: becoming mindful.
May  4 16:31:05 syslogServer kernel: [    0.004028] AppArmor: AppArmor initialized
May  4 16:31:05 syslogServer kernel: [    0.004434] Dentry cache hash table entries: 131072 (order: 8, 1048576 bytes)
May  4 16:31:05 syslogServer kernel: [    0.004863] Inode-cache hash table entries: 65536 (order: 7, 524288 bytes)
May  4 16:31:05 syslogServer kernel: [    0.005479] Mount-cache hash table entries: 2048 (order: 2, 16384 bytes)
May  4 16:31:05 syslogServer kernel: [    0.005997] Mountpoint-cache hash table entries: 2048 (order: 2, 16384 bytes)
May  4 16:31:05 syslogServer kernel: [    0.008292] process: using mwait in idle threads
May  4 16:31:05 syslogServer kernel: [    0.008857] Last level iTLB entries: 4KB 64, 2MB 8, 4MB 8
May  4 16:31:05 syslogServer kernel: [    0.009151] Last level dTLB entries: 4KB 64, 2MB 0, 4MB 0, 1GB 4
May  4 16:31:05 syslogServer kernel: [    0.009679] Spectre V1 : Mitigation: usercopy/swapgs barriers and __user pointer sanitization
May  4 16:31:05 syslogServer kernel: [    0.010636] Spectre V2 : Mitigation: Full generic retpoline
May  4 16:31:05 syslogServer kernel: [    0.011290] Spectre V2 : Spectre v2 / SpectreRSB mitigation: Filling RSB on context switch
May  4 16:31:05 syslogServer kernel: [    0.012020] Speculative Store Bypass: Vulnerable
May  4 16:31:05 syslogServer kernel: [    0.012472] MDS: Vulnerable: Clear CPU buffers attempted, no microcode
May  4 16:31:05 syslogServer kernel: [    0.033930] Freeing SMP alternatives memory: 36K
May  4 16:31:05 syslogServer kernel: [    0.148000] smpboot: CPU0: Intel(R) Core(TM) i5-7200U CPU @ 2.50GHz (family: 0x6, model: 0x8e, stepping: 0x9)
May  4 16:31:05 syslogServer kernel: [    0.148000] Performance Events: unsupported p6 CPU model 142 no PMU driver, software events only.
May  4 16:31:05 syslogServer kernel: [    0.148000] Hierarchical SRCU implementation.
May  4 16:31:05 syslogServer kernel: [    0.148000] NMI watchdog: Perf event create on CPU 0 failed with -2
May  4 16:31:05 syslogServer kernel: [    0.148006] NMI watchdog: Perf NMI watchdog permanently disabled
May  4 16:31:05 syslogServer kernel: [    0.148589] smp: Bringing up secondary CPUs ...
May  4 16:31:05 syslogServer kernel: [    0.148865] smp: Brought up 1 node, 1 CPU
May  4 16:31:05 syslogServer kernel: [    0.149083] smpboot: Max logical packages: 1
May  4 16:31:05 syslogServer kernel: [    0.149307] smpboot: Total of 1 processors activated (5424.00 BogoMIPS)
May  4 16:31:05 syslogServer kernel: [    0.149934] devtmpfs: initialized
May  4 16:31:05 syslogServer kernel: [    0.150191] x86/mm: Memory block size: 128MB
May  4 16:31:05 syslogServer kernel: [    0.150634] evm: security.selinux
May  4 16:31:05 syslogServer kernel: [    0.150893] evm: security.SMACK64
May  4 16:31:05 syslogServer kernel: [    0.151089] evm: security.SMACK64EXEC
May  4 16:31:05 syslogServer kernel: [    0.151294] evm: security.SMACK64TRANSMUTE
May  4 16:31:05 syslogServer kernel: [    0.151545] evm: security.SMACK64MMAP
May  4 16:31:05 syslogServer kernel: [    0.151805] evm: security.apparmor
May  4 16:31:05 syslogServer kernel: [    0.152000] evm: security.ima
May  4 16:31:05 syslogServer kernel: [    0.152000] evm: security.capability
May  4 16:31:05 syslogServer kernel: [    0.152205] clocksource: jiffies: mask: 0xffffffff max_cycles: 0xffffffff, max_idle_ns: 7645041785100000 ns
May  4 16:31:05 syslogServer kernel: [    0.152982] futex hash table entries: 256 (order: 2, 16384 bytes)
May  4 16:31:05 syslogServer kernel: [    0.153373] pinctrl core: initialized pinctrl subsystem
May  4 16:31:05 syslogServer kernel: [    0.156224] RTC time: 16:28:41, date: 05/04/20
May  4 16:31:05 syslogServer kernel: [    0.156691] NET: Registered protocol family 16
May  4 16:31:05 syslogServer kernel: [    0.157039] audit: initializing netlink subsys (disabled)
May  4 16:31:05 syslogServer kernel: [    0.157540] cpuidle: using governor ladder
May  4 16:31:05 syslogServer kernel: [    0.157765] cpuidle: using governor menu
May  4 16:31:05 syslogServer kernel: [    0.158691] ACPI: bus type PCI registered
May  4 16:31:05 syslogServer kernel: [    0.159076] acpiphp: ACPI Hot Plug PCI Controller Driver version: 0.5
May  4 16:31:05 syslogServer kernel: [    0.159536] PCI: Using configuration type 1 for base access
May  4 16:31:05 syslogServer kernel: [    0.159886] audit: type=2000 audit(1588609730.171:1): state=initialized audit_enabled=0 res=1
May  4 16:31:05 syslogServer kernel: [    0.161034] HugeTLB registered 2.00 MiB page size, pre-allocated 0 pages
May  4 16:31:05 syslogServer kernel: [    0.164222] ACPI: Added _OSI(Module Device)
May  4 16:31:05 syslogServer kernel: [    0.164476] ACPI: Added _OSI(Processor Device)
May  4 16:31:05 syslogServer kernel: [    0.164781] ACPI: Added _OSI(3.0 _SCP Extensions)
May  4 16:31:05 syslogServer kernel: [    0.165031] ACPI: Added _OSI(Processor Aggregator Device)
May  4 16:31:05 syslogServer kernel: [    0.165320] ACPI: Added _OSI(Linux-Dell-Video)
May  4 16:31:05 syslogServer kernel: [    0.165578] ACPI: Added _OSI(Linux-Lenovo-NV-HDMI-Audio)
May  4 16:31:05 syslogServer kernel: [    0.165878] ACPI: Added _OSI(Linux-HPI-Hybrid-Graphics)
May  4 16:31:05 syslogServer kernel: [    0.168306] ACPI: Executed 1 blocks of module-level executable AML code
May  4 16:31:05 syslogServer kernel: [    0.175049] ACPI: Interpreter enabled
May  4 16:31:05 syslogServer kernel: [    0.176395] ACPI: (supports S0 S5)
May  4 16:31:05 syslogServer kernel: [    0.176693] ACPI: Using IOAPIC for interrupt routing
May  4 16:31:05 syslogServer kernel: [    0.177572] PCI: Using host bridge windows from ACPI; if necessary, use "pci=nocrs" and report a bug
May  4 16:31:05 syslogServer kernel: [    0.178568] ACPI: Enabled 2 GPEs in block 00 to 07
May  4 16:31:05 syslogServer kernel: [    0.190912] ACPI: PCI Root Bridge [PCI0] (domain 0000 [bus 00-ff])
May  4 16:31:05 syslogServer kernel: [    0.191287] acpi PNP0A03:00: _OSC: OS supports [ASPM ClockPM Segments MSI]
May  4 16:31:05 syslogServer kernel: [    0.192000] acpi PNP0A03:00: _OSC: not requesting OS control; OS requires [ExtendedConfig ASPM ClockPM MSI]
May  4 16:31:05 syslogServer kernel: [    0.192020] acpi PNP0A03:00: fail to add MMCONFIG information, can't access extended PCI configuration space under this bridge.
May  4 16:31:05 syslogServer kernel: [    0.193334] PCI host bridge to bus 0000:00
May  4 16:31:05 syslogServer kernel: [    0.193580] pci_bus 0000:00: root bus resource [io  0x0000-0x0cf7 window]
May  4 16:31:05 syslogServer kernel: [    0.194012] pci_bus 0000:00: root bus resource [io  0x0d00-0xffff window]
May  4 16:31:05 syslogServer kernel: [    0.194649] pci_bus 0000:00: root bus resource [mem 0x000a0000-0x000bffff window]
May  4 16:31:05 syslogServer kernel: [    0.196011] pci_bus 0000:00: root bus resource [mem 0x40000000-0xfdffffff window]
May  4 16:31:05 syslogServer kernel: [    0.197148] pci_bus 0000:00: root bus resource [bus 00-ff]
May  4 16:31:05 syslogServer kernel: [    0.197519] pci 0000:00:00.0: [8086:1237] type 00 class 0x060000
May  4 16:31:05 syslogServer kernel: [    0.198373] pci 0000:00:01.0: [8086:7000] type 00 class 0x060100
May  4 16:31:05 syslogServer kernel: [    0.200525] pci 0000:00:01.1: [8086:7111] type 00 class 0x01018a
May  4 16:31:05 syslogServer kernel: [    0.201143] pci 0000:00:01.1: reg 0x20: [io  0xd000-0xd00f]
May  4 16:31:05 syslogServer kernel: [    0.201380] pci 0000:00:01.1: legacy IDE quirk: reg 0x10: [io  0x01f0-0x01f7]
May  4 16:31:05 syslogServer kernel: [    0.201744] pci 0000:00:01.1: legacy IDE quirk: reg 0x14: [io  0x03f6]
May  4 16:31:05 syslogServer kernel: [    0.202061] pci 0000:00:01.1: legacy IDE quirk: reg 0x18: [io  0x0170-0x0177]
May  4 16:31:05 syslogServer kernel: [    0.202431] pci 0000:00:01.1: legacy IDE quirk: reg 0x1c: [io  0x0376]
May  4 16:31:05 syslogServer kernel: [    0.203127] pci 0000:00:02.0: [15ad:0405] type 00 class 0x030000
May  4 16:31:05 syslogServer kernel: [    0.204477] pci 0000:00:02.0: reg 0x10: [io  0xd010-0xd01f]
May  4 16:31:05 syslogServer kernel: [    0.208063] pci 0000:00:02.0: reg 0x14: [mem 0xf0000000-0xf0ffffff]
May  4 16:31:05 syslogServer kernel: [    0.209058] pci 0000:00:02.0: reg 0x18: [mem 0xf1000000-0xf11fffff]
May  4 16:31:05 syslogServer kernel: [    0.214248] pci 0000:00:03.0: [8086:100e] type 00 class 0x020000
May  4 16:31:05 syslogServer kernel: [    0.216175] pci 0000:00:03.0: reg 0x10: [mem 0xf1200000-0xf121ffff]
May  4 16:31:05 syslogServer kernel: [    0.217301] pci 0000:00:03.0: reg 0x18: [io  0xd020-0xd027]
May  4 16:31:05 syslogServer kernel: [    0.221946] pci 0000:00:04.0: [80ee:cafe] type 00 class 0x088000
May  4 16:31:05 syslogServer kernel: [    0.224365] pci 0000:00:04.0: reg 0x10: [io  0xd040-0xd05f]
May  4 16:31:05 syslogServer kernel: [    0.225073] pci 0000:00:04.0: reg 0x14: [mem 0xf1400000-0xf17fffff]
May  4 16:31:05 syslogServer kernel: [    0.225685] pci 0000:00:04.0: reg 0x18: [mem 0xf1800000-0xf1803fff pref]
May  4 16:31:05 syslogServer kernel: [    0.228718] pci 0000:00:05.0: [8086:2415] type 00 class 0x040100
May  4 16:31:05 syslogServer kernel: [    0.228944] pci 0000:00:05.0: reg 0x10: [io  0xd100-0xd1ff]
May  4 16:31:05 syslogServer kernel: [    0.229041] pci 0000:00:05.0: reg 0x14: [io  0xd200-0xd23f]
May  4 16:31:05 syslogServer kernel: [    0.230025] pci 0000:00:06.0: [106b:003f] type 00 class 0x0c0310
May  4 16:31:05 syslogServer kernel: [    0.230757] pci 0000:00:06.0: reg 0x10: [mem 0xf1804000-0xf1804fff]
May  4 16:31:05 syslogServer kernel: [    0.237618] pci 0000:00:07.0: [8086:7113] type 00 class 0x068000
May  4 16:31:05 syslogServer kernel: [    0.240039] pci 0000:00:07.0: quirk: [io  0x4000-0x403f] claimed by PIIX4 ACPI
May  4 16:31:05 syslogServer kernel: [    0.241501] pci 0000:00:07.0: quirk: [io  0x4100-0x410f] claimed by PIIX4 SMB
May  4 16:31:05 syslogServer kernel: [    0.243085] pci 0000:00:0d.0: [8086:2829] type 00 class 0x010601
May  4 16:31:05 syslogServer kernel: [    0.244455] pci 0000:00:0d.0: reg 0x10: [io  0xd240-0xd247]
May  4 16:31:05 syslogServer kernel: [    0.246062] pci 0000:00:0d.0: reg 0x14: [io  0xd248-0xd24b]
May  4 16:31:05 syslogServer kernel: [    0.247012] pci 0000:00:0d.0: reg 0x18: [io  0xd250-0xd257]
May  4 16:31:05 syslogServer kernel: [    0.248046] pci 0000:00:0d.0: reg 0x1c: [io  0xd258-0xd25b]
May  4 16:31:05 syslogServer kernel: [    0.248850] pci 0000:00:0d.0: reg 0x20: [io  0xd260-0xd26f]
May  4 16:31:05 syslogServer kernel: [    0.249595] pci 0000:00:0d.0: reg 0x24: [mem 0xf1806000-0xf1807fff]
May  4 16:31:05 syslogServer kernel: [    0.254936] ACPI: PCI Interrupt Link [LNKA] (IRQs 5 9 10 *11)
May  4 16:31:05 syslogServer kernel: [    0.256088] ACPI: PCI Interrupt Link [LNKB] (IRQs 5 9 *10 11)
May  4 16:31:05 syslogServer kernel: [    0.256582] ACPI: PCI Interrupt Link [LNKC] (IRQs 5 *9 10 11)
May  4 16:31:05 syslogServer kernel: [    0.257000] ACPI: PCI Interrupt Link [LNKD] (IRQs 5 9 10 *11)
May  4 16:31:05 syslogServer kernel: [    0.257731] SCSI subsystem initialized
May  4 16:31:05 syslogServer kernel: [    0.258001] libata version 3.00 loaded.
May  4 16:31:05 syslogServer kernel: [    0.258059] pci 0000:00:02.0: vgaarb: setting as boot VGA device
May  4 16:31:05 syslogServer kernel: [    0.258342] pci 0000:00:02.0: vgaarb: VGA device added: decodes=io+mem,owns=io+mem,locks=none
May  4 16:31:05 syslogServer kernel: [    0.258788] pci 0000:00:02.0: vgaarb: bridge control possible
May  4 16:31:05 syslogServer kernel: [    0.259058] vgaarb: loaded
May  4 16:31:05 syslogServer kernel: [    0.259263] ACPI: bus type USB registered
May  4 16:31:05 syslogServer kernel: [    0.259555] usbcore: registered new interface driver usbfs
May  4 16:31:05 syslogServer kernel: [    0.259853] usbcore: registered new interface driver hub
May  4 16:31:05 syslogServer kernel: [    0.260000] usbcore: registered new device driver usb
May  4 16:31:05 syslogServer kernel: [    0.260089] EDAC MC: Ver: 3.0.0
May  4 16:31:05 syslogServer kernel: [    0.260611] PCI: Using ACPI for IRQ routing
May  4 16:31:05 syslogServer kernel: [    0.260836] PCI: pci_cache_line_size set to 64 bytes
May  4 16:31:05 syslogServer kernel: [    0.261182] e820: reserve RAM buffer [mem 0x0009fc00-0x0009ffff]
May  4 16:31:05 syslogServer kernel: [    0.261187] e820: reserve RAM buffer [mem 0x3fff0000-0x3fffffff]
May  4 16:31:05 syslogServer kernel: [    0.261292] NetLabel: Initializing
May  4 16:31:05 syslogServer kernel: [    0.261495] NetLabel:  domain hash size = 128
May  4 16:31:05 syslogServer kernel: [    0.261722] NetLabel:  protocols = UNLABELED CIPSOv4 CALIPSO
May  4 16:31:05 syslogServer kernel: [    0.262081] NetLabel:  unlabeled traffic allowed by default
May  4 16:31:05 syslogServer kernel: [    0.264794] clocksource: Switched to clocksource kvm-clock
May  4 16:31:05 syslogServer kernel: [    0.294027] VFS: Disk quotas dquot_6.6.0
May  4 16:31:05 syslogServer kernel: [    0.294366] VFS: Dquot-cache hash table entries: 512 (order 0, 4096 bytes)
May  4 16:31:05 syslogServer kernel: [    0.294908] AppArmor: AppArmor Filesystem Enabled
May  4 16:31:05 syslogServer kernel: [    0.295203] pnp: PnP ACPI init
May  4 16:31:05 syslogServer kernel: [    0.295562] pnp 00:00: Plug and Play ACPI device, IDs PNP0303 (active)
May  4 16:31:05 syslogServer kernel: [    0.295784] pnp 00:01: Plug and Play ACPI device, IDs PNP0f03 (active)
May  4 16:31:05 syslogServer kernel: [    0.296301] pnp 00:02: Plug and Play ACPI device, IDs PNP0501 (active)
May  4 16:31:05 syslogServer kernel: [    0.297340] pnp: PnP ACPI: found 3 devices
May  4 16:31:05 syslogServer kernel: [    0.305693] clocksource: acpi_pm: mask: 0xffffff max_cycles: 0xffffff, max_idle_ns: 2085701024 ns
May  4 16:31:05 syslogServer kernel: [    0.307094] pci_bus 0000:00: resource 4 [io  0x0000-0x0cf7 window]
May  4 16:31:05 syslogServer kernel: [    0.307096] pci_bus 0000:00: resource 5 [io  0x0d00-0xffff window]
May  4 16:31:05 syslogServer kernel: [    0.307098] pci_bus 0000:00: resource 6 [mem 0x000a0000-0x000bffff window]
May  4 16:31:05 syslogServer kernel: [    0.307100] pci_bus 0000:00: resource 7 [mem 0x40000000-0xfdffffff window]
May  4 16:31:05 syslogServer kernel: [    0.307192] NET: Registered protocol family 2
May  4 16:31:05 syslogServer kernel: [    0.311613] TCP established hash table entries: 8192 (order: 4, 65536 bytes)
May  4 16:31:05 syslogServer kernel: [    0.312073] TCP bind hash table entries: 8192 (order: 5, 131072 bytes)
May  4 16:31:05 syslogServer kernel: [    0.312745] TCP: Hash tables configured (established 8192 bind 8192)
May  4 16:31:05 syslogServer kernel: [    0.313213] UDP hash table entries: 512 (order: 2, 16384 bytes)
May  4 16:31:05 syslogServer kernel: [    0.313615] UDP-Lite hash table entries: 512 (order: 2, 16384 bytes)
May  4 16:31:05 syslogServer kernel: [    0.314075] NET: Registered protocol family 1
May  4 16:31:05 syslogServer kernel: [    0.314479] pci 0000:00:00.0: Limiting direct PCI/PCI transfers
May  4 16:31:05 syslogServer kernel: [    0.314794] pci 0000:00:01.0: Activating ISA DMA hang workarounds
May  4 16:31:05 syslogServer kernel: [    0.315192] pci 0000:00:02.0: Video device with shadowed ROM at [mem 0x000c0000-0x000dffff]
May  4 16:31:05 syslogServer kernel: [    0.317714] PCI: CLS 0 bytes, default 64
May  4 16:31:05 syslogServer kernel: [    0.317763] Unpacking initramfs...
May  4 16:31:05 syslogServer kernel: [    1.797872] Freeing initrd memory: 56516K
May  4 16:31:05 syslogServer kernel: [    1.798187] clocksource: tsc: mask: 0xffffffffffffffff max_cycles: 0x2717868ea45, max_idle_ns: 440795316085 ns
May  4 16:31:05 syslogServer kernel: [    1.798700] platform rtc_cmos: registered platform RTC device (no PNP device found)
May  4 16:31:05 syslogServer kernel: [    1.799120] Scanning for low memory corruption every 60 seconds
May  4 16:31:05 syslogServer kernel: [    1.800054] Initialise system trusted keyrings
May  4 16:31:05 syslogServer kernel: [    1.800300] Key type blacklist registered
May  4 16:31:05 syslogServer kernel: [    1.800311] workingset: timestamp_bits=36 max_order=18 bucket_order=0
May  4 16:31:05 syslogServer kernel: [    1.803097] zbud: loaded
May  4 16:31:05 syslogServer kernel: [    1.804013] squashfs: version 4.0 (2009/01/31) Phillip Lougher
May  4 16:31:05 syslogServer kernel: [    1.804601] fuse init (API version 7.26)
May  4 16:31:05 syslogServer kernel: [    1.805729] Key type asymmetric registered
May  4 16:31:05 syslogServer kernel: [    1.805996] Asymmetric key parser 'x509' registered
May  4 16:31:05 syslogServer kernel: [    1.806280] Block layer SCSI generic (bsg) driver version 0.4 loaded (major 246)
May  4 16:31:05 syslogServer kernel: [    1.806714] io scheduler noop registered
May  4 16:31:05 syslogServer kernel: [    1.806929] io scheduler deadline registered
May  4 16:31:05 syslogServer kernel: [    1.807181] io scheduler cfq registered (default)
May  4 16:31:05 syslogServer kernel: [    1.807711] ACPI: AC Adapter [AC] (on-line)
May  4 16:31:05 syslogServer kernel: [    1.807984] input: Power Button as /devices/LNXSYSTM:00/LNXPWRBN:00/input/input0
May  4 16:31:05 syslogServer kernel: [    1.808366] ACPI: Power Button [PWRF]
May  4 16:31:05 syslogServer kernel: [    1.808782] input: Sleep Button as /devices/LNXSYSTM:00/LNXSLPBN:00/input/input1
May  4 16:31:05 syslogServer kernel: [    1.809164] ACPI: Sleep Button [SLPF]
May  4 16:31:05 syslogServer kernel: [    1.811067] ACPI: Battery Slot [BAT0] (battery present)
May  4 16:31:05 syslogServer kernel: [    1.811678] Serial: 8250/16550 driver, 32 ports, IRQ sharing enabled
May  4 16:31:05 syslogServer kernel: [    1.833861] 00:02: ttyS0 at I/O 0x3f8 (irq = 4, base_baud = 115200) is a 16550A
May  4 16:31:05 syslogServer kernel: [    1.837309] Linux agpgart interface v0.103
May  4 16:31:05 syslogServer kernel: [    1.839642] loop: module loaded
May  4 16:31:05 syslogServer kernel: [    1.840124] ata_piix 0000:00:01.1: version 2.13
May  4 16:31:05 syslogServer kernel: [    1.840999] scsi host0: ata_piix
May  4 16:31:05 syslogServer kernel: [    1.841381] scsi host1: ata_piix
May  4 16:31:05 syslogServer kernel: [    1.841760] ata1: PATA max UDMA/33 cmd 0x1f0 ctl 0x3f6 bmdma 0xd000 irq 14
May  4 16:31:05 syslogServer kernel: [    1.842081] ata2: PATA max UDMA/33 cmd 0x170 ctl 0x376 bmdma 0xd008 irq 15
May  4 16:31:05 syslogServer kernel: [    1.845203] libphy: Fixed MDIO Bus: probed
May  4 16:31:05 syslogServer kernel: [    1.845565] tun: Universal TUN/TAP device driver, 1.6
May  4 16:31:05 syslogServer kernel: [    1.845862] PPP generic driver version 2.4.2
May  4 16:31:05 syslogServer kernel: [    1.846125] ehci_hcd: USB 2.0 'Enhanced' Host Controller (EHCI) Driver
May  4 16:31:05 syslogServer kernel: [    1.846473] ehci-pci: EHCI PCI platform driver
May  4 16:31:05 syslogServer kernel: [    1.846749] ehci-platform: EHCI generic platform driver
May  4 16:31:05 syslogServer kernel: [    1.847012] ohci_hcd: USB 1.1 'Open' Host Controller (OHCI) Driver
May  4 16:31:05 syslogServer kernel: [    1.847304] ohci-pci: OHCI PCI platform driver
May  4 16:31:05 syslogServer kernel: [    1.848476] ohci-pci 0000:00:06.0: OHCI PCI host controller
May  4 16:31:05 syslogServer kernel: [    1.848772] ohci-pci 0000:00:06.0: new USB bus registered, assigned bus number 1
May  4 16:31:05 syslogServer kernel: [    1.849212] ohci-pci 0000:00:06.0: irq 22, io mem 0xf1804000
May  4 16:31:05 syslogServer kernel: [    1.912689] usb usb1: New USB device found, idVendor=1d6b, idProduct=0001
May  4 16:31:05 syslogServer kernel: [    1.914414] usb usb1: New USB device strings: Mfr=3, Product=2, SerialNumber=1
May  4 16:31:05 syslogServer kernel: [    1.915075] usb usb1: Product: OHCI PCI host controller
May  4 16:31:05 syslogServer kernel: [    1.915433] usb usb1: Manufacturer: Linux 4.15.0-96-generic ohci_hcd
May  4 16:31:05 syslogServer kernel: [    1.915922] usb usb1: SerialNumber: 0000:00:06.0
May  4 16:31:05 syslogServer kernel: [    1.916342] hub 1-0:1.0: USB hub found
May  4 16:31:05 syslogServer kernel: [    1.917622] hub 1-0:1.0: 12 ports detected
May  4 16:31:05 syslogServer kernel: [    1.923774] ohci-platform: OHCI generic platform driver
May  4 16:31:05 syslogServer kernel: [    1.924502] uhci_hcd: USB Universal Host Controller Interface driver
May  4 16:31:05 syslogServer kernel: [    1.925187] i8042: PNP: PS/2 Controller [PNP0303:PS2K,PNP0f03:PS2M] at 0x60,0x64 irq 1,12
May  4 16:31:05 syslogServer kernel: [    1.927571] serio: i8042 KBD port at 0x60,0x64 irq 1
May  4 16:31:05 syslogServer kernel: [    1.928122] serio: i8042 AUX port at 0x60,0x64 irq 12
May  4 16:31:05 syslogServer kernel: [    1.928741] mousedev: PS/2 mouse device common for all mice
May  4 16:31:05 syslogServer kernel: [    1.929676] input: AT Translated Set 2 keyboard as /devices/platform/i8042/serio0/input/input2
May  4 16:31:05 syslogServer kernel: [    1.933880] rtc_cmos rtc_cmos: rtc core: registered rtc_cmos as rtc0
May  4 16:31:05 syslogServer kernel: [    1.934531] rtc_cmos rtc_cmos: alarms up to one day, 114 bytes nvram
May  4 16:31:05 syslogServer kernel: [    1.943807] i2c /dev entries driver
May  4 16:31:05 syslogServer kernel: [    1.944630] device-mapper: uevent: version 1.0.3
May  4 16:31:05 syslogServer kernel: [    1.945441] device-mapper: ioctl: 4.37.0-ioctl (2017-09-20) initialised: dm-devel@redhat.com
May  4 16:31:05 syslogServer kernel: [    1.946024] ledtrig-cpu: registered to indicate activity on CPUs
May  4 16:31:05 syslogServer kernel: [    1.946624] intel_pmc_core:  initialized
May  4 16:31:05 syslogServer kernel: [    1.947325] NET: Registered protocol family 10
May  4 16:31:05 syslogServer kernel: [    1.957720] Segment Routing with IPv6
May  4 16:31:05 syslogServer kernel: [    1.958026] NET: Registered protocol family 17
May  4 16:31:05 syslogServer kernel: [    1.958306] Key type dns_resolver registered
May  4 16:31:05 syslogServer kernel: [    1.958760] mce: Using 0 MCE banks
May  4 16:31:05 syslogServer kernel: [    1.959032] RAS: Correctable Errors collector initialized.
May  4 16:31:05 syslogServer kernel: [    1.959457] sched_clock: Marking stable (1956789599, 0)->(2081255829, -124466230)
May  4 16:31:05 syslogServer kernel: [    1.962548] registered taskstats version 1
May  4 16:31:05 syslogServer kernel: [    1.963011] Loading compiled-in X.509 certificates
May  4 16:31:05 syslogServer kernel: [    1.967371] Loaded X.509 cert 'Build time autogenerated kernel key: 244b473b43e18b01f00e37a87f2ecd28620f0244'
May  4 16:31:05 syslogServer kernel: [    1.968056] zswap: loaded using pool lzo/zbud
May  4 16:31:05 syslogServer kernel: [    1.978723] Key type big_key registered
May  4 16:31:05 syslogServer kernel: [    1.979134] Key type trusted registered
May  4 16:31:05 syslogServer kernel: [    1.984569] Key type encrypted registered
May  4 16:31:05 syslogServer kernel: [    1.984861] AppArmor: AppArmor sha1 policy hashing enabled
May  4 16:31:05 syslogServer kernel: [    1.985210] ima: No TPM chip found, activating TPM-bypass! (rc=-19)
May  4 16:31:05 syslogServer kernel: [    1.985697] ima: Allocated hash algorithm: sha1
May  4 16:31:05 syslogServer kernel: [    1.986139] evm: HMAC attrs: 0x1
May  4 16:31:05 syslogServer kernel: [    1.987285]   Magic number: 4:915:488
May  4 16:31:05 syslogServer kernel: [    1.987590] regulator regulator.0: hash matches
May  4 16:31:05 syslogServer kernel: [    1.988361] rtc_cmos rtc_cmos: setting system clock to 2020-05-04 16:28:43 UTC (1588609723)
May  4 16:31:05 syslogServer kernel: [    1.989354] BIOS EDD facility v0.16 2004-Jun-25, 0 devices found
May  4 16:31:05 syslogServer kernel: [    1.991846] EDD information not available.
May  4 16:31:05 syslogServer kernel: [    2.005668] ata2.00: ATAPI: VBOX CD-ROM, 1.0, max UDMA/133
May  4 16:31:05 syslogServer kernel: [    2.006607] ata2.00: configured for UDMA/33
May  4 16:31:05 syslogServer kernel: [    2.007352] scsi 1:0:0:0: CD-ROM            VBOX     CD-ROM           1.0  PQ: 0 ANSI: 5
May  4 16:31:05 syslogServer kernel: [    2.032480] sr 1:0:0:0: [sr0] scsi3-mmc drive: 32x/32x xa/form2 tray
May  4 16:31:05 syslogServer kernel: [    2.033545] cdrom: Uniform CD-ROM driver Revision: 3.20
May  4 16:31:05 syslogServer kernel: [    2.034345] sr 1:0:0:0: Attached scsi CD-ROM sr0
May  4 16:31:05 syslogServer kernel: [    2.034464] sr 1:0:0:0: Attached scsi generic sg0 type 5
May  4 16:31:05 syslogServer kernel: [    2.038169] Freeing unused kernel image memory: 2432K
May  4 16:31:05 syslogServer kernel: [    2.048594] Write protecting the kernel read-only data: 20480k
May  4 16:31:05 syslogServer kernel: [    2.049362] Freeing unused kernel image memory: 2008K
May  4 16:31:05 syslogServer kernel: [    2.050250] Freeing unused kernel image memory: 1880K
May  4 16:31:05 syslogServer kernel: [    2.068425] x86/mm: Checked W+X mappings: passed, no W+X pages found.
May  4 16:31:05 syslogServer kernel: [    2.068827] x86/mm: Checking user space page tables
May  4 16:31:05 syslogServer kernel: [    2.082015] x86/mm: Checked W+X mappings: passed, no W+X pages found.
May  4 16:31:05 syslogServer kernel: [    2.277661] ACPI: Video Device [GFX0] (multi-head: yes  rom: no  post: no)
May  4 16:31:05 syslogServer kernel: [    2.278110] input: Video Bus as /devices/LNXSYSTM:00/LNXSYBUS:00/PNP0A03:00/LNXVIDEO:00/input/input4
May  4 16:31:05 syslogServer kernel: [    2.310627] e1000: Intel(R) PRO/1000 Network Driver - version 7.3.21-k8-NAPI
May  4 16:31:05 syslogServer kernel: [    2.311573] e1000: Copyright (c) 1999-2006 Intel Corporation.
May  4 16:31:05 syslogServer kernel: [    2.376383] usb 1-1: new full-speed USB device number 2 using ohci-pci
May  4 16:31:05 syslogServer kernel: [    2.445604] AVX2 version of gcm_enc/dec engaged.
May  4 16:31:05 syslogServer kernel: [    2.447108] AES CTR mode by8 optimization enabled
May  4 16:31:05 syslogServer kernel: [    2.575457] input: ImExPS/2 Generic Explorer Mouse as /devices/platform/i8042/serio1/input/input5
May  4 16:31:05 syslogServer kernel: [    2.825730] random: fast init done
May  4 16:31:05 syslogServer kernel: [    2.827578] usb 1-1: New USB device found, idVendor=80ee, idProduct=0021
May  4 16:31:05 syslogServer kernel: [    2.829033] usb 1-1: New USB device strings: Mfr=1, Product=3, SerialNumber=0
May  4 16:31:05 syslogServer kernel: [    2.831928] usb 1-1: Product: USB Tablet
May  4 16:31:05 syslogServer kernel: [    2.834125] usb 1-1: Manufacturer: VirtualBox
May  4 16:31:05 syslogServer kernel: [    2.834842] random: systemd-udevd: uninitialized urandom read (16 bytes read)
May  4 16:31:05 syslogServer kernel: [    2.838956] random: systemd-udevd: uninitialized urandom read (16 bytes read)
May  4 16:31:05 syslogServer kernel: [    2.842751] random: systemd-udevd: uninitialized urandom read (16 bytes read)
May  4 16:31:05 syslogServer kernel: [    2.889003] hidraw: raw HID events driver (C) Jiri Kosina
May  4 16:31:05 syslogServer kernel: [    2.977605] usbcore: registered new interface driver usbhid
May  4 16:31:05 syslogServer kernel: [    2.978034] usbhid: USB HID core driver
May  4 16:31:05 syslogServer kernel: [    2.985970] input: VirtualBox USB Tablet as /devices/pci0000:00/0000:00:06.0/usb1/1-1/1-1:1.0/0003:80EE:0021.0001/input/input6
May  4 16:31:05 syslogServer kernel: [    2.996737] hid-generic 0003:80EE:0021.0001: input,hidraw0: USB HID v1.10 Mouse [VirtualBox USB Tablet] on usb-0000:00:06.0-1/input0
May  4 16:31:05 syslogServer kernel: [    3.578520] e1000 0000:00:03.0 eth0: (PCI:33MHz:32-bit) 08:00:27:e4:5f:27
May  4 16:31:05 syslogServer kernel: [    3.578837] e1000 0000:00:03.0 eth0: Intel(R) PRO/1000 Network Connection
May  4 16:31:05 syslogServer kernel: [    3.579511] piix4_smbus 0000:00:07.0: SMBus Host Controller at 0x4100, revision 0
May  4 16:31:05 syslogServer kernel: [    3.582690] ahci 0000:00:0d.0: version 3.0
May  4 16:31:05 syslogServer kernel: [    3.587916] ahci 0000:00:0d.0: SSS flag set, parallel bus scan disabled
May  4 16:31:05 syslogServer kernel: [    3.588634] ahci 0000:00:0d.0: AHCI 0001.0100 32 slots 1 ports 3 Gbps 0x1 impl SATA mode
May  4 16:31:05 syslogServer kernel: [    3.589187] ahci 0000:00:0d.0: flags: 64bit ncq stag only ccc 
May  4 16:31:05 syslogServer kernel: [    3.592134] e1000 0000:00:03.0 enp0s3: renamed from eth0
May  4 16:31:05 syslogServer kernel: [    3.595321] scsi host2: ahci
May  4 16:31:05 syslogServer kernel: [    3.595739] ata3: SATA max UDMA/133 abar m8192@0xf1806000 port 0xf1806100 irq 21
May  4 16:31:05 syslogServer kernel: [    3.597711] [drm] DMA map mode: Using physical TTM page addresses.
May  4 16:31:05 syslogServer kernel: [    3.598147] [drm] Capabilities:
May  4 16:31:05 syslogServer kernel: [    3.598352] [drm]   Cursor.
May  4 16:31:05 syslogServer kernel: [    3.598566] [drm]   Cursor bypass 2.
May  4 16:31:05 syslogServer kernel: [    3.598958] [drm]   Alpha cursor.
May  4 16:31:05 syslogServer kernel: [    3.599155] [drm]   3D.
May  4 16:31:05 syslogServer kernel: [    3.599333] [drm]   Extended Fifo.
May  4 16:31:05 syslogServer kernel: [    3.599564] [drm]   Pitchlock.
May  4 16:31:05 syslogServer kernel: [    3.599912] [drm]   Irq mask.
May  4 16:31:05 syslogServer kernel: [    3.600103] [drm]   GMR.
May  4 16:31:05 syslogServer kernel: [    3.600369] [drm]   Traces.
May  4 16:31:05 syslogServer kernel: [    3.601023] [drm]   GMR2.
May  4 16:31:05 syslogServer kernel: [    3.601470] [drm]   Screen Object 2.
May  4 16:31:05 syslogServer kernel: [    3.602447] [drm] Max GMR ids is 8192
May  4 16:31:05 syslogServer kernel: [    3.603844] [drm] Max number of GMR pages is 1048576
May  4 16:31:05 syslogServer kernel: [    3.604315] [drm] Max dedicated hypervisor surface memory is 507904 kiB
May  4 16:31:05 syslogServer kernel: [    3.605369] [drm] Maximum display memory size is 16384 kiB
May  4 16:31:05 syslogServer kernel: [    3.605930] [drm] VRAM at 0xf0000000 size is 16384 kiB
May  4 16:31:05 syslogServer kernel: [    3.606198] [drm] MMIO at 0xf1000000 size is 2048 kiB
May  4 16:31:05 syslogServer kernel: [    3.607270] [drm] global init.
May  4 16:31:05 syslogServer kernel: [    3.607842] [TTM] Zone  kernel: Available graphics memory: 504402 kiB
May  4 16:31:05 syslogServer kernel: [    3.608283] [TTM] Initializing pool allocator
May  4 16:31:05 syslogServer kernel: [    3.608923] [TTM] Initializing DMA pool allocator
May  4 16:31:05 syslogServer kernel: [    3.609563] [drm] Supports vblank timestamp caching Rev 2 (21.10.2013).
May  4 16:31:05 syslogServer kernel: [    3.610168] [drm] No driver support for vblank timestamp query.
May  4 16:31:05 syslogServer kernel: [    3.612893] [drm] Screen Objects Display Unit initialized
May  4 16:31:05 syslogServer kernel: [    3.613657] [drm] width 720
May  4 16:31:05 syslogServer kernel: [    3.614464] [drm] height 400
May  4 16:31:05 syslogServer kernel: [    3.614794] [drm] bpp 32
May  4 16:31:05 syslogServer kernel: [    3.615388] [drm] Fifo max 0x00200000 min 0x00001000 cap 0x00000355
May  4 16:31:05 syslogServer kernel: [    3.617699] [drm] DX: no.
May  4 16:31:05 syslogServer kernel: [    3.619136] [drm] Atomic: yes
May  4 16:31:05 syslogServer kernel: [    3.622579] [drm:vmw_host_log [vmwgfx]] *ERROR* Failed to send log
May  4 16:31:05 syslogServer kernel: [    3.625946] [drm:vmw_host_log [vmwgfx]] *ERROR* Failed to send log
May  4 16:31:05 syslogServer kernel: [    3.629845] fbcon: svgadrmfb (fb0) is primary device
May  4 16:31:05 syslogServer kernel: [    3.633610] Console: switching to colour frame buffer device 100x37
May  4 16:31:05 syslogServer kernel: [    3.635311] [drm] Initialized vmwgfx 2.14.0 20170612 for 0000:00:02.0 on minor 0
May  4 16:31:05 syslogServer kernel: [    3.919056] ata3: SATA link up 3.0 Gbps (SStatus 123 SControl 300)
May  4 16:31:05 syslogServer kernel: [    3.919194] ata3.00: ATA-6: VBOX HARDDISK, 1.0, max UDMA/133
May  4 16:31:05 syslogServer kernel: [    3.919212] ata3.00: 41943040 sectors, multi 128: LBA48 NCQ (depth 31/32)
May  4 16:31:05 syslogServer kernel: [    3.919320] ata3.00: configured for UDMA/133
May  4 16:31:05 syslogServer kernel: [    3.919475] scsi 2:0:0:0: Direct-Access     ATA      VBOX HARDDISK    1.0  PQ: 0 ANSI: 5
May  4 16:31:05 syslogServer kernel: [    3.919713] sd 2:0:0:0: [sda] 41943040 512-byte logical blocks: (21.5 GB/20.0 GiB)
May  4 16:31:05 syslogServer kernel: [    3.919753] sd 2:0:0:0: [sda] Write Protect is off
May  4 16:31:05 syslogServer kernel: [    3.919771] sd 2:0:0:0: [sda] Mode Sense: 00 3a 00 00
May  4 16:31:05 syslogServer kernel: [    3.919790] sd 2:0:0:0: [sda] Write cache: enabled, read cache: enabled, doesn't support DPO or FUA
May  4 16:31:05 syslogServer kernel: [    3.920058] sd 2:0:0:0: Attached scsi generic sg1 type 0
May  4 16:31:05 syslogServer kernel: [    3.954772]  sda: sda1 sda2 sda3 sda4 sda5 sda6 sda7
May  4 16:31:05 syslogServer kernel: [    3.955799] sd 2:0:0:0: [sda] Attached SCSI disk
May  4 16:31:05 syslogServer kernel: [    4.564242] raid6: sse2x1   gen()  5093 MB/s
May  4 16:31:05 syslogServer kernel: [    4.612483] raid6: sse2x1   xor()  4404 MB/s
May  4 16:31:05 syslogServer kernel: [    4.660292] raid6: sse2x2   gen()  6210 MB/s
May  4 16:31:05 syslogServer kernel: [    4.708171] raid6: sse2x2   xor()  4444 MB/s
May  4 16:31:05 syslogServer kernel: [    4.756055] raid6: sse2x4   gen()  8157 MB/s
May  4 16:31:05 syslogServer kernel: [    4.804447] raid6: sse2x4   xor()  5620 MB/s
May  4 16:31:05 syslogServer kernel: [    4.852372] raid6: avx2x1   gen() 12558 MB/s
May  4 16:31:05 syslogServer kernel: [    4.901414] raid6: avx2x1   xor()  9358 MB/s
May  4 16:31:05 syslogServer kernel: [    4.948448] raid6: avx2x2   gen() 17571 MB/s
May  4 16:31:05 syslogServer kernel: [    4.996171] raid6: avx2x2   xor() 10082 MB/s
May  4 16:31:05 syslogServer kernel: [    5.044080] raid6: avx2x4   gen() 21389 MB/s
May  4 16:31:05 syslogServer kernel: [    5.092334] raid6: avx2x4   xor() 10448 MB/s
May  4 16:31:05 syslogServer kernel: [    5.092801] raid6: using algorithm avx2x4 gen() 21389 MB/s
May  4 16:31:05 syslogServer kernel: [    5.093190] raid6: .... xor() 10448 MB/s, rmw enabled
May  4 16:31:05 syslogServer kernel: [    5.093595] raid6: using avx2x2 recovery algorithm
May  4 16:31:05 syslogServer kernel: [    5.097341] xor: automatically using best checksumming function   avx       
May  4 16:31:05 syslogServer kernel: [    5.101459] async_tx: api initialized (async)
May  4 16:31:05 syslogServer kernel: [    5.189636] Btrfs loaded, crc32c=crc32c-intel
May  4 16:31:05 syslogServer kernel: [    5.545280] EXT4-fs (sda2): mounted filesystem with ordered data mode. Opts: (null)
May  4 16:31:05 syslogServer kernel: [    6.899517] ip_tables: (C) 2000-2006 Netfilter Core Team
May  4 16:31:05 syslogServer kernel: [    6.931979] systemd[1]: systemd 237 running in system mode. (+PAM +AUDIT +SELINUX +IMA +APPARMOR +SMACK +SYSVINIT +UTMP +LIBCRYPTSETUP +GCRYPT +GNUTLS +ACL +XZ +LZ4 +SECCOMP +BLKID +ELFUTILS +KMOD -IDN2 +IDN -PCRE2 default-hierarchy=hybrid)
May  4 16:31:05 syslogServer kernel: [    6.933872] systemd[1]: Detected virtualization oracle.
May  4 16:31:05 syslogServer kernel: [    6.934343] systemd[1]: Detected architecture x86-64.
May  4 16:31:05 syslogServer kernel: [    6.997147] systemd[1]: Set hostname to <syslogServer>.
May  4 16:31:05 syslogServer kernel: [    7.021858] random: crng init done
May  4 16:31:05 syslogServer kernel: [    7.022699] random: 7 urandom warning(s) missed due to ratelimiting
May  4 16:31:05 syslogServer kernel: [    8.675794] systemd[1]: Reached target User and Group Name Lookups.
May  4 16:31:05 syslogServer kernel: [    8.678812] systemd[1]: Created slice User and Session Slice.
May  4 16:31:05 syslogServer kernel: [    8.681710] systemd[1]: Created slice System Slice.
May  4 16:31:05 syslogServer kernel: [    8.685341] systemd[1]: Listening on /dev/initctl Compatibility Named Pipe.
May  4 16:31:05 syslogServer kernel: [    8.687001] systemd[1]: Listening on LVM2 metadata daemon socket.
May  4 16:31:05 syslogServer kernel: [    8.689412] systemd[1]: Reached target Slices.
May  4 16:31:05 syslogServer kernel: [    8.756719] EXT4-fs (sda2): re-mounted. Opts: (null)
May  4 16:31:05 syslogServer kernel: [    9.151688] Loading iSCSI transport class v2.0-870.
May  4 16:31:05 syslogServer kernel: [    9.261136] iscsi: registered transport (tcp)
May  4 16:31:05 syslogServer kernel: [    9.334623] iscsi: registered transport (iser)
May  4 16:31:05 syslogServer kernel: [   10.152905] vgdrvHeartbeatInit: Setting up heartbeat to trigger every 2000 milliseconds
May  4 16:31:05 syslogServer kernel: [   10.153099] input: Unspecified device as /devices/pci0000:00/0000:00:04.0/input/input7
May  4 16:31:05 syslogServer kernel: [   10.154926] vboxguest: misc device minor 56, IRQ 20, I/O port d040, MMIO at 00000000f1400000 (size 0x400000)
May  4 16:31:05 syslogServer kernel: [   10.154928] vboxguest: Successfully loaded version 5.2.8_KernelUbuntu (interface 0x00010004)
May  4 16:31:05 syslogServer kernel: [   10.493425] RAPL PMU: API unit is 2^-32 Joules, 5 fixed counters, 10737418240 ms ovfl timer
May  4 16:31:05 syslogServer kernel: [   10.493427] RAPL PMU: hw unit of domain pp0-core 2^-0 Joules
May  4 16:31:05 syslogServer kernel: [   10.493428] RAPL PMU: hw unit of domain package 2^-0 Joules
May  4 16:31:05 syslogServer kernel: [   10.493428] RAPL PMU: hw unit of domain dram 2^-0 Joules
May  4 16:31:05 syslogServer kernel: [   10.493429] RAPL PMU: hw unit of domain pp1-gpu 2^-0 Joules
May  4 16:31:05 syslogServer kernel: [   10.493429] RAPL PMU: hw unit of domain psys 2^-0 Joules
May  4 16:31:05 syslogServer kernel: [   12.070206] snd_intel8x0 0000:00:05.0: white list rate for 1028:0177 is 48000
May  4 16:31:05 syslogServer kernel: [   12.570778] EXT4-fs (sda4): mounted filesystem with ordered data mode. Opts: (null)
May  4 16:31:05 syslogServer kernel: [   12.643170] Adding 4191228k swap on /dev/sda7.  Priority:-2 extents:1 across:4191228k FS
May  4 16:31:05 syslogServer kernel: [   12.671188] EXT4-fs (sda6): mounted filesystem with ordered data mode. Opts: (null)
May  4 16:31:05 syslogServer kernel: [   12.803804] EXT4-fs (sda5): mounted filesystem with ordered data mode. Opts: (null)
May  4 16:31:05 syslogServer kernel: [   12.822728] EXT4-fs (sda3): mounted filesystem with ordered data mode. Opts: (null)
May  4 16:31:05 syslogServer kernel: [   12.956289] systemd-journald[398]: Received request to flush runtime journal from PID 1
May  4 16:31:05 syslogServer kernel: [   14.883953] audit: type=1400 audit(1588609736.388:2): apparmor="STATUS" operation="profile_load" profile="unconfined" name="lxc-container-default" pid=757 comm="apparmor_parser"
May  4 16:31:05 syslogServer kernel: [   14.883957] audit: type=1400 audit(1588609736.388:3): apparmor="STATUS" operation="profile_load" profile="unconfined" name="lxc-container-default-cgns" pid=757 comm="apparmor_parser"
May  4 16:31:05 syslogServer kernel: [   14.883959] audit: type=1400 audit(1588609736.388:4): apparmor="STATUS" operation="profile_load" profile="unconfined" name="lxc-container-default-with-mounting" pid=757 comm="apparmor_parser"
May  4 16:31:05 syslogServer kernel: [   14.883961] audit: type=1400 audit(1588609736.388:5): apparmor="STATUS" operation="profile_load" profile="unconfined" name="lxc-container-default-with-nesting" pid=757 comm="apparmor_parser"
May  4 16:31:05 syslogServer kernel: [   14.907892] audit: type=1400 audit(1588609736.412:6): apparmor="STATUS" operation="profile_load" profile="unconfined" name="/sbin/dhclient" pid=759 comm="apparmor_parser"
May  4 16:31:05 syslogServer kernel: [   14.907896] audit: type=1400 audit(1588609736.412:7): apparmor="STATUS" operation="profile_load" profile="unconfined" name="/usr/lib/NetworkManager/nm-dhcp-client.action" pid=759 comm="apparmor_parser"
May  4 16:31:05 syslogServer kernel: [   14.907898] audit: type=1400 audit(1588609736.412:8): apparmor="STATUS" operation="profile_load" profile="unconfined" name="/usr/lib/NetworkManager/nm-dhcp-helper" pid=759 comm="apparmor_parser"
May  4 16:31:05 syslogServer kernel: [   14.907900] audit: type=1400 audit(1588609736.412:9): apparmor="STATUS" operation="profile_load" profile="unconfined" name="/usr/lib/connman/scripts/dhclient-script" pid=759 comm="apparmor_parser"
May  4 16:31:05 syslogServer kernel: [   14.956883] audit: type=1400 audit(1588609736.468:10): apparmor="STATUS" operation="profile_load" profile="unconfined" name="/usr/bin/lxc-start" pid=763 comm="apparmor_parser"
May  4 16:31:05 syslogServer kernel: [   15.017138] audit: type=1400 audit(1588609736.524:11): apparmor="STATUS" operation="profile_load" profile="unconfined" name="/usr/bin/man" pid=773 comm="apparmor_parser"
May  4 16:31:05 syslogServer kernel: [   19.298094] IPv6: ADDRCONF(NETDEV_UP): enp0s3: link is not ready
May  4 16:31:05 syslogServer kernel: [   19.304500] e1000: enp0s3 NIC Link is Up 1000 Mbps Full Duplex, Flow Control: RX
May  4 16:31:05 syslogServer kernel: [   19.304807] IPv6: ADDRCONF(NETDEV_CHANGE): enp0s3: link becomes ready
May  4 16:31:05 syslogServer kernel: [  143.624539] new mount options do not match the existing superblock, will be ignored
May  4 16:31:05 syslogServer systemd[1]: Started Create Static Device Nodes in /dev.
May  4 16:31:05 syslogServer systemd[1]: Starting udev Kernel Device Manager...
May  4 16:31:05 syslogServer systemd-modules-load[393]: Inserted module 'iscsi_tcp'
May  4 16:31:05 syslogServer systemd[1]: Started Set the console keyboard layout.
May  4 16:31:05 syslogServer systemd-modules-load[393]: Inserted module 'ib_iser'
May  4 16:31:05 syslogServer systemd[1]: Started Load Kernel Modules.
May  4 16:31:05 syslogServer systemd[1]: Mounting Kernel Configuration File System...
May  4 16:31:05 syslogServer systemd[1]: Starting Apply Kernel Variables...
May  4 16:31:05 syslogServer systemd[1]: Mounting FUSE Control File System...
May  4 16:31:05 syslogServer systemd[1]: Mounted Kernel Configuration File System.
May  4 16:31:05 syslogServer systemd[1]: Mounted FUSE Control File System.
May  4 16:31:05 syslogServer systemd[1]: Started LVM2 metadata daemon.
May  4 16:31:05 syslogServer systemd[1]: Started Apply Kernel Variables.
May  4 16:31:05 syslogServer systemd[1]: Started udev Kernel Device Manager.
May  4 16:31:05 syslogServer systemd[1]: Started Dispatch Password Requests to Console Directory Watch.
May  4 16:31:05 syslogServer systemd[1]: Reached target Local Encrypted Volumes.
May  4 16:31:05 syslogServer systemd[1]: Started Monitoring of LVM2 mirrors, snapshots etc. using dmeventd or progress polling.
May  4 16:31:05 syslogServer systemd[1]: Reached target Local File Systems (Pre).
May  4 16:31:05 syslogServer systemd-udevd[432]: link_config: autonegotiation is unset or enabled, the speed and duplex are not writable.
May  4 16:31:05 syslogServer systemd-udevd[430]: link_config: autonegotiation is unset or enabled, the speed and duplex are not writable.
May  4 16:31:05 syslogServer systemd[1]: Listening on Load/Save RF Kill Switch Status /dev/rfkill Watch.
May  4 16:31:05 syslogServer systemd[1]: Reached target Sound Card.
May  4 16:31:05 syslogServer systemd[1]: Found device VBOX_HARDDISK 7.
May  4 16:31:05 syslogServer systemd[1]: Activating swap /dev/disk/by-uuid/1180c0ac-a3c4-454d-ad71-8337bdee4fdf...
May  4 16:31:05 syslogServer systemd[1]: Found device VBOX_HARDDISK 4.
May  4 16:31:05 syslogServer systemd[1]: Mounting /tmp...
May  4 16:31:05 syslogServer systemd[1]: Found device VBOX_HARDDISK 6.
May  4 16:31:05 syslogServer systemd[1]: Mounting /work...
May  4 16:31:05 syslogServer systemd[1]: Mounted /tmp.
May  4 16:31:05 syslogServer systemd[1]: Activated swap /dev/disk/by-uuid/1180c0ac-a3c4-454d-ad71-8337bdee4fdf.
May  4 16:31:05 syslogServer systemd[1]: Reached target Swap.
May  4 16:31:05 syslogServer systemd[1]: Mounted /work.
May  4 16:31:05 syslogServer systemd[1]: Found device VBOX_HARDDISK 5.
May  4 16:31:05 syslogServer systemd[1]: Mounting /home...
May  4 16:31:05 syslogServer systemd[1]: Found device VBOX_HARDDISK 3.
May  4 16:31:05 syslogServer systemd[1]: Mounting /var...
May  4 16:31:05 syslogServer systemd[1]: Mounted /home.
May  4 16:31:05 syslogServer systemd[1]: Mounted /var.
May  4 16:31:05 syslogServer systemd[1]: Starting Flush Journal to Persistent Storage...
May  4 16:31:05 syslogServer systemd[1]: Starting Load/Save Random Seed...
May  4 16:31:05 syslogServer systemd[1]: Reached target Local File Systems.
May  4 16:31:05 syslogServer systemd[1]: Starting Set console font and keymap...
May  4 16:31:05 syslogServer systemd[1]: Starting Tell Plymouth To Write Out Runtime Data...
May  4 16:31:05 syslogServer systemd[1]: Starting ebtables ruleset management...
May  4 16:31:05 syslogServer systemd[1]: Starting AppArmor initialization...
May  4 16:31:05 syslogServer systemd[1]: Mounting Mount unit for core, revision 8935...
May  4 16:31:05 syslogServer systemd[1]: Mounting Mount unit for core, revision 8268...
May  4 16:31:05 syslogServer systemd[1]: Started Set console font and keymap.
May  4 16:31:05 syslogServer apparmor[616]:  * Starting AppArmor profiles
May  4 16:31:05 syslogServer systemd[1]: Started Tell Plymouth To Write Out Runtime Data.
May  4 16:31:05 syslogServer systemd[1]: Started Load/Save Random Seed.
May  4 16:31:05 syslogServer systemd[1]: Mounted Mount unit for core, revision 8935.
May  4 16:31:05 syslogServer systemd[1]: Mounted Mount unit for core, revision 8268.
May  4 16:31:05 syslogServer systemd[1]: Started ebtables ruleset management.
May  4 16:31:05 syslogServer systemd[1]: Started Flush Journal to Persistent Storage.
May  4 16:31:05 syslogServer systemd[1]: Starting Create Volatile Files and Directories...
May  4 16:31:05 syslogServer systemd[1]: Started Create Volatile Files and Directories.
May  4 16:31:05 syslogServer systemd[1]: Starting Update UTMP about System Boot/Shutdown...
May  4 16:31:05 syslogServer systemd[1]: Starting Network Time Synchronization...
May  4 16:31:05 syslogServer systemd[1]: Started Update UTMP about System Boot/Shutdown.
May  4 16:31:05 syslogServer systemd[1]: Started Network Time Synchronization.
May  4 16:31:05 syslogServer systemd[1]: Reached target System Time Synchronized.
May  4 16:31:05 syslogServer apparmor[616]: Skipping profile in /etc/apparmor.d/disable: usr.sbin.rsyslogd
May  4 16:31:05 syslogServer apparmor[616]:    ...done.
May  4 16:31:05 syslogServer systemd[1]: Started AppArmor initialization.
May  4 16:31:05 syslogServer systemd[1]: Starting Initial cloud-init job (pre-networking)...
May  4 16:31:05 syslogServer cloud-init[793]: Cloud-init v. 19.4-33-gbb4131a2-0ubuntu1~18.04.1 running 'init-local' at Mon, 04 May 2020 16:29:00 +0000. Up 18.62 seconds.
May  4 16:31:05 syslogServer systemd[1]: Started Initial cloud-init job (pre-networking).
May  4 16:31:05 syslogServer systemd[1]: Reached target Network (Pre).
May  4 16:31:05 syslogServer systemd[1]: Starting Network Service...
May  4 16:31:05 syslogServer systemd-networkd[826]: Enumeration completed
May  4 16:31:05 syslogServer systemd[1]: Started Network Service.
May  4 16:31:05 syslogServer systemd-networkd[826]: enp0s3: IPv6 successfully enabled
May  4 16:31:05 syslogServer systemd-networkd[826]: lo: Link is not managed by us
May  4 16:31:05 syslogServer systemd-networkd[826]: enp0s3: Link UP
May  4 16:31:05 syslogServer systemd-networkd[826]: enp0s3: Gained carrier
May  4 16:31:05 syslogServer systemd[1]: Starting Network Name Resolution...
May  4 16:31:05 syslogServer systemd[1]: Starting Wait for Network to be Configured...
May  4 16:31:05 syslogServer systemd-resolved[850]: Positive Trust Anchors:
May  4 16:31:05 syslogServer systemd-resolved[850]: . IN DS 19036 8 2 49aac11d7b6f6446702e54a1607371607a1a41855200fd2ce1cdde32f24e8fb5
May  4 16:31:05 syslogServer systemd-resolved[850]: . IN DS 20326 8 2 e06d44b80b8f1d39a95c0b0d7c65d08458e880409bbc683457104237c7f8ec8d
May  4 16:31:05 syslogServer systemd-resolved[850]: Negative trust anchors: 10.in-addr.arpa 16.172.in-addr.arpa 17.172.in-addr.arpa 18.172.in-addr.arpa 19.172.in-addr.arpa 20.172.in-addr.arpa 21.172.in-addr.arpa 22.172.in-addr.arpa 23.172.in-addr.arpa 24.172.in-addr.arpa 25.172.in-addr.arpa 26.172.in-addr.arpa 27.172.in-addr.arpa 28.172.in-addr.arpa 29.172.in-addr.arpa 30.172.in-addr.arpa 31.172.in-addr.arpa 168.192.in-addr.arpa d.f.ip6.arpa corp home internal intranet lan local private test
May  4 16:31:05 syslogServer systemd-resolved[850]: Using system hostname 'syslogServer'.
May  4 16:31:05 syslogServer systemd[1]: Started Network Name Resolution.
May  4 16:31:05 syslogServer systemd[1]: Reached target Network.
May  4 16:31:05 syslogServer systemd[1]: Reached target Host and Network Name Lookups.
May  4 16:31:05 syslogServer systemd-networkd[826]: enp0s3: Gained IPv6LL
May  4 16:31:05 syslogServer systemd-timesyncd[741]: Network configuration changed, trying to establish connection.
May  4 16:31:05 syslogServer systemd-networkd-wait-online[851]: Event loop failed: Connection timed out
May  4 16:31:05 syslogServer systemd[1]: systemd-networkd-wait-online.service: Main process exited, code=exited, status=1/FAILURE
May  4 16:31:05 syslogServer systemd[1]: systemd-networkd-wait-online.service: Failed with result 'exit-code'.
May  4 16:31:05 syslogServer systemd[1]: Failed to start Wait for Network to be Configured.
May  4 16:31:05 syslogServer systemd[1]: Starting Initial cloud-init job (metadata service crawler)...
May  4 16:31:05 syslogServer cloud-init[883]: Cloud-init v. 19.4-33-gbb4131a2-0ubuntu1~18.04.1 running 'init' at Mon, 04 May 2020 16:31:02 +0000. Up 141.21 seconds.
May  4 16:31:05 syslogServer cloud-init[883]: ci-info: ++++++++++++++++++++++++++++++++++++Net device info++++++++++++++++++++++++++++++++++++
May  4 16:31:05 syslogServer cloud-init[883]: ci-info: +--------+------+-----------------------------+-----------+-------+-------------------+
May  4 16:31:05 syslogServer cloud-init[883]: ci-info: | Device |  Up  |           Address           |    Mask   | Scope |     Hw-Address    |
May  4 16:31:05 syslogServer cloud-init[883]: ci-info: +--------+------+-----------------------------+-----------+-------+-------------------+
May  4 16:31:05 syslogServer cloud-init[883]: ci-info: | enp0s3 | True | fe80::a00:27ff:fee4:5f27/64 |     .     |  link | 08:00:27:e4:5f:27 |
May  4 16:31:05 syslogServer cloud-init[883]: ci-info: |   lo   | True |          127.0.0.1          | 255.0.0.0 |  host |         .         |
May  4 16:31:05 syslogServer cloud-init[883]: ci-info: |   lo   | True |           ::1/128           |     .     |  host |         .         |
May  4 16:31:05 syslogServer cloud-init[883]: ci-info: +--------+------+-----------------------------+-----------+-------+-------------------+
May  4 16:31:05 syslogServer cloud-init[883]: ci-info: +++++++++++++++++++Route IPv6 info+++++++++++++++++++
May  4 16:31:05 syslogServer cloud-init[883]: ci-info: +-------+-------------+---------+-----------+-------+
May  4 16:31:05 syslogServer cloud-init[883]: ci-info: | Route | Destination | Gateway | Interface | Flags |
May  4 16:31:05 syslogServer cloud-init[883]: ci-info: +-------+-------------+---------+-----------+-------+
May  4 16:31:05 syslogServer cloud-init[883]: ci-info: |   1   |  fe80::/64  |    ::   |   enp0s3  |   U   |
May  4 16:31:05 syslogServer cloud-init[883]: ci-info: |   3   |    local    |    ::   |   enp0s3  |   U   |
May  4 16:31:05 syslogServer cloud-init[883]: ci-info: |   4   |   ff00::/8  |    ::   |   enp0s3  |   U   |
May  4 16:31:05 syslogServer cloud-init[883]: ci-info: +-------+-------------+---------+-----------+-------+
May  4 16:31:05 syslogServer systemd[1]: Started Initial cloud-init job (metadata service crawler).
May  4 16:31:05 syslogServer systemd[1]: Reached target Cloud-config availability.
May  4 16:31:05 syslogServer systemd[1]: Reached target Network is Online.
May  4 16:31:05 syslogServer systemd[1]: Starting Availability of block devices...
May  4 16:31:05 syslogServer systemd[1]: Reached target Remote File Systems (Pre).
May  4 16:31:05 syslogServer systemd[1]: Reached target Remote File Systems.
May  4 16:31:05 syslogServer systemd[1]: Reached target System Initialization.
May  4 16:31:05 syslogServer systemd[1]: Starting LXD - unix socket.
May  4 16:31:05 syslogServer systemd[1]: Starting Socket activation for snappy daemon.
May  4 16:31:05 syslogServer systemd[1]: Listening on D-Bus System Message Bus Socket.
May  4 16:31:05 syslogServer systemd[1]: Listening on UUID daemon activation socket.
May  4 16:31:05 syslogServer systemd[1]: Started Message of the Day.
May  4 16:31:05 syslogServer systemd[1]: Started ACPI Events Check.
May  4 16:31:05 syslogServer systemd[1]: Reached target Paths.
May  4 16:31:05 syslogServer systemd[1]: Started Daily apt download activities.
May  4 16:31:05 syslogServer systemd[1]: Started Daily apt upgrade and clean activities.
May  4 16:31:05 syslogServer systemd[1]: Listening on Open-iSCSI iscsid Socket.
May  4 16:31:05 syslogServer systemd[1]: Started Discard unused blocks once a week.
May  4 16:31:05 syslogServer systemd[1]: Listening on ACPID Listen Socket.
May  4 16:31:05 syslogServer systemd[1]: Started Daily Cleanup of Temporary Directories.
May  4 16:31:05 syslogServer systemd[1]: Reached target Timers.
May  4 16:31:05 syslogServer systemd[1]: Started Availability of block devices.
May  4 16:31:05 syslogServer systemd[1]: Listening on LXD - unix socket.
May  4 16:31:05 syslogServer systemd[1]: Listening on Socket activation for snappy daemon.
May  4 16:31:05 syslogServer systemd[1]: Reached target Sockets.
May  4 16:31:05 syslogServer systemd[1]: Reached target Basic System.
May  4 16:31:05 syslogServer systemd[1]: Starting Thermal Daemon Service...
May  4 16:31:05 syslogServer systemd[1]: Started irqbalance daemon.
May  4 16:31:05 syslogServer systemd[1]: Started D-Bus System Message Bus.
May  4 16:31:05 syslogServer /usr/sbin/irqbalance: Balancing is ineffective on systems with a single cpu.  Shutting down
May  4 16:31:05 syslogServer dbus-daemon[931]: dbus[931]: Unknown group "power" in message bus configuration file
May  4 16:31:05 syslogServer dbus-daemon[931]: [system] AppArmor D-Bus mediation is enabled
May  4 16:31:05 syslogServer systemd[1]: Started Deferred execution scheduler.
May  4 16:31:05 syslogServer systemd[1]: Starting Snappy daemon...
May  4 16:31:05 syslogServer thermald[929]: NO RAPL sysfs present
May  4 16:31:05 syslogServer thermald[929]: 22 CPUID levels; family:model:stepping 0x6:8e:9 (6:142:9)
May  4 16:31:05 syslogServer thermald[929]: Polling mode is enabled: 4
May  4 16:31:05 syslogServer thermald[929]: Thermal DTS: No coretemp sysfs found
May  4 16:31:05 syslogServer systemd[1]: Started Regular background program processing daemon.
May  4 16:31:05 syslogServer systemd[1]: Starting LSB: Record successful boot for GRUB...
May  4 16:31:05 syslogServer thermald[929]: Thermal DTS or hwmon: No Zones present Need to configure manually
May  4 16:31:05 syslogServer thermald[929]: No thermal sensors found
May  4 16:31:05 syslogServer thermald[929]: THD engine start failed
May  4 16:31:05 syslogServer systemd[1]: Starting Dispatcher daemon for systemd-networkd...
May  4 16:31:05 syslogServer systemd[1]: Starting Message of the Day...
May  4 16:31:05 syslogServer systemd[1]: Starting System Logging Service...
May  4 16:31:05 syslogServer systemd[1]: Starting Discard unused blocks...
May  4 16:31:05 syslogServer cron[974]: (CRON) INFO (pidfile fd = 3)
May  4 16:31:05 syslogServer systemd[1]: Starting Permit User Sessions...
May  4 16:31:05 syslogServer systemd[1]: Starting LSB: web-based administration interface for Unix systems...
May  4 16:31:05 syslogServer systemd[1]: Started FUSE filesystem for LXC.
May  4 16:31:05 syslogServer cron[974]: (CRON) INFO (Running @reboot jobs)
May  4 16:31:05 syslogServer systemd[1]: Starting OpenBSD Secure Shell server...
May  4 16:31:05 syslogServer systemd[1]: Starting LSB: automatic crash report generation...
May  4 16:31:05 syslogServer systemd[1]: Starting Login Service...
May  4 16:31:05 syslogServer systemd[1]: Starting Accounts Service...
May  4 16:31:05 syslogServer systemd[1]: Starting LXD - container startup/shutdown...
May  4 16:31:05 syslogServer systemd[1]: Started Thermal Daemon Service.
May  4 16:31:05 syslogServer systemd[1]: Started Discard unused blocks.
May  4 16:31:05 syslogServer systemd[1]: Started Permit User Sessions.
May  4 16:31:05 syslogServer systemd[1]: Starting Hold until boot process finishes up...
May  4 16:31:05 syslogServer systemd[1]: Starting Terminate Plymouth Boot Screen...
May  4 16:31:05 syslogServer apport[1043]:  * Starting automatic crash report generation: apport
May  4 16:31:05 syslogServer grub-common[975]:  * Recording successful boot for GRUB
May  4 16:31:05 syslogServer lxcfs[1011]: mount namespace: 5
May  4 16:31:05 syslogServer lxcfs[1011]: hierarchies:
May  4 16:31:05 syslogServer lxcfs[1011]:   0: fd:   6: perf_event
May  4 16:31:05 syslogServer lxcfs[1011]:   1: fd:   7: blkio
May  4 16:31:05 syslogServer lxcfs[1011]:   2: fd:   8: rdma
May  4 16:31:05 syslogServer lxcfs[1011]:   3: fd:   9: cpu,cpuacct
May  4 16:31:05 syslogServer lxcfs[1011]:   4: fd:  10: cpuset
May  4 16:31:05 syslogServer lxcfs[1011]:   5: fd:  11: devices
May  4 16:31:05 syslogServer lxcfs[1011]:   6: fd:  12: pids
May  4 16:31:05 syslogServer lxcfs[1011]:   7: fd:  13: memory
May  4 16:31:05 syslogServer lxcfs[1011]:   8: fd:  14: net_cls,net_prio
May  4 16:31:05 syslogServer lxcfs[1011]:   9: fd:  15: freezer
May  4 16:31:05 syslogServer lxcfs[1011]:  10: fd:  16: hugetlb
May  4 16:31:05 syslogServer lxcfs[1011]:  11: fd:  17: name=systemd
May  4 16:31:05 syslogServer lxcfs[1011]:  12: fd:  18: unified
May  4 16:31:05 syslogServer systemd[1]: Started Hold until boot process finishes up.
May  4 16:31:05 syslogServer rsyslogd: imuxsock: Acquired UNIX socket '/run/systemd/journal/syslog' (fd 3) from systemd.  [v8.32.0]
May  4 16:31:06 syslogServer systemd[1]: Starting Set console scheme...
May  4 16:31:06 syslogServer rsyslogd: rsyslogd's groupid changed to 106
May  4 16:31:06 syslogServer systemd[1]: Started Terminate Plymouth Boot Screen.
May  4 16:31:06 syslogServer rsyslogd: rsyslogd's userid changed to 102
May  4 16:31:06 syslogServer systemd[1]: Started System Logging Service.
May  4 16:31:06 syslogServer rsyslogd:  [origin software="rsyslogd" swVersion="8.32.0" x-pid="995" x-info="http://www.rsyslog.com"] start
May  4 16:31:06 syslogServer systemd[1]: Started Set console scheme.
May  4 16:31:06 syslogServer systemd[1]: Created slice system-getty.slice.
May  4 16:31:06 syslogServer systemd[1]: Started Getty on tty1.
May  4 16:31:06 syslogServer systemd[1]: Reached target Login Prompts.
May  4 16:31:06 syslogServer systemd-logind[1045]: New seat seat0.
May  4 16:31:06 syslogServer systemd-logind[1045]: Watching system buttons on /dev/input/event0 (Power Button)
May  4 16:31:06 syslogServer systemd-logind[1045]: Watching system buttons on /dev/input/event1 (Sleep Button)
May  4 16:31:06 syslogServer systemd-logind[1045]: Watching system buttons on /dev/input/event2 (AT Translated Set 2 keyboard)
May  4 16:31:06 syslogServer systemd[1]: Started Login Service.
May  4 16:31:06 syslogServer systemd[1]: Started Unattended Upgrades Shutdown.
May  4 16:31:06 syslogServer apport[1043]:    ...done.
May  4 16:31:06 syslogServer systemd[1]: Started LSB: automatic crash report generation.
May  4 16:31:06 syslogServer grub-common[975]:    ...done.
May  4 16:31:06 syslogServer systemd[1]: Started LSB: Record successful boot for GRUB.
May  4 16:31:07 syslogServer dbus-daemon[931]: [system] Activating via systemd: service name='org.freedesktop.PolicyKit1' unit='polkit.service' requested by ':1.5' (uid=0 pid=1046 comm="/usr/lib/accountsservice/accounts-daemon " label="unconfined")
May  4 16:31:07 syslogServer systemd[1]: Starting Authorization Manager...
May  4 16:31:07 syslogServer networkd-dispatcher[987]: No valid path found for iwconfig
May  4 16:31:07 syslogServer polkitd[1189]: started daemon version 0.105 using authority implementation `local' version `0.105'
May  4 16:31:07 syslogServer dbus-daemon[931]: [system] Successfully activated service 'org.freedesktop.PolicyKit1'
May  4 16:31:07 syslogServer systemd[1]: Started Authorization Manager.
May  4 16:31:07 syslogServer accounts-daemon[1046]: started daemon version 0.6.45
May  4 16:31:07 syslogServer systemd[1]: Started Accounts Service.
May  4 16:31:07 syslogServer snapd[957]: AppArmor status: apparmor is enabled and all features are available
May  4 16:31:07 syslogServer sshd[1227]: Server listening on 0.0.0.0 port 2221.
May  4 16:31:07 syslogServer sshd[1227]: Server listening on :: port 2221.
May  4 16:31:07 syslogServer systemd[1]: Started OpenBSD Secure Shell server.
May  4 16:31:07 syslogServer systemd[1]: Started Dispatcher daemon for systemd-networkd.
May  4 16:31:09 syslogServer systemd[1]: Started LXD - container startup/shutdown.
May  4 16:31:09 syslogServer systemd[1]: Started Message of the Day.
May  4 16:31:09 syslogServer perl: pam_unix(webmin:auth): authentication failure; logname= uid=0 euid=0 tty= ruser= rhost=  user=root
May  4 16:31:09 syslogServer snapd[957]: AppArmor status: apparmor is enabled and all features are available
May  4 16:31:10 syslogServer snapd[957]: daemon.go:343: started snapd/2.44.1 (series 16; classic) ubuntu/18.04 (amd64) linux/4.15.0-96-generic.
May  4 16:31:10 syslogServer snapd[957]: daemon.go:436: adjusting startup timeout by 35s (pessimistic estimate of 30s plus 5s per snap)
May  4 16:31:10 syslogServer systemd[1]: Started Snappy daemon.
May  4 16:31:10 syslogServer systemd[1]: Starting Wait until snapd is fully seeded...
May  4 16:31:11 syslogServer systemd[1]: Started Wait until snapd is fully seeded.
May  4 16:31:11 syslogServer systemd[1]: Starting Apply the settings specified in cloud-config...
May  4 16:31:12 syslogServer webmin[1012]: Webmin starting
May  4 16:31:12 syslogServer cloud-init[1342]: Cloud-init v. 19.4-33-gbb4131a2-0ubuntu1~18.04.1 running 'modules:config' at Mon, 04 May 2020 16:31:12 +0000. Up 150.63 seconds.
May  4 16:31:12 syslogServer systemd[1]: Started Apply the settings specified in cloud-config.
May  4 16:31:14 syslogServer systemd[1]: Started LSB: web-based administration interface for Unix systems.
May  4 16:31:14 syslogServer systemd[1]: Reached target Multi-User System.
May  4 16:31:14 syslogServer systemd[1]: Starting Execute cloud user/final scripts...
May  4 16:31:14 syslogServer systemd[1]: Reached target Graphical Interface.
May  4 16:31:14 syslogServer systemd[1]: Starting Update UTMP about System Runlevel Changes...
May  4 16:31:14 syslogServer systemd[1]: Started Update UTMP about System Runlevel Changes.
May  4 16:31:16 syslogServer cloud-init[1388]: Cloud-init v. 19.4-33-gbb4131a2-0ubuntu1~18.04.1 running 'modules:final' at Mon, 04 May 2020 16:31:15 +0000. Up 154.37 seconds.
May  4 16:31:16 syslogServer cloud-init[1388]: Cloud-init v. 19.4-33-gbb4131a2-0ubuntu1~18.04.1 finished at Mon, 04 May 2020 16:31:16 +0000. Datasource DataSourceNoCloud [seed=/var/lib/cloud/seed/nocloud-net][dsmode=net].  Up 154.83 seconds
May  4 16:31:16 syslogServer systemd[1]: Started Execute cloud user/final scripts.
May  4 16:31:16 syslogServer systemd[1]: Starting Daily apt download activities...
May  4 16:31:16 syslogServer systemd[1]: Reached target Cloud-init target.
May  4 16:31:17 syslogServer login[1095]: pam_unix(login:auth): authentication failure; logname=LOGIN uid=0 euid=0 tty=/dev/tty1 ruser= rhost=  user=ubuntu
May  4 16:31:21 syslogServer systemd[1]: getty@tty1.service: Service has no hold-off time, scheduling restart.
May  4 16:31:21 syslogServer systemd[1]: getty@tty1.service: Scheduled restart job, restart counter is at 1.
May  4 16:31:21 syslogServer systemd[1]: Stopped Getty on tty1.
May  4 16:31:21 syslogServer systemd[1]: Started Getty on tty1.
May  4 16:31:32 syslogServer login[1505]: pam_unix(login:session): session opened for user ubuntu by LOGIN(uid=0)
May  4 16:31:32 syslogServer systemd[1]: Created slice User Slice of ubuntu.
May  4 16:31:32 syslogServer systemd[1]: Starting User Manager for UID 1000...
May  4 16:31:32 syslogServer systemd[1]: Started Session 1 of user ubuntu.
May  4 16:31:32 syslogServer systemd-logind[1045]: New session 1 of user ubuntu.
May  4 16:31:32 syslogServer systemd: pam_unix(systemd-user:session): session opened for user ubuntu by (uid=0)
May  4 16:31:32 syslogServer systemd[1695]: Listening on GnuPG cryptographic agent (ssh-agent emulation).
May  4 16:31:33 syslogServer systemd[1695]: Listening on GnuPG cryptographic agent and passphrase cache.
May  4 16:31:33 syslogServer systemd[1695]: Reached target Timers.
May  4 16:31:33 syslogServer systemd[1695]: Listening on GnuPG network certificate management daemon.
May  4 16:31:33 syslogServer systemd[1695]: Listening on GnuPG cryptographic agent and passphrase cache (access for web browsers).
May  4 16:31:33 syslogServer systemd[1695]: Reached target Paths.
May  4 16:31:33 syslogServer systemd[1695]: Listening on REST API socket for snapd user session agent.
May  4 16:31:33 syslogServer systemd[1695]: Listening on GnuPG cryptographic agent and passphrase cache (restricted).
May  4 16:31:33 syslogServer systemd[1695]: Reached target Sockets.
May  4 16:31:33 syslogServer systemd[1695]: Reached target Basic System.
May  4 16:31:33 syslogServer systemd[1]: Started User Manager for UID 1000.
May  4 16:31:33 syslogServer systemd[1695]: Reached target Default.
May  4 16:31:33 syslogServer systemd[1695]: Startup finished in 335ms.
May  4 16:31:33 syslogServer snapd[957]: autorefresh.go:385: Cannot prepare auto-refresh change due to a permanent network error: persistent network error: Get https://api.snapcraft.io/api/v1/snaps/assertions/snap-declaration/16/99T7MUlRhtI3U0QFgl5mXXESAiSwt776?max-format=4: dial tcp: lookup api.snapcraft.io: Temporary failure in name resolution
May  4 16:31:46 syslogServer systemd-networkd-wait-online[1492]: Event loop failed: Connection timed out
May  4 16:31:46 syslogServer apt-helper[1469]: E: Sub-process /lib/systemd/systemd-networkd-wait-online returned an error code (1)
May  4 16:31:57 syslogServer systemd[1]: Started Daily apt download activities.
May  4 16:31:57 syslogServer systemd[1]: Starting Daily apt upgrade and clean activities...
May  4 16:32:03 syslogServer systemd[1]: Started Daily apt upgrade and clean activities.
May  4 16:32:03 syslogServer systemd[1]: Startup finished in 6.546s (kernel) + 3min 15.770s (userspace) = 3min 22.316s.
May  4 16:32:17 syslogServer sudo:   ubuntu : TTY=tty1 ; PWD=/home/ubuntu ; USER=root ; COMMAND=/bin/nano /etc/netplan/50-cloud-init.yaml
May  4 16:32:17 syslogServer sudo: pam_unix(sudo:session): session opened for user root by ubuntu(uid=0)
May  4 16:32:18 syslogServer snapd[957]: stateengine.go:150: state ensure error: persistent network error: Get https://api.snapcraft.io/api/v1/snaps/assertions/snap-declaration/16/99T7MUlRhtI3U0QFgl5mXXESAiSwt776?max-format=4: dial tcp: lookup api.snapcraft.io: Temporary failure in name resolution
May  4 16:32:27 syslogServer sudo: pam_unix(sudo:session): session closed for user root
May  4 16:32:35 syslogServer sudo:   ubuntu : TTY=tty1 ; PWD=/home/ubuntu ; USER=root ; COMMAND=/usr/sbin/netplan apply
May  4 16:32:35 syslogServer sudo: pam_unix(sudo:session): session opened for user root by ubuntu(uid=0)
May  4 16:32:36 syslogServer systemd[1]: Stopping Network Service...
May  4 16:32:36 syslogServer systemd[1]: Stopped Network Service.
May  4 16:32:36 syslogServer systemd-timesyncd[741]: Network configuration changed, trying to establish connection.
May  4 16:32:36 syslogServer systemd[1]: Starting Network Service...
May  4 16:32:36 syslogServer sudo: pam_unix(sudo:session): session closed for user root
May  4 16:32:36 syslogServer systemd-networkd[1982]: enp0s3: Gained IPv6LL
May  4 16:32:36 syslogServer systemd-timesyncd[741]: Network configuration changed, trying to establish connection.
May  4 16:32:36 syslogServer systemd-timesyncd[741]: Network configuration changed, trying to establish connection.
May  4 16:32:36 syslogServer systemd-networkd[1982]: Enumeration completed
May  4 16:32:36 syslogServer systemd[1]: Started Network Service.
May  4 16:32:36 syslogServer systemd-timesyncd[741]: Network configuration changed, trying to establish connection.
May  4 16:32:36 syslogServer systemd-timesyncd[741]: Network configuration changed, trying to establish connection.
May  4 16:32:36 syslogServer systemd-networkd[1982]: enp0s3: IPv6 successfully enabled
May  4 16:32:36 syslogServer systemd-networkd[1982]: lo: Link is not managed by us
May  4 16:32:36 syslogServer systemd-timesyncd[741]: Network configuration changed, trying to establish connection.
May  4 16:32:36 syslogServer systemd-timesyncd[741]: message repeated 2 times: [ Network configuration changed, trying to establish connection.]
May  4 16:33:39 syslogServer sudo:   ubuntu : TTY=tty1 ; PWD=/home/ubuntu ; USER=root ; COMMAND=/usr/sbin/netplan apply
May  4 16:33:39 syslogServer sudo: pam_unix(sudo:session): session opened for user root by ubuntu(uid=0)
May  4 16:33:39 syslogServer systemd[1]: Stopping Network Service...
May  4 16:33:39 syslogServer systemd-timesyncd[741]: Network configuration changed, trying to establish connection.
May  4 16:33:39 syslogServer systemd[1]: Stopped Network Service.
May  4 16:33:40 syslogServer systemd[1]: Starting Network Service...
May  4 16:33:40 syslogServer sudo: pam_unix(sudo:session): session closed for user root
May  4 16:33:40 syslogServer systemd-networkd[2019]: enp0s3: Gained IPv6LL
May  4 16:33:40 syslogServer systemd-timesyncd[741]: Network configuration changed, trying to establish connection.
May  4 16:33:40 syslogServer systemd-timesyncd[741]: Network configuration changed, trying to establish connection.
May  4 16:33:40 syslogServer systemd-networkd[2019]: Enumeration completed
May  4 16:33:40 syslogServer systemd[1]: Started Network Service.
May  4 16:33:40 syslogServer systemd-timesyncd[741]: Network configuration changed, trying to establish connection.
May  4 16:33:40 syslogServer systemd-timesyncd[741]: Network configuration changed, trying to establish connection.
May  4 16:33:40 syslogServer systemd-networkd[2019]: enp0s3: IPv6 successfully enabled
May  4 16:33:40 syslogServer systemd-networkd[2019]: lo: Link is not managed by us
May  4 16:33:40 syslogServer systemd-timesyncd[741]: Network configuration changed, trying to establish connection.
May  4 16:33:40 syslogServer systemd-timesyncd[741]: message repeated 2 times: [ Network configuration changed, trying to establish connection.]
May  4 16:39:06 syslogServer sudo:   ubuntu : TTY=tty1 ; PWD=/home/ubuntu ; USER=root ; COMMAND=/usr/sbin/netplan apply
May  4 16:39:06 syslogServer sudo: pam_unix(sudo:session): session opened for user root by ubuntu(uid=0)
May  4 16:39:06 syslogServer systemd[1]: Stopping Network Service...
May  4 16:39:06 syslogServer systemd-timesyncd[741]: Network configuration changed, trying to establish connection.
May  4 16:39:06 syslogServer systemd[1]: Stopped Network Service.
May  4 16:39:06 syslogServer systemd[1]: Starting Network Service...
May  4 16:39:06 syslogServer sudo: pam_unix(sudo:session): session closed for user root
May  4 16:39:06 syslogServer systemd-networkd[2063]: enp0s3: Gained IPv6LL
May  4 16:39:06 syslogServer systemd-timesyncd[741]: Network configuration changed, trying to establish connection.
May  4 16:39:06 syslogServer systemd-timesyncd[741]: Network configuration changed, trying to establish connection.
May  4 16:39:06 syslogServer systemd-networkd[2063]: Enumeration completed
May  4 16:39:06 syslogServer systemd[1]: Started Network Service.
May  4 16:39:06 syslogServer systemd-timesyncd[741]: Network configuration changed, trying to establish connection.
May  4 16:39:06 syslogServer systemd-timesyncd[741]: Network configuration changed, trying to establish connection.
May  4 16:39:06 syslogServer systemd-networkd[2063]: enp0s3: IPv6 successfully enabled
May  4 16:39:06 syslogServer systemd-networkd[2063]: lo: Link is not managed by us
May  4 16:39:06 syslogServer systemd-timesyncd[741]: Network configuration changed, trying to establish connection.
May  4 16:39:06 syslogServer systemd-timesyncd[741]: message repeated 2 times: [ Network configuration changed, trying to establish connection.]
May  4 16:42:35 syslogServer sudo:   ubuntu : TTY=tty1 ; PWD=/home/ubuntu ; USER=root ; COMMAND=/sbin/poweroff
May  4 16:42:35 syslogServer sudo: pam_unix(sudo:session): session opened for user root by ubuntu(uid=0)
May  4 16:42:35 syslogServer systemd[1]: Stopping Authorization Manager...
May  4 16:42:35 syslogServer systemd[1]: Stopped target Sound Card.
May  4 16:42:35 syslogServer systemd[1]: Stopped target Cloud-init target.
May  4 16:42:35 syslogServer systemd[1]: Stopped Execute cloud user/final scripts.
May  4 16:42:35 syslogServer systemd[1]: Stopped Apply the settings specified in cloud-config.
May  4 16:42:35 syslogServer systemd[1]: Closed Load/Save RF Kill Switch Status /dev/rfkill Watch.
May  4 16:42:35 syslogServer systemd[1]: Stopped target Host and Network Name Lookups.
May  4 16:42:35 syslogServer systemd[1]: Stopped target Timers.
May  4 16:42:35 syslogServer systemd[1]: Stopped Discard unused blocks once a week.
May  4 16:42:35 syslogServer systemd[1]: Stopped Daily Cleanup of Temporary Directories.
May  4 16:42:35 syslogServer systemd[1]: Stopped Daily apt upgrade and clean activities.
May  4 16:42:35 syslogServer systemd[1]: Stopped Daily apt download activities.
May  4 16:42:35 syslogServer systemd[1]: Stopped Message of the Day.
May  4 16:42:35 syslogServer systemd[1]: Stopped target System Time Synchronized.
May  4 16:42:35 syslogServer sudo: pam_unix(sudo:session): session closed for user root
May  4 16:42:35 syslogServer systemd[1]: Stopping Session 1 of user ubuntu.
May  4 16:42:35 syslogServer systemd[1]: Stopping User Manager for UID 1000...
May  4 16:42:35 syslogServer systemd[1]: Stopping Availability of block devices...
May  4 16:42:35 syslogServer systemd[1]: Stopped target Cloud-config availability.
May  4 16:42:35 syslogServer systemd[1]: Stopped target Graphical Interface.
May  4 16:42:35 syslogServer systemd[1]: Stopped target Multi-User System.
May  4 16:42:35 syslogServer systemd[1]: Stopping FUSE filesystem for LXC...
May  4 16:42:35 syslogServer systemd[1]: Stopping LXD - container startup/shutdown...
May  4 16:58:29 syslogServer kernel: [    0.000000] Linux version 4.15.0-96-generic (buildd@lgw01-amd64-004) (gcc version 7.5.0 (Ubuntu 7.5.0-3ubuntu1~18.04)) #97-Ubuntu SMP Wed Apr 1 03:25:46 UTC 2020 (Ubuntu 4.15.0-96.97-generic 4.15.18)
May  4 16:58:29 syslogServer kernel: [    0.000000] Command line: BOOT_IMAGE=/boot/vmlinuz-4.15.0-96-generic root=UUID=2355f5f3-f259-4457-aa71-a76bc1150e4a ro maybe-ubiquity
May  4 16:58:29 syslogServer kernel: [    0.000000] KERNEL supported cpus:
May  4 16:58:29 syslogServer kernel: [    0.000000]   Intel GenuineIntel
May  4 16:58:29 syslogServer kernel: [    0.000000]   AMD AuthenticAMD
May  4 16:58:29 syslogServer kernel: [    0.000000]   Centaur CentaurHauls
May  4 16:58:29 syslogServer kernel: [    0.000000] x86/fpu: Supporting XSAVE feature 0x001: 'x87 floating point registers'
May  4 16:58:29 syslogServer kernel: [    0.000000] x86/fpu: Supporting XSAVE feature 0x002: 'SSE registers'
May  4 16:58:29 syslogServer kernel: [    0.000000] x86/fpu: Supporting XSAVE feature 0x004: 'AVX registers'
May  4 16:58:29 syslogServer kernel: [    0.000000] x86/fpu: xstate_offset[2]:  576, xstate_sizes[2]:  256
May  4 16:58:29 syslogServer kernel: [    0.000000] x86/fpu: Enabled xstate features 0x7, context size is 832 bytes, using 'standard' format.
May  4 16:58:29 syslogServer kernel: [    0.000000] e820: BIOS-provided physical RAM map:
May  4 16:58:29 syslogServer kernel: [    0.000000] BIOS-e820: [mem 0x0000000000000000-0x000000000009fbff] usable
May  4 16:58:29 syslogServer kernel: [    0.000000] BIOS-e820: [mem 0x000000000009fc00-0x000000000009ffff] reserved
May  4 16:58:29 syslogServer kernel: [    0.000000] BIOS-e820: [mem 0x00000000000f0000-0x00000000000fffff] reserved
May  4 16:58:29 syslogServer kernel: [    0.000000] BIOS-e820: [mem 0x0000000000100000-0x000000003ffeffff] usable
May  4 16:58:29 syslogServer kernel: [    0.000000] BIOS-e820: [mem 0x000000003fff0000-0x000000003fffffff] ACPI data
May  4 16:58:29 syslogServer kernel: [    0.000000] BIOS-e820: [mem 0x00000000fec00000-0x00000000fec00fff] reserved
May  4 16:58:29 syslogServer kernel: [    0.000000] BIOS-e820: [mem 0x00000000fee00000-0x00000000fee00fff] reserved
May  4 16:58:29 syslogServer kernel: [    0.000000] BIOS-e820: [mem 0x00000000fffc0000-0x00000000ffffffff] reserved
May  4 16:58:29 syslogServer kernel: [    0.000000] NX (Execute Disable) protection: active
May  4 16:58:29 syslogServer kernel: [    0.000000] SMBIOS 2.5 present.
May  4 16:58:29 syslogServer kernel: [    0.000000] DMI: innotek GmbH VirtualBox/VirtualBox, BIOS VirtualBox 12/01/2006
May  4 16:58:29 syslogServer kernel: [    0.000000] Hypervisor detected: KVM
May  4 16:58:29 syslogServer kernel: [    0.000000] e820: update [mem 0x00000000-0x00000fff] usable ==> reserved
May  4 16:58:29 syslogServer kernel: [    0.000000] e820: remove [mem 0x000a0000-0x000fffff] usable
May  4 16:58:29 syslogServer kernel: [    0.000000] e820: last_pfn = 0x3fff0 max_arch_pfn = 0x400000000
May  4 16:58:29 syslogServer kernel: [    0.000000] MTRR default type: uncachable
May  4 16:58:29 syslogServer kernel: [    0.000000] MTRR variable ranges disabled:
May  4 16:58:29 syslogServer kernel: [    0.000000] MTRR: Disabled
May  4 16:58:29 syslogServer kernel: [    0.000000] x86/PAT: MTRRs disabled, skipping PAT initialization too.
May  4 16:58:29 syslogServer kernel: [    0.000000] CPU MTRRs all blank - virtualized system.
May  4 16:58:29 syslogServer kernel: [    0.000000] x86/PAT: Configuration [0-7]: WB  WT  UC- UC  WB  WT  UC- UC  
May  4 16:58:29 syslogServer kernel: [    0.000000] found SMP MP-table at [mem 0x0009fff0-0x0009ffff]
May  4 16:58:29 syslogServer kernel: [    0.000000] Scanning 1 areas for low memory corruption
May  4 16:58:29 syslogServer kernel: [    0.000000] BRK [0x37d91000, 0x37d91fff] PGTABLE
May  4 16:58:29 syslogServer kernel: [    0.000000] BRK [0x37d92000, 0x37d92fff] PGTABLE
May  4 16:58:29 syslogServer kernel: [    0.000000] BRK [0x37d93000, 0x37d93fff] PGTABLE
May  4 16:58:29 syslogServer kernel: [    0.000000] BRK [0x37d94000, 0x37d94fff] PGTABLE
May  4 16:58:29 syslogServer kernel: [    0.000000] BRK [0x37d95000, 0x37d95fff] PGTABLE
May  4 16:58:29 syslogServer kernel: [    0.000000] RAMDISK: [mem 0x3118d000-0x348bdfff]
May  4 16:58:29 syslogServer kernel: [    0.000000] ACPI: Early table checksum verification disabled
May  4 16:58:29 syslogServer kernel: [    0.000000] ACPI: RSDP 0x00000000000E0000 000024 (v02 VBOX  )
May  4 16:58:29 syslogServer kernel: [    0.000000] ACPI: XSDT 0x000000003FFF0030 00003C (v01 VBOX   VBOXXSDT 00000001 ASL  00000061)
May  4 16:58:29 syslogServer kernel: [    0.000000] ACPI: FACP 0x000000003FFF00F0 0000F4 (v04 VBOX   VBOXFACP 00000001 ASL  00000061)
May  4 16:58:29 syslogServer kernel: [    0.000000] ACPI: DSDT 0x000000003FFF0470 0022EA (v02 VBOX   VBOXBIOS 00000002 INTL 20100528)
May  4 16:58:29 syslogServer kernel: [    0.000000] ACPI: FACS 0x000000003FFF0200 000040
May  4 16:58:29 syslogServer kernel: [    0.000000] ACPI: FACS 0x000000003FFF0200 000040
May  4 16:58:29 syslogServer kernel: [    0.000000] ACPI: APIC 0x000000003FFF0240 000054 (v02 VBOX   VBOXAPIC 00000001 ASL  00000061)
May  4 16:58:29 syslogServer kernel: [    0.000000] ACPI: SSDT 0x000000003FFF02A0 0001CC (v01 VBOX   VBOXCPUT 00000002 INTL 20100528)
May  4 16:58:29 syslogServer kernel: [    0.000000] ACPI: Local APIC address 0xfee00000
May  4 16:58:29 syslogServer kernel: [    0.000000] No NUMA configuration found
May  4 16:58:29 syslogServer kernel: [    0.000000] Faking a node at [mem 0x0000000000000000-0x000000003ffeffff]
May  4 16:58:29 syslogServer kernel: [    0.000000] NODE_DATA(0) allocated [mem 0x3ffc5000-0x3ffeffff]
May  4 16:58:29 syslogServer kernel: [    0.000000] kvm-clock: cpu 0, msr 0:3ff44001, primary cpu clock
May  4 16:58:29 syslogServer kernel: [    0.000000] kvm-clock: Using msrs 4b564d01 and 4b564d00
May  4 16:58:29 syslogServer kernel: [    0.000000] kvm-clock: using sched offset of 24330484776 cycles
May  4 16:58:29 syslogServer kernel: [    0.000000] clocksource: kvm-clock: mask: 0xffffffffffffffff max_cycles: 0x1cd42e4dffb, max_idle_ns: 881590591483 ns
May  4 16:58:29 syslogServer kernel: [    0.000000] Zone ranges:
May  4 16:58:29 syslogServer kernel: [    0.000000]   DMA      [mem 0x0000000000001000-0x0000000000ffffff]
May  4 16:58:29 syslogServer kernel: [    0.000000]   DMA32    [mem 0x0000000001000000-0x000000003ffeffff]
May  4 16:58:29 syslogServer kernel: [    0.000000]   Normal   empty
May  4 16:58:29 syslogServer kernel: [    0.000000]   Device   empty
May  4 16:58:29 syslogServer kernel: [    0.000000] Movable zone start for each node
May  4 16:58:29 syslogServer kernel: [    0.000000] Early memory node ranges
May  4 16:58:29 syslogServer kernel: [    0.000000]   node   0: [mem 0x0000000000001000-0x000000000009efff]
May  4 16:58:29 syslogServer kernel: [    0.000000]   node   0: [mem 0x0000000000100000-0x000000003ffeffff]
May  4 16:58:29 syslogServer kernel: [    0.000000] Reserved but unavailable: 98 pages
May  4 16:58:29 syslogServer kernel: [    0.000000] Initmem setup node 0 [mem 0x0000000000001000-0x000000003ffeffff]
May  4 16:58:29 syslogServer kernel: [    0.000000] On node 0 totalpages: 262030
May  4 16:58:29 syslogServer kernel: [    0.000000]   DMA zone: 64 pages used for memmap
May  4 16:58:29 syslogServer kernel: [    0.000000]   DMA zone: 21 pages reserved
May  4 16:58:29 syslogServer kernel: [    0.000000]   DMA zone: 3998 pages, LIFO batch:0
May  4 16:58:29 syslogServer kernel: [    0.000000]   DMA32 zone: 4032 pages used for memmap
May  4 16:58:29 syslogServer kernel: [    0.000000]   DMA32 zone: 258032 pages, LIFO batch:31
May  4 16:58:29 syslogServer kernel: [    0.000000] ACPI: PM-Timer IO Port: 0x4008
May  4 16:58:29 syslogServer kernel: [    0.000000] ACPI: Local APIC address 0xfee00000
May  4 16:58:29 syslogServer kernel: [    0.000000] IOAPIC[0]: apic_id 1, version 32, address 0xfec00000, GSI 0-23
May  4 16:58:29 syslogServer kernel: [    0.000000] ACPI: INT_SRC_OVR (bus 0 bus_irq 0 global_irq 2 dfl dfl)
May  4 16:58:29 syslogServer kernel: [    0.000000] ACPI: INT_SRC_OVR (bus 0 bus_irq 9 global_irq 9 low level)
May  4 16:58:29 syslogServer kernel: [    0.000000] ACPI: IRQ0 used by override.
