Apr 20 14:54:44 ubuntu rsyslogd:  [origin software="rsyslogd" swVersion="8.32.0" x-pid="1009" x-info="http://www.rsyslog.com"] exiting on signal 15.
Apr 20 14:54:44 ubuntu systemd[1]: Stopping System Logging Service...
Apr 20 14:54:44 ubuntu systemd[1]: Stopped System Logging Service.
Apr 20 14:54:44 ubuntu systemd[1]: Starting System Logging Service...
Apr 20 14:54:44 ubuntu systemd[1]: Started System Logging Service.
Apr 20 14:54:44 ubuntu rsyslogd: imuxsock: Acquired UNIX socket '/run/systemd/journal/syslog' (fd 3) from systemd.  [v8.32.0]
Apr 20 14:54:44 ubuntu rsyslogd: rsyslogd's groupid changed to 106
Apr 20 14:54:44 ubuntu rsyslogd: rsyslogd's userid changed to 102
Apr 20 14:54:44 ubuntu rsyslogd:  [origin software="rsyslogd" swVersion="8.32.0" x-pid="3047" x-info="http://www.rsyslog.com"] start
Apr 20 14:55:44 ubuntu dhcpd[1015]: DHCPDISCOVER from 08:00:27:ed:86:69 (ubuntu) via enp0s3
Apr 20 14:55:45 ubuntu dhcpd[1015]: DHCPOFFER on 10.10.20.72 to 08:00:27:ed:86:69 (ubuntu) via enp0s3
Apr 20 14:56:16 ubuntu dhcpd[1015]: DHCPREQUEST for 10.10.20.10 from 08:00:27:ad:ef:d5 via enp0s3
Apr 20 14:56:16 ubuntu dhcpd[1015]: DHCPACK on 10.10.20.10 to 08:00:27:ad:ef:d5 via enp0s3
Apr 20 14:56:16 ubuntu rsyslogd: omfwd: TCPSendBuf error -2027, destruct TCP Connection to 10.10.10.20:514 [v8.32.0 try http://www.rsyslog.com/e/2027 ]
Apr 20 14:56:16 ubuntu rsyslogd: action 'action 4' suspended (module 'builtin:omfwd'), retry 0. There should be messages before this one giving the reason for suspension. [v8.32.0 try http://www.rsyslog.com/e/2007 ]
Apr 20 14:56:16 ubuntu rsyslogd: action 'action 4' resumed (module 'builtin:omfwd') [v8.32.0 try http://www.rsyslog.com/e/2359 ]
Apr 20 14:56:45 ubuntu dhcpd[1015]: uid lease 10.10.10.2 for client 08:00:27:e4:5f:27 is duplicate on 10.10.10.0/24
Apr 20 14:56:45 ubuntu dhcpd[1015]: DHCPREQUEST for 10.10.10.20 from 08:00:27:e4:5f:27 via enp0s3
Apr 20 14:56:45 ubuntu dhcpd[1015]: DHCPACK on 10.10.10.20 to 08:00:27:e4:5f:27 via enp0s3
Apr 20 14:56:48 ubuntu dhcpd[1015]: DHCPDISCOVER from 08:00:27:ed:86:69 (ubuntu) via enp0s3
Apr 20 14:56:49 ubuntu dhcpd[1015]: DHCPOFFER on 10.10.20.72 to 08:00:27:ed:86:69 (ubuntu) via enp0s3
Apr 20 14:57:29 ubuntu dhcpd[1015]: DHCPREQUEST for 10.10.10.1 from 08:00:27:d0:51:33 (Admin) via enp0s3
Apr 20 14:57:29 ubuntu dhcpd[1015]: DHCPACK on 10.10.10.1 to 08:00:27:d0:51:33 (Admin) via enp0s3
Apr 20 14:57:44 ubuntu dhcpd[1015]: uid lease 10.10.20.71 for client 08:00:27:18:33:bf is duplicate on 10.10.20.0/24
Apr 20 14:57:44 ubuntu dhcpd[1015]: DHCPDISCOVER from 08:00:27:18:33:bf via enp0s3
Apr 20 14:57:44 ubuntu dhcpd[1015]: DHCPOFFER on 10.10.20.20 to 08:00:27:18:33:bf via enp0s3
Apr 20 14:57:44 ubuntu dhcpd[1015]: uid lease 10.10.20.71 for client 08:00:27:18:33:bf is duplicate on 10.10.20.0/24
Apr 20 14:57:44 ubuntu dhcpd[1015]: DHCPREQUEST for 10.10.20.20 (10.10.20.40) from 08:00:27:18:33:bf via enp0s3
Apr 20 14:57:44 ubuntu dhcpd[1015]: DHCPACK on 10.10.20.20 to 08:00:27:18:33:bf via enp0s3
Apr 20 14:57:52 ubuntu dhcpd[1015]: DHCPDISCOVER from 08:00:27:ed:86:69 (ubuntu) via enp0s3
Apr 20 14:57:53 ubuntu dhcpd[1015]: DHCPOFFER on 10.10.20.72 to 08:00:27:ed:86:69 (ubuntu) via enp0s3
Apr 20 14:58:57 ubuntu dhcpd[1015]: DHCPDISCOVER from 08:00:27:ed:86:69 (ubuntu) via enp0s3
Apr 20 14:58:58 ubuntu dhcpd[1015]: DHCPOFFER on 10.10.20.72 to 08:00:27:ed:86:69 (ubuntu) via enp0s3
Apr 20 14:59:37 ubuntu dhcpd[1015]: uid lease 10.10.20.71 for client 08:00:27:18:33:bf is duplicate on 10.10.20.0/24
Apr 20 14:59:37 ubuntu dhcpd[1015]: DHCPDISCOVER from 08:00:27:18:33:bf via enp0s3
Apr 20 14:59:37 ubuntu dhcpd[1015]: DHCPOFFER on 10.10.20.20 to 08:00:27:18:33:bf via enp0s3
Apr 20 14:59:37 ubuntu dhcpd[1015]: uid lease 10.10.20.71 for client 08:00:27:18:33:bf is duplicate on 10.10.20.0/24
Apr 20 14:59:37 ubuntu dhcpd[1015]: DHCPREQUEST for 10.10.20.20 (10.10.20.40) from 08:00:27:18:33:bf via enp0s3
Apr 20 14:59:37 ubuntu dhcpd[1015]: DHCPACK on 10.10.20.20 to 08:00:27:18:33:bf via enp0s3
Apr 20 15:00:01 ubuntu dhcpd[1015]: DHCPDISCOVER from 08:00:27:ed:86:69 (ubuntu) via enp0s3
Apr 20 15:00:02 ubuntu dhcpd[1015]: DHCPOFFER on 10.10.20.72 to 08:00:27:ed:86:69 (ubuntu) via enp0s3
Apr 20 15:01:06 ubuntu dhcpd[1015]: DHCPDISCOVER from 08:00:27:ed:86:69 (ubuntu) via enp0s3
Apr 20 15:01:07 ubuntu dhcpd[1015]: DHCPOFFER on 10.10.20.72 to 08:00:27:ed:86:69 (ubuntu) via enp0s3
Apr 20 15:01:16 ubuntu dhcpd[1015]: DHCPREQUEST for 10.10.20.10 from 08:00:27:ad:ef:d5 via enp0s3
Apr 20 15:01:16 ubuntu dhcpd[1015]: DHCPACK on 10.10.20.10 to 08:00:27:ad:ef:d5 via enp0s3
Apr 20 15:01:46 ubuntu dhcpd[1015]: uid lease 10.10.10.2 for client 08:00:27:e4:5f:27 is duplicate on 10.10.10.0/24
Apr 20 15:01:46 ubuntu dhcpd[1015]: DHCPREQUEST for 10.10.10.20 from 08:00:27:e4:5f:27 via enp0s3
Apr 20 15:01:46 ubuntu dhcpd[1015]: DHCPACK on 10.10.10.20 to 08:00:27:e4:5f:27 via enp0s3
Apr 20 15:02:10 ubuntu dhcpd[1015]: DHCPDISCOVER from 08:00:27:ed:86:69 (ubuntu) via enp0s3
Apr 20 15:02:11 ubuntu dhcpd[1015]: DHCPOFFER on 10.10.20.72 to 08:00:27:ed:86:69 (ubuntu) via enp0s3
Apr 20 15:02:29 ubuntu dhcpd[1015]: DHCPREQUEST for 10.10.10.1 from 08:00:27:d0:51:33 (Admin) via enp0s3
Apr 20 15:02:29 ubuntu dhcpd[1015]: DHCPACK on 10.10.10.1 to 08:00:27:d0:51:33 (Admin) via enp0s3
Apr 20 15:03:14 ubuntu dhcpd[1015]: DHCPDISCOVER from 08:00:27:ed:86:69 (ubuntu) via enp0s3
Apr 20 15:03:15 ubuntu dhcpd[1015]: DHCPOFFER on 10.10.20.72 to 08:00:27:ed:86:69 (ubuntu) via enp0s3
Apr 20 15:03:30 ubuntu dhcpd[1015]: DHCPDISCOVER from 08:00:27:50:e7:e4 via enp0s3
Apr 20 15:03:30 ubuntu dhcpd[1015]: DHCPOFFER on 10.10.20.30 to 08:00:27:50:e7:e4 via enp0s3
Apr 20 15:03:30 ubuntu dhcpd[1015]: DHCPREQUEST for 10.10.20.30 (10.10.20.40) from 08:00:27:50:e7:e4 via enp0s3
Apr 20 15:03:30 ubuntu dhcpd[1015]: DHCPACK on 10.10.20.30 to 08:00:27:50:e7:e4 via enp0s3
Apr 20 15:04:17 ubuntu dhcpd[1015]: DHCPDISCOVER from 08:00:27:ed:86:69 (ubuntu) via enp0s3
Apr 20 15:04:18 ubuntu dhcpd[1015]: DHCPOFFER on 10.10.20.72 to 08:00:27:ed:86:69 (ubuntu) via enp0s3
Apr 20 15:04:36 ubuntu dhcpd[1015]: uid lease 10.10.20.71 for client 08:00:27:18:33:bf is duplicate on 10.10.20.0/24
Apr 20 15:04:36 ubuntu dhcpd[1015]: DHCPREQUEST for 10.10.20.20 from 08:00:27:18:33:bf via enp0s3
Apr 20 15:04:36 ubuntu dhcpd[1015]: DHCPACK on 10.10.20.20 to 08:00:27:18:33:bf via enp0s3
Apr 20 15:05:22 ubuntu dhcpd[1015]: DHCPDISCOVER from 08:00:27:ed:86:69 (ubuntu) via enp0s3
Apr 20 15:05:23 ubuntu dhcpd[1015]: DHCPOFFER on 10.10.20.72 to 08:00:27:ed:86:69 (ubuntu) via enp0s3
Apr 20 15:06:16 ubuntu dhcpd[1015]: DHCPREQUEST for 10.10.20.10 from 08:00:27:ad:ef:d5 via enp0s3
Apr 20 15:06:16 ubuntu dhcpd[1015]: DHCPACK on 10.10.20.10 to 08:00:27:ad:ef:d5 via enp0s3
Apr 20 15:06:26 ubuntu dhcpd[1015]: DHCPDISCOVER from 08:00:27:ed:86:69 (ubuntu) via enp0s3
Apr 20 15:06:27 ubuntu dhcpd[1015]: DHCPOFFER on 10.10.20.72 to 08:00:27:ed:86:69 (ubuntu) via enp0s3
Apr 20 15:06:46 ubuntu dhcpd[1015]: uid lease 10.10.10.2 for client 08:00:27:e4:5f:27 is duplicate on 10.10.10.0/24
Apr 20 15:06:46 ubuntu dhcpd[1015]: DHCPREQUEST for 10.10.10.20 from 08:00:27:e4:5f:27 via enp0s3
Apr 20 15:06:46 ubuntu dhcpd[1015]: DHCPACK on 10.10.10.20 to 08:00:27:e4:5f:27 via enp0s3
Apr 20 15:07:24 ubuntu dhcpd[1015]: DHCPDISCOVER from 08:00:27:33:5b:05 via 10.10.30.254
Apr 20 15:07:24 ubuntu dhcpd[1015]: DHCPOFFER on 10.10.30.10 to 08:00:27:33:5b:05 via 10.10.30.254
Apr 20 15:07:24 ubuntu dhcpd[1015]: DHCPREQUEST for 10.10.30.10 (10.10.20.40) from 08:00:27:33:5b:05 via 10.10.30.254
Apr 20 15:07:24 ubuntu dhcpd[1015]: DHCPACK on 10.10.30.10 to 08:00:27:33:5b:05 via 10.10.30.254
Apr 20 15:07:29 ubuntu dhcpd[1015]: Wrote 0 deleted host decls to leases file.
Apr 20 15:07:29 ubuntu dhcpd[1015]: Wrote 0 new dynamic host decls to leases file.
Apr 20 15:07:29 ubuntu dhcpd[1015]: Wrote 5 leases to leases file.
Apr 20 15:07:29 ubuntu dhcpd[1015]: DHCPREQUEST for 10.10.10.1 from 08:00:27:d0:51:33 (Admin) via enp0s3
Apr 20 15:07:29 ubuntu dhcpd[1015]: DHCPACK on 10.10.10.1 to 08:00:27:d0:51:33 (Admin) via enp0s3
Apr 20 15:07:30 ubuntu dhcpd[1015]: DHCPDISCOVER from 08:00:27:ed:86:69 (ubuntu) via enp0s3
Apr 20 15:07:31 ubuntu dhcpd[1015]: DHCPOFFER on 10.10.20.72 to 08:00:27:ed:86:69 (ubuntu) via enp0s3
Apr 20 15:08:30 ubuntu dhcpd[1015]: DHCPREQUEST for 10.10.20.30 from 08:00:27:50:e7:e4 via enp0s3
Apr 20 15:08:30 ubuntu dhcpd[1015]: DHCPACK on 10.10.20.30 to 08:00:27:50:e7:e4 via enp0s3
Apr 20 15:08:35 ubuntu dhcpd[1015]: DHCPDISCOVER from 08:00:27:ed:86:69 (ubuntu) via enp0s3
Apr 20 15:08:36 ubuntu dhcpd[1015]: DHCPOFFER on 10.10.20.72 to 08:00:27:ed:86:69 (ubuntu) via enp0s3
Apr 20 15:09:35 ubuntu dhcpd[1015]: uid lease 10.10.20.71 for client 08:00:27:18:33:bf is duplicate on 10.10.20.0/24
Apr 20 15:09:35 ubuntu dhcpd[1015]: DHCPREQUEST for 10.10.20.20 from 08:00:27:18:33:bf via enp0s3
Apr 20 15:09:35 ubuntu dhcpd[1015]: DHCPACK on 10.10.20.20 to 08:00:27:18:33:bf via enp0s3
Apr 20 15:09:39 ubuntu dhcpd[1015]: DHCPDISCOVER from 08:00:27:ed:86:69 (ubuntu) via enp0s3
Apr 20 15:09:40 ubuntu dhcpd[1015]: DHCPOFFER on 10.10.20.72 to 08:00:27:ed:86:69 (ubuntu) via enp0s3
Apr 20 15:10:44 ubuntu dhcpd[1015]: DHCPDISCOVER from 08:00:27:ed:86:69 (ubuntu) via enp0s3
Apr 20 15:10:45 ubuntu dhcpd[1015]: DHCPOFFER on 10.10.20.72 to 08:00:27:ed:86:69 (ubuntu) via enp0s3
Apr 20 15:11:15 ubuntu dhcpd[1015]: DHCPREQUEST for 10.10.20.10 from 08:00:27:ad:ef:d5 via enp0s3
Apr 20 15:11:15 ubuntu dhcpd[1015]: DHCPACK on 10.10.20.10 to 08:00:27:ad:ef:d5 via enp0s3
Apr 20 15:11:46 ubuntu dhcpd[1015]: uid lease 10.10.10.2 for client 08:00:27:e4:5f:27 is duplicate on 10.10.10.0/24
Apr 20 15:11:46 ubuntu dhcpd[1015]: DHCPREQUEST for 10.10.10.20 from 08:00:27:e4:5f:27 via enp0s3
Apr 20 15:11:46 ubuntu dhcpd[1015]: DHCPACK on 10.10.10.20 to 08:00:27:e4:5f:27 via enp0s3
Apr 20 15:11:48 ubuntu dhcpd[1015]: DHCPDISCOVER from 08:00:27:ed:86:69 (ubuntu) via enp0s3
Apr 20 15:11:49 ubuntu dhcpd[1015]: DHCPOFFER on 10.10.20.72 to 08:00:27:ed:86:69 (ubuntu) via enp0s3
Apr 20 15:12:23 ubuntu dhcpd[1015]: DHCPREQUEST for 10.10.30.10 from 08:00:27:33:5b:05 via enp0s3
Apr 20 15:12:23 ubuntu dhcpd[1015]: DHCPACK on 10.10.30.10 to 08:00:27:33:5b:05 via enp0s3
Apr 20 15:12:29 ubuntu dhcpd[1015]: DHCPREQUEST for 10.10.10.1 from 08:00:27:d0:51:33 (Admin) via enp0s3
Apr 20 15:12:29 ubuntu dhcpd[1015]: DHCPACK on 10.10.10.1 to 08:00:27:d0:51:33 (Admin) via enp0s3
Apr 20 15:12:53 ubuntu dhcpd[1015]: DHCPDISCOVER from 08:00:27:ed:86:69 (ubuntu) via enp0s3
Apr 20 15:12:54 ubuntu dhcpd[1015]: DHCPOFFER on 10.10.20.72 to 08:00:27:ed:86:69 (ubuntu) via enp0s3
Apr 20 15:13:31 ubuntu dhcpd[1015]: DHCPREQUEST for 10.10.20.30 from 08:00:27:50:e7:e4 via enp0s3
Apr 20 15:13:31 ubuntu dhcpd[1015]: DHCPACK on 10.10.20.30 to 08:00:27:50:e7:e4 via enp0s3
Apr 20 15:13:57 ubuntu dhcpd[1015]: DHCPDISCOVER from 08:00:27:ed:86:69 (ubuntu) via enp0s3
Apr 20 15:13:58 ubuntu dhcpd[1015]: DHCPOFFER on 10.10.20.72 to 08:00:27:ed:86:69 (ubuntu) via enp0s3
Apr 20 15:14:34 ubuntu dhcpd[1015]: uid lease 10.10.20.71 for client 08:00:27:18:33:bf is duplicate on 10.10.20.0/24
Apr 20 15:14:34 ubuntu dhcpd[1015]: DHCPREQUEST for 10.10.20.20 from 08:00:27:18:33:bf via enp0s3
Apr 20 15:14:34 ubuntu dhcpd[1015]: DHCPACK on 10.10.20.20 to 08:00:27:18:33:bf via enp0s3
Apr 20 15:15:01 ubuntu dhcpd[1015]: DHCPDISCOVER from 08:00:27:ed:86:69 (ubuntu) via enp0s3
Apr 20 15:15:02 ubuntu dhcpd[1015]: DHCPOFFER on 10.10.20.72 to 08:00:27:ed:86:69 (ubuntu) via enp0s3
Apr 20 15:16:06 ubuntu dhcpd[1015]: DHCPDISCOVER from 08:00:27:ed:86:69 (ubuntu) via enp0s3
Apr 20 15:16:07 ubuntu dhcpd[1015]: DHCPOFFER on 10.10.20.72 to 08:00:27:ed:86:69 (ubuntu) via enp0s3
Apr 20 15:16:14 ubuntu dhcpd[1015]: DHCPREQUEST for 10.10.20.10 from 08:00:27:ad:ef:d5 via enp0s3
Apr 20 15:16:14 ubuntu dhcpd[1015]: DHCPACK on 10.10.20.10 to 08:00:27:ad:ef:d5 via enp0s3
Apr 20 15:16:46 ubuntu dhcpd[1015]: uid lease 10.10.10.2 for client 08:00:27:e4:5f:27 is duplicate on 10.10.10.0/24
Apr 20 15:16:46 ubuntu dhcpd[1015]: DHCPREQUEST for 10.10.10.20 from 08:00:27:e4:5f:27 via enp0s3
Apr 20 15:16:46 ubuntu dhcpd[1015]: DHCPACK on 10.10.10.20 to 08:00:27:e4:5f:27 via enp0s3
Apr 20 15:17:01 ubuntu CRON[3280]: (root) CMD (   cd / && run-parts --report /etc/cron.hourly)
Apr 20 15:17:10 ubuntu dhcpd[1015]: DHCPDISCOVER from 08:00:27:ed:86:69 (ubuntu) via enp0s3
Apr 20 15:17:11 ubuntu dhcpd[1015]: DHCPOFFER on 10.10.20.72 to 08:00:27:ed:86:69 (ubuntu) via enp0s3
Apr 20 15:17:23 ubuntu dhcpd[1015]: DHCPREQUEST for 10.10.30.10 from 08:00:27:33:5b:05 via enp0s3
Apr 20 15:17:23 ubuntu dhcpd[1015]: DHCPACK on 10.10.30.10 to 08:00:27:33:5b:05 via enp0s3
Apr 20 15:17:29 ubuntu dhcpd[1015]: DHCPREQUEST for 10.10.10.1 from 08:00:27:d0:51:33 (Admin) via enp0s3
Apr 20 15:17:29 ubuntu dhcpd[1015]: DHCPACK on 10.10.10.1 to 08:00:27:d0:51:33 (Admin) via enp0s3
Apr 20 15:18:15 ubuntu dhcpd[1015]: DHCPDISCOVER from 08:00:27:ed:86:69 (ubuntu) via enp0s3
Apr 20 15:18:16 ubuntu dhcpd[1015]: DHCPOFFER on 10.10.20.72 to 08:00:27:ed:86:69 (ubuntu) via enp0s3
Apr 20 15:18:29 ubuntu dhcpd[1015]: DHCPREQUEST for 10.10.20.30 from 08:00:27:50:e7:e4 via enp0s3
Apr 20 15:18:29 ubuntu dhcpd[1015]: DHCPACK on 10.10.20.30 to 08:00:27:50:e7:e4 via enp0s3
Apr 20 15:19:18 ubuntu dhcpd[1015]: DHCPDISCOVER from 08:00:27:ed:86:69 (ubuntu) via enp0s3
Apr 20 15:19:19 ubuntu dhcpd[1015]: DHCPOFFER on 10.10.20.72 to 08:00:27:ed:86:69 (ubuntu) via enp0s3
Apr 20 15:19:33 ubuntu dhcpd[1015]: uid lease 10.10.20.71 for client 08:00:27:18:33:bf is duplicate on 10.10.20.0/24
Apr 20 15:19:33 ubuntu dhcpd[1015]: DHCPREQUEST for 10.10.20.20 from 08:00:27:18:33:bf via enp0s3
Apr 20 15:19:33 ubuntu dhcpd[1015]: DHCPACK on 10.10.20.20 to 08:00:27:18:33:bf via enp0s3
Apr 20 15:20:21 ubuntu dhcpd[1015]: DHCPDISCOVER from 08:00:27:ed:86:69 (ubuntu) via enp0s3
Apr 20 15:20:22 ubuntu dhcpd[1015]: DHCPOFFER on 10.10.20.72 to 08:00:27:ed:86:69 (ubuntu) via enp0s3
Apr 20 15:21:13 ubuntu dhcpd[1015]: DHCPREQUEST for 10.10.20.10 from 08:00:27:ad:ef:d5 via enp0s3
Apr 20 15:21:13 ubuntu dhcpd[1015]: DHCPACK on 10.10.20.10 to 08:00:27:ad:ef:d5 via enp0s3
Apr 20 15:21:26 ubuntu dhcpd[1015]: DHCPDISCOVER from 08:00:27:ed:86:69 (ubuntu) via enp0s3
Apr 20 15:21:27 ubuntu dhcpd[1015]: DHCPOFFER on 10.10.20.72 to 08:00:27:ed:86:69 (ubuntu) via enp0s3
Apr 20 15:21:46 ubuntu dhcpd[1015]: uid lease 10.10.10.2 for client 08:00:27:e4:5f:27 is duplicate on 10.10.10.0/24
Apr 20 15:21:46 ubuntu dhcpd[1015]: DHCPREQUEST for 10.10.10.20 from 08:00:27:e4:5f:27 via enp0s3
Apr 20 15:21:46 ubuntu dhcpd[1015]: DHCPACK on 10.10.10.20 to 08:00:27:e4:5f:27 via enp0s3
Apr 20 15:22:29 ubuntu dhcpd[1015]: DHCPDISCOVER from 08:00:27:ed:86:69 (ubuntu) via enp0s3
Apr 20 15:22:30 ubuntu dhcpd[1015]: DHCPOFFER on 10.10.20.72 to 08:00:27:ed:86:69 (ubuntu) via enp0s3
May  4 16:57:09 ubuntu kernel: [    0.000000] Linux version 4.15.0-99-generic (buildd@lcy01-amd64-013) (gcc version 7.5.0 (Ubuntu 7.5.0-3ubuntu1~18.04)) #100-Ubuntu SMP Wed Apr 22 20:32:56 UTC 2020 (Ubuntu 4.15.0-99.100-generic 4.15.18)
May  4 16:57:09 ubuntu kernel: [    0.000000] Command line: BOOT_IMAGE=/boot/vmlinuz-4.15.0-99-generic root=UUID=395d005b-0390-4968-a2c4-8ad8a05a854b ro maybe-ubiquity
May  4 16:57:09 ubuntu kernel: [    0.000000] KERNEL supported cpus:
May  4 16:57:09 ubuntu kernel: [    0.000000]   Intel GenuineIntel
May  4 16:57:09 ubuntu kernel: [    0.000000]   AMD AuthenticAMD
May  4 16:57:09 ubuntu kernel: [    0.000000]   Centaur CentaurHauls
May  4 16:57:09 ubuntu kernel: [    0.000000] x86/fpu: Supporting XSAVE feature 0x001: 'x87 floating point registers'
May  4 16:57:09 ubuntu kernel: [    0.000000] x86/fpu: Supporting XSAVE feature 0x002: 'SSE registers'
May  4 16:57:09 ubuntu kernel: [    0.000000] x86/fpu: Supporting XSAVE feature 0x004: 'AVX registers'
May  4 16:57:09 ubuntu kernel: [    0.000000] x86/fpu: xstate_offset[2]:  576, xstate_sizes[2]:  256
May  4 16:57:09 ubuntu kernel: [    0.000000] x86/fpu: Enabled xstate features 0x7, context size is 832 bytes, using 'standard' format.
May  4 16:57:09 ubuntu kernel: [    0.000000] e820: BIOS-provided physical RAM map:
May  4 16:57:09 ubuntu kernel: [    0.000000] BIOS-e820: [mem 0x0000000000000000-0x000000000009fbff] usable
May  4 16:57:09 ubuntu kernel: [    0.000000] BIOS-e820: [mem 0x000000000009fc00-0x000000000009ffff] reserved
May  4 16:57:09 ubuntu kernel: [    0.000000] BIOS-e820: [mem 0x00000000000f0000-0x00000000000fffff] reserved
May  4 16:57:09 ubuntu kernel: [    0.000000] BIOS-e820: [mem 0x0000000000100000-0x000000003ffeffff] usable
May  4 16:57:09 ubuntu kernel: [    0.000000] BIOS-e820: [mem 0x000000003fff0000-0x000000003fffffff] ACPI data
May  4 16:57:09 ubuntu kernel: [    0.000000] BIOS-e820: [mem 0x00000000fec00000-0x00000000fec00fff] reserved
May  4 16:57:09 ubuntu kernel: [    0.000000] BIOS-e820: [mem 0x00000000fee00000-0x00000000fee00fff] reserved
May  4 16:57:09 ubuntu kernel: [    0.000000] BIOS-e820: [mem 0x00000000fffc0000-0x00000000ffffffff] reserved
May  4 16:57:09 ubuntu kernel: [    0.000000] NX (Execute Disable) protection: active
May  4 16:57:09 ubuntu kernel: [    0.000000] SMBIOS 2.5 present.
May  4 16:57:09 ubuntu kernel: [    0.000000] DMI: innotek GmbH VirtualBox/VirtualBox, BIOS VirtualBox 12/01/2006
May  4 16:57:09 ubuntu kernel: [    0.000000] Hypervisor detected: KVM
May  4 16:57:09 ubuntu kernel: [    0.000000] e820: update [mem 0x00000000-0x00000fff] usable ==> reserved
May  4 16:57:09 ubuntu kernel: [    0.000000] e820: remove [mem 0x000a0000-0x000fffff] usable
May  4 16:57:09 ubuntu kernel: [    0.000000] e820: last_pfn = 0x3fff0 max_arch_pfn = 0x400000000
May  4 16:57:09 ubuntu kernel: [    0.000000] MTRR default type: uncachable
May  4 16:57:09 ubuntu kernel: [    0.000000] MTRR variable ranges disabled:
May  4 16:57:09 ubuntu kernel: [    0.000000] MTRR: Disabled
May  4 16:57:09 ubuntu kernel: [    0.000000] x86/PAT: MTRRs disabled, skipping PAT initialization too.
May  4 16:57:09 ubuntu kernel: [    0.000000] CPU MTRRs all blank - virtualized system.
May  4 16:57:09 ubuntu kernel: [    0.000000] x86/PAT: Configuration [0-7]: WB  WT  UC- UC  WB  WT  UC- UC  
May  4 16:57:09 ubuntu kernel: [    0.000000] found SMP MP-table at [mem 0x0009fff0-0x0009ffff]
May  4 16:57:09 ubuntu kernel: [    0.000000] Scanning 1 areas for low memory corruption
May  4 16:57:09 ubuntu kernel: [    0.000000] BRK [0x14b91000, 0x14b91fff] PGTABLE
May  4 16:57:09 ubuntu kernel: [    0.000000] BRK [0x14b92000, 0x14b92fff] PGTABLE
May  4 16:57:09 ubuntu kernel: [    0.000000] BRK [0x14b93000, 0x14b93fff] PGTABLE
May  4 16:57:09 ubuntu kernel: [    0.000000] BRK [0x14b94000, 0x14b94fff] PGTABLE
May  4 16:57:09 ubuntu kernel: [    0.000000] BRK [0x14b95000, 0x14b95fff] PGTABLE
May  4 16:57:09 ubuntu kernel: [    0.000000] RAMDISK: [mem 0x3117f000-0x348b6fff]
May  4 16:57:09 ubuntu kernel: [    0.000000] ACPI: Early table checksum verification disabled
May  4 16:57:09 ubuntu kernel: [    0.000000] ACPI: RSDP 0x00000000000E0000 000024 (v02 VBOX  )
May  4 16:57:09 ubuntu kernel: [    0.000000] ACPI: XSDT 0x000000003FFF0030 00003C (v01 VBOX   VBOXXSDT 00000001 ASL  00000061)
May  4 16:57:09 ubuntu kernel: [    0.000000] ACPI: FACP 0x000000003FFF00F0 0000F4 (v04 VBOX   VBOXFACP 00000001 ASL  00000061)
May  4 16:57:09 ubuntu kernel: [    0.000000] ACPI: DSDT 0x000000003FFF0470 0022EA (v02 VBOX   VBOXBIOS 00000002 INTL 20100528)
May  4 16:57:09 ubuntu kernel: [    0.000000] ACPI: FACS 0x000000003FFF0200 000040
May  4 16:57:09 ubuntu kernel: [    0.000000] ACPI: FACS 0x000000003FFF0200 000040
May  4 16:57:09 ubuntu kernel: [    0.000000] ACPI: APIC 0x000000003FFF0240 000054 (v02 VBOX   VBOXAPIC 00000001 ASL  00000061)
May  4 16:57:09 ubuntu kernel: [    0.000000] ACPI: SSDT 0x000000003FFF02A0 0001CC (v01 VBOX   VBOXCPUT 00000002 INTL 20100528)
May  4 16:57:09 ubuntu kernel: [    0.000000] ACPI: Local APIC address 0xfee00000
May  4 16:57:09 ubuntu kernel: [    0.000000] No NUMA configuration found
May  4 16:57:09 ubuntu kernel: [    0.000000] Faking a node at [mem 0x0000000000000000-0x000000003ffeffff]
May  4 16:57:09 ubuntu kernel: [    0.000000] NODE_DATA(0) allocated [mem 0x3ffc5000-0x3ffeffff]
May  4 16:57:09 ubuntu kernel: [    0.000000] kvm-clock: cpu 0, msr 0:3ff44001, primary cpu clock
May  4 16:57:09 ubuntu kernel: [    0.000000] kvm-clock: Using msrs 4b564d01 and 4b564d00
May  4 16:57:09 ubuntu kernel: [    0.000000] kvm-clock: using sched offset of 6242715380 cycles
May  4 16:57:09 ubuntu kernel: [    0.000000] clocksource: kvm-clock: mask: 0xffffffffffffffff max_cycles: 0x1cd42e4dffb, max_idle_ns: 881590591483 ns
May  4 16:57:09 ubuntu kernel: [    0.000000] Zone ranges:
May  4 16:57:09 ubuntu kernel: [    0.000000]   DMA      [mem 0x0000000000001000-0x0000000000ffffff]
May  4 16:57:09 ubuntu kernel: [    0.000000]   DMA32    [mem 0x0000000001000000-0x000000003ffeffff]
May  4 16:57:09 ubuntu kernel: [    0.000000]   Normal   empty
May  4 16:57:09 ubuntu kernel: [    0.000000]   Device   empty
May  4 16:57:09 ubuntu kernel: [    0.000000] Movable zone start for each node
May  4 16:57:09 ubuntu kernel: [    0.000000] Early memory node ranges
May  4 16:57:09 ubuntu kernel: [    0.000000]   node   0: [mem 0x0000000000001000-0x000000000009efff]
May  4 16:57:09 ubuntu kernel: [    0.000000]   node   0: [mem 0x0000000000100000-0x000000003ffeffff]
May  4 16:57:09 ubuntu kernel: [    0.000000] Reserved but unavailable: 98 pages
May  4 16:57:09 ubuntu kernel: [    0.000000] Initmem setup node 0 [mem 0x0000000000001000-0x000000003ffeffff]
May  4 16:57:09 ubuntu kernel: [    0.000000] On node 0 totalpages: 262030
May  4 16:57:09 ubuntu kernel: [    0.000000]   DMA zone: 64 pages used for memmap
May  4 16:57:09 ubuntu kernel: [    0.000000]   DMA zone: 21 pages reserved
May  4 16:57:09 ubuntu kernel: [    0.000000]   DMA zone: 3998 pages, LIFO batch:0
May  4 16:57:09 ubuntu kernel: [    0.000000]   DMA32 zone: 4032 pages used for memmap
May  4 16:57:09 ubuntu kernel: [    0.000000]   DMA32 zone: 258032 pages, LIFO batch:31
May  4 16:57:09 ubuntu kernel: [    0.000000] ACPI: PM-Timer IO Port: 0x4008
May  4 16:57:09 ubuntu kernel: [    0.000000] ACPI: Local APIC address 0xfee00000
May  4 16:57:09 ubuntu kernel: [    0.000000] IOAPIC[0]: apic_id 1, version 32, address 0xfec00000, GSI 0-23
May  4 16:57:09 ubuntu kernel: [    0.000000] ACPI: INT_SRC_OVR (bus 0 bus_irq 0 global_irq 2 dfl dfl)
May  4 16:57:09 ubuntu kernel: [    0.000000] ACPI: INT_SRC_OVR (bus 0 bus_irq 9 global_irq 9 low level)
May  4 16:57:09 ubuntu kernel: [    0.000000] ACPI: IRQ0 used by override.
May  4 16:57:09 ubuntu kernel: [    0.000000] ACPI: IRQ9 used by override.
May  4 16:57:09 ubuntu kernel: [    0.000000] Using ACPI (MADT) for SMP configuration information
May  4 16:57:09 ubuntu kernel: [    0.000000] smpboot: Allowing 1 CPUs, 0 hotplug CPUs
May  4 16:57:09 ubuntu kernel: [    0.000000] PM: Registered nosave memory: [mem 0x00000000-0x00000fff]
May  4 16:57:09 ubuntu kernel: [    0.000000] PM: Registered nosave memory: [mem 0x0009f000-0x0009ffff]
May  4 16:57:09 ubuntu kernel: [    0.000000] PM: Registered nosave memory: [mem 0x000a0000-0x000effff]
May  4 16:57:09 ubuntu kernel: [    0.000000] PM: Registered nosave memory: [mem 0x000f0000-0x000fffff]
May  4 16:57:09 ubuntu kernel: [    0.000000] e820: [mem 0x40000000-0xfebfffff] available for PCI devices
May  4 16:57:09 ubuntu kernel: [    0.000000] Booting paravirtualized kernel on KVM
May  4 16:57:09 ubuntu kernel: [    0.000000] clocksource: refined-jiffies: mask: 0xffffffff max_cycles: 0xffffffff, max_idle_ns: 7645519600211568 ns
May  4 16:57:09 ubuntu kernel: [    0.000000] random: get_random_bytes called from start_kernel+0x99/0x4fd with crng_init=0
May  4 16:57:09 ubuntu kernel: [    0.000000] setup_percpu: NR_CPUS:8192 nr_cpumask_bits:1 nr_cpu_ids:1 nr_node_ids:1
May  4 16:57:09 ubuntu kernel: [    0.000000] percpu: Embedded 45 pages/cpu s147456 r8192 d28672 u2097152
May  4 16:57:09 ubuntu kernel: [    0.000000] pcpu-alloc: s147456 r8192 d28672 u2097152 alloc=1*2097152
May  4 16:57:09 ubuntu kernel: [    0.000000] pcpu-alloc: [0] 0 
May  4 16:57:09 ubuntu kernel: [    0.000000] PV qspinlock hash table entries: 256 (order: 0, 4096 bytes)
May  4 16:57:09 ubuntu kernel: [    0.000000] Built 1 zonelists, mobility grouping on.  Total pages: 257913
May  4 16:57:09 ubuntu kernel: [    0.000000] Policy zone: DMA32
May  4 16:57:09 ubuntu kernel: [    0.000000] Kernel command line: BOOT_IMAGE=/boot/vmlinuz-4.15.0-99-generic root=UUID=395d005b-0390-4968-a2c4-8ad8a05a854b ro maybe-ubiquity
May  4 16:57:09 ubuntu kernel: [    0.000000] Calgary: detecting Calgary via BIOS EBDA area
May  4 16:57:09 ubuntu kernel: [    0.000000] Calgary: Unable to locate Rio Grande table in EBDA - bailing!
May  4 16:57:09 ubuntu kernel: [    0.000000] Memory: 945904K/1048120K available (12300K kernel code, 2481K rwdata, 4268K rodata, 2432K init, 2712K bss, 102216K reserved, 0K cma-reserved)
May  4 16:57:09 ubuntu kernel: [    0.000000] SLUB: HWalign=64, Order=0-3, MinObjects=0, CPUs=1, Nodes=1
May  4 16:57:09 ubuntu kernel: [    0.000000] Kernel/User page tables isolation: enabled
May  4 16:57:09 ubuntu kernel: [    0.000000] ftrace: allocating 39364 entries in 154 pages
May  4 16:57:09 ubuntu kernel: [    0.004000] Hierarchical RCU implementation.
May  4 16:57:09 ubuntu kernel: [    0.004000] #011RCU restricting CPUs from NR_CPUS=8192 to nr_cpu_ids=1.
May  4 16:57:09 ubuntu kernel: [    0.004000] #011Tasks RCU enabled.
May  4 16:57:09 ubuntu kernel: [    0.004000] RCU: Adjusting geometry for rcu_fanout_leaf=16, nr_cpu_ids=1
May  4 16:57:09 ubuntu kernel: [    0.004000] NR_IRQS: 524544, nr_irqs: 256, preallocated irqs: 16
May  4 16:57:09 ubuntu kernel: [    0.004000] Console: colour VGA+ 80x25
May  4 16:57:09 ubuntu kernel: [    0.004000] console [tty0] enabled
May  4 16:57:09 ubuntu kernel: [    0.004000] ACPI: Core revision 20170831
May  4 16:57:09 ubuntu kernel: [    0.004000] ACPI: 2 ACPI AML tables successfully acquired and loaded
May  4 16:57:09 ubuntu kernel: [    0.004000] APIC: Switch to symmetric I/O mode setup
May  4 16:57:09 ubuntu kernel: [    0.004000] x2apic enabled
May  4 16:57:09 ubuntu kernel: [    0.004000] Switched APIC routing to physical x2apic.
May  4 16:57:09 ubuntu kernel: [    0.004000] ..TIMER: vector=0x30 apic1=0 pin1=2 apic2=-1 pin2=-1
May  4 16:57:09 ubuntu kernel: [    0.004004] tsc: Detected 2712.000 MHz processor
May  4 16:57:09 ubuntu kernel: [    0.004242] Calibrating delay loop (skipped) preset value.. 5424.00 BogoMIPS (lpj=10848000)
May  4 16:57:09 ubuntu kernel: [    0.004762] pid_max: default: 32768 minimum: 301
May  4 16:57:09 ubuntu kernel: [    0.005064] Security Framework initialized
May  4 16:57:09 ubuntu kernel: [    0.005292] Yama: becoming mindful.
May  4 16:57:09 ubuntu kernel: [    0.005520] AppArmor: AppArmor initialized
May  4 16:57:09 ubuntu kernel: [    0.005880] Dentry cache hash table entries: 131072 (order: 8, 1048576 bytes)
May  4 16:57:09 ubuntu kernel: [    0.006481] Inode-cache hash table entries: 65536 (order: 7, 524288 bytes)
May  4 16:57:09 ubuntu kernel: [    0.008044] Mount-cache hash table entries: 2048 (order: 2, 16384 bytes)
May  4 16:57:09 ubuntu kernel: [    0.008568] Mountpoint-cache hash table entries: 2048 (order: 2, 16384 bytes)
May  4 16:57:09 ubuntu kernel: [    0.009563] process: using mwait in idle threads
May  4 16:57:09 ubuntu kernel: [    0.009902] Last level iTLB entries: 4KB 64, 2MB 8, 4MB 8
May  4 16:57:09 ubuntu kernel: [    0.012007] Last level dTLB entries: 4KB 64, 2MB 0, 4MB 0, 1GB 4
May  4 16:57:09 ubuntu kernel: [    0.012313] Spectre V1 : Mitigation: usercopy/swapgs barriers and __user pointer sanitization
May  4 16:57:09 ubuntu kernel: [    0.012804] Spectre V2 : Mitigation: Full generic retpoline
May  4 16:57:09 ubuntu kernel: [    0.013071] Spectre V2 : Spectre v2 / SpectreRSB mitigation: Filling RSB on context switch
May  4 16:57:09 ubuntu kernel: [    0.013551] Speculative Store Bypass: Vulnerable
May  4 16:57:09 ubuntu kernel: [    0.013843] MDS: Vulnerable: Clear CPU buffers attempted, no microcode
May  4 16:57:09 ubuntu kernel: [    0.035184] Freeing SMP alternatives memory: 36K
May  4 16:57:09 ubuntu kernel: [    0.145740] smpboot: CPU0: Intel(R) Core(TM) i5-7200U CPU @ 2.50GHz (family: 0x6, model: 0x8e, stepping: 0x9)
May  4 16:57:09 ubuntu kernel: [    0.146364] Performance Events: unsupported p6 CPU model 142 no PMU driver, software events only.
May  4 16:57:09 ubuntu kernel: [    0.146808] Hierarchical SRCU implementation.
May  4 16:57:09 ubuntu kernel: [    0.147727] NMI watchdog: Perf event create on CPU 0 failed with -2
May  4 16:57:09 ubuntu kernel: [    0.148000] NMI watchdog: Perf NMI watchdog permanently disabled
May  4 16:57:09 ubuntu kernel: [    0.148000] smp: Bringing up secondary CPUs ...
May  4 16:57:09 ubuntu kernel: [    0.148000] smp: Brought up 1 node, 1 CPU
May  4 16:57:09 ubuntu kernel: [    0.148000] smpboot: Max logical packages: 1
May  4 16:57:09 ubuntu kernel: [    0.148000] smpboot: Total of 1 processors activated (5424.00 BogoMIPS)
May  4 16:57:09 ubuntu kernel: [    0.148000] devtmpfs: initialized
May  4 16:57:09 ubuntu kernel: [    0.148000] x86/mm: Memory block size: 128MB
May  4 16:57:09 ubuntu kernel: [    0.148174] evm: security.selinux
May  4 16:57:09 ubuntu kernel: [    0.148373] evm: security.SMACK64
May  4 16:57:09 ubuntu kernel: [    0.148568] evm: security.SMACK64EXEC
May  4 16:57:09 ubuntu kernel: [    0.148858] evm: security.SMACK64TRANSMUTE
May  4 16:57:09 ubuntu kernel: [    0.149078] evm: security.SMACK64MMAP
May  4 16:57:09 ubuntu kernel: [    0.149284] evm: security.apparmor
May  4 16:57:09 ubuntu kernel: [    0.149482] evm: security.ima
May  4 16:57:09 ubuntu kernel: [    0.149694] evm: security.capability
May  4 16:57:09 ubuntu kernel: [    0.150131] clocksource: jiffies: mask: 0xffffffff max_cycles: 0xffffffff, max_idle_ns: 7645041785100000 ns
May  4 16:57:09 ubuntu kernel: [    0.150798] futex hash table entries: 256 (order: 2, 16384 bytes)
May  4 16:57:09 ubuntu kernel: [    0.151130] pinctrl core: initialized pinctrl subsystem
May  4 16:57:09 ubuntu kernel: [    0.151529] RTC time: 16:54:47, date: 05/04/20
May  4 16:57:09 ubuntu kernel: [    0.151989] NET: Registered protocol family 16
May  4 16:57:09 ubuntu kernel: [    0.152000] audit: initializing netlink subsys (disabled)
May  4 16:57:09 ubuntu kernel: [    0.152156] cpuidle: using governor ladder
May  4 16:57:09 ubuntu kernel: [    0.152380] cpuidle: using governor menu
May  4 16:57:09 ubuntu kernel: [    0.152665] ACPI: bus type PCI registered
May  4 16:57:09 ubuntu kernel: [    0.152901] acpiphp: ACPI Hot Plug PCI Controller Driver version: 0.5
May  4 16:57:09 ubuntu kernel: [    0.153300] PCI: Using configuration type 1 for base access
May  4 16:57:09 ubuntu kernel: [    0.156012] audit: type=2000 audit(1588611295.675:1): state=initialized audit_enabled=0 res=1
May  4 16:57:09 ubuntu kernel: [    0.156798] HugeTLB registered 2.00 MiB page size, pre-allocated 0 pages
May  4 16:57:09 ubuntu kernel: [    0.160235] ACPI: Added _OSI(Module Device)
May  4 16:57:09 ubuntu kernel: [    0.160473] ACPI: Added _OSI(Processor Device)
May  4 16:57:09 ubuntu kernel: [    0.160703] ACPI: Added _OSI(3.0 _SCP Extensions)
May  4 16:57:09 ubuntu kernel: [    0.160980] ACPI: Added _OSI(Processor Aggregator Device)
May  4 16:57:09 ubuntu kernel: [    0.161444] ACPI: Added _OSI(Linux-Dell-Video)
May  4 16:57:09 ubuntu kernel: [    0.161748] ACPI: Added _OSI(Linux-Lenovo-NV-HDMI-Audio)
May  4 16:57:09 ubuntu kernel: [    0.162005] ACPI: Added _OSI(Linux-HPI-Hybrid-Graphics)
May  4 16:57:09 ubuntu kernel: [    0.162652] ACPI: Executed 1 blocks of module-level executable AML code
May  4 16:57:09 ubuntu kernel: [    0.167892] ACPI: Interpreter enabled
May  4 16:57:09 ubuntu kernel: [    0.168000] ACPI: (supports S0 S5)
May  4 16:57:09 ubuntu kernel: [    0.168000] ACPI: Using IOAPIC for interrupt routing
May  4 16:57:09 ubuntu kernel: [    0.168017] PCI: Using host bridge windows from ACPI; if necessary, use "pci=nocrs" and report a bug
May  4 16:57:09 ubuntu kernel: [    0.168708] ACPI: Enabled 2 GPEs in block 00 to 07
May  4 16:57:09 ubuntu kernel: [    0.179714] ACPI: PCI Root Bridge [PCI0] (domain 0000 [bus 00-ff])
May  4 16:57:09 ubuntu kernel: [    0.180697] acpi PNP0A03:00: _OSC: OS supports [ASPM ClockPM Segments MSI]
May  4 16:57:09 ubuntu kernel: [    0.184660] acpi PNP0A03:00: _OSC: not requesting OS control; OS requires [ExtendedConfig ASPM ClockPM MSI]
May  4 16:57:09 ubuntu kernel: [    0.185191] acpi PNP0A03:00: fail to add MMCONFIG information, can't access extended PCI configuration space under this bridge.
May  4 16:57:09 ubuntu kernel: [    0.186290] PCI host bridge to bus 0000:00
May  4 16:57:09 ubuntu kernel: [    0.186559] pci_bus 0000:00: root bus resource [io  0x0000-0x0cf7 window]
May  4 16:57:09 ubuntu kernel: [    0.186870] pci_bus 0000:00: root bus resource [io  0x0d00-0xffff window]
May  4 16:57:09 ubuntu kernel: [    0.187188] pci_bus 0000:00: root bus resource [mem 0x000a0000-0x000bffff window]
May  4 16:57:09 ubuntu kernel: [    0.187559] pci_bus 0000:00: root bus resource [mem 0x40000000-0xfdffffff window]
May  4 16:57:09 ubuntu kernel: [    0.187943] pci_bus 0000:00: root bus resource [bus 00-ff]
May  4 16:57:09 ubuntu kernel: [    0.188039] pci 0000:00:00.0: [8086:1237] type 00 class 0x060000
May  4 16:57:09 ubuntu kernel: [    0.188835] pci 0000:00:01.0: [8086:7000] type 00 class 0x060100
May  4 16:57:09 ubuntu kernel: [    0.190232] pci 0000:00:01.1: [8086:7111] type 00 class 0x01018a
May  4 16:57:09 ubuntu kernel: [    0.190824] pci 0000:00:01.1: reg 0x20: [io  0xd000-0xd00f]
May  4 16:57:09 ubuntu kernel: [    0.191015] pci 0000:00:01.1: legacy IDE quirk: reg 0x10: [io  0x01f0-0x01f7]
May  4 16:57:09 ubuntu kernel: [    0.191379] pci 0000:00:01.1: legacy IDE quirk: reg 0x14: [io  0x03f6]
May  4 16:57:09 ubuntu kernel: [    0.191747] pci 0000:00:01.1: legacy IDE quirk: reg 0x18: [io  0x0170-0x0177]
May  4 16:57:09 ubuntu kernel: [    0.192000] pci 0000:00:01.1: legacy IDE quirk: reg 0x1c: [io  0x0376]
May  4 16:57:09 ubuntu kernel: [    0.192444] pci 0000:00:02.0: [15ad:0405] type 00 class 0x030000
May  4 16:57:09 ubuntu kernel: [    0.193530] pci 0000:00:02.0: reg 0x10: [io  0xd010-0xd01f]
May  4 16:57:09 ubuntu kernel: [    0.194441] pci 0000:00:02.0: reg 0x14: [mem 0xf0000000-0xf0ffffff]
May  4 16:57:09 ubuntu kernel: [    0.196063] pci 0000:00:02.0: reg 0x18: [mem 0xf1000000-0xf11fffff]
May  4 16:57:09 ubuntu kernel: [    0.200271] pci 0000:00:03.0: [8086:100e] type 00 class 0x020000
May  4 16:57:09 ubuntu kernel: [    0.200954] pci 0000:00:03.0: reg 0x10: [mem 0xf1200000-0xf121ffff]
May  4 16:57:09 ubuntu kernel: [    0.202147] pci 0000:00:03.0: reg 0x18: [io  0xd020-0xd027]
May  4 16:57:09 ubuntu kernel: [    0.205272] pci 0000:00:04.0: [80ee:cafe] type 00 class 0x088000
May  4 16:57:09 ubuntu kernel: [    0.206136] pci 0000:00:04.0: reg 0x10: [io  0xd040-0xd05f]
May  4 16:57:09 ubuntu kernel: [    0.207108] pci 0000:00:04.0: reg 0x14: [mem 0xf1400000-0xf17fffff]
May  4 16:57:09 ubuntu kernel: [    0.208135] pci 0000:00:04.0: reg 0x18: [mem 0xf1800000-0xf1803fff pref]
May  4 16:57:09 ubuntu kernel: [    0.210933] pci 0000:00:05.0: [8086:2415] type 00 class 0x040100
May  4 16:57:09 ubuntu kernel: [    0.211161] pci 0000:00:05.0: reg 0x10: [io  0xd100-0xd1ff]
May  4 16:57:09 ubuntu kernel: [    0.211257] pci 0000:00:05.0: reg 0x14: [io  0xd200-0xd23f]
May  4 16:57:09 ubuntu kernel: [    0.212107] pci 0000:00:06.0: [106b:003f] type 00 class 0x0c0310
May  4 16:57:09 ubuntu kernel: [    0.212877] pci 0000:00:06.0: reg 0x10: [mem 0xf1804000-0xf1804fff]
May  4 16:57:09 ubuntu kernel: [    0.216440] pci 0000:00:07.0: [8086:7113] type 00 class 0x068000
May  4 16:57:09 ubuntu kernel: [    0.217055] pci 0000:00:07.0: quirk: [io  0x4000-0x403f] claimed by PIIX4 ACPI
May  4 16:57:09 ubuntu kernel: [    0.218112] pci 0000:00:07.0: quirk: [io  0x4100-0x410f] claimed by PIIX4 SMB
May  4 16:57:09 ubuntu kernel: [    0.218833] pci 0000:00:0d.0: [8086:2829] type 00 class 0x010601
May  4 16:57:09 ubuntu kernel: [    0.219473] pci 0000:00:0d.0: reg 0x10: [io  0xd240-0xd247]
May  4 16:57:09 ubuntu kernel: [    0.220082] pci 0000:00:0d.0: reg 0x14: [io  0xd248-0xd24b]
May  4 16:57:09 ubuntu kernel: [    0.220725] pci 0000:00:0d.0: reg 0x18: [io  0xd250-0xd257]
May  4 16:57:09 ubuntu kernel: [    0.221320] pci 0000:00:0d.0: reg 0x1c: [io  0xd258-0xd25b]
May  4 16:57:09 ubuntu kernel: [    0.221900] pci 0000:00:0d.0: reg 0x20: [io  0xd260-0xd26f]
May  4 16:57:09 ubuntu kernel: [    0.222421] pci 0000:00:0d.0: reg 0x24: [mem 0xf1806000-0xf1807fff]
May  4 16:57:09 ubuntu kernel: [    0.226202] ACPI: PCI Interrupt Link [LNKA] (IRQs 5 9 10 *11)
May  4 16:57:09 ubuntu kernel: [    0.227238] ACPI: PCI Interrupt Link [LNKB] (IRQs 5 9 *10 11)
May  4 16:57:09 ubuntu kernel: [    0.227708] ACPI: PCI Interrupt Link [LNKC] (IRQs 5 *9 10 11)
May  4 16:57:09 ubuntu kernel: [    0.228123] ACPI: PCI Interrupt Link [LNKD] (IRQs 5 9 10 *11)
May  4 16:57:09 ubuntu kernel: [    0.228908] SCSI subsystem initialized
May  4 16:57:09 ubuntu kernel: [    0.229205] libata version 3.00 loaded.
May  4 16:57:09 ubuntu kernel: [    0.229273] pci 0000:00:02.0: vgaarb: setting as boot VGA device
May  4 16:57:09 ubuntu kernel: [    0.229647] pci 0000:00:02.0: vgaarb: VGA device added: decodes=io+mem,owns=io+mem,locks=none
May  4 16:57:09 ubuntu kernel: [    0.230216] pci 0000:00:02.0: vgaarb: bridge control possible
May  4 16:57:09 ubuntu kernel: [    0.230578] vgaarb: loaded
May  4 16:57:09 ubuntu kernel: [    0.230847] ACPI: bus type USB registered
May  4 16:57:09 ubuntu kernel: [    0.231170] usbcore: registered new interface driver usbfs
May  4 16:57:09 ubuntu kernel: [    0.231526] usbcore: registered new interface driver hub
May  4 16:57:09 ubuntu kernel: [    0.231946] usbcore: registered new device driver usb
May  4 16:57:09 ubuntu kernel: [    0.232000] EDAC MC: Ver: 3.0.0
May  4 16:57:09 ubuntu kernel: [    0.232371] PCI: Using ACPI for IRQ routing
May  4 16:57:09 ubuntu kernel: [    0.232725] PCI: pci_cache_line_size set to 64 bytes
May  4 16:57:09 ubuntu kernel: [    0.232940] e820: reserve RAM buffer [mem 0x0009fc00-0x0009ffff]
May  4 16:57:09 ubuntu kernel: [    0.232945] e820: reserve RAM buffer [mem 0x3fff0000-0x3fffffff]
May  4 16:57:09 ubuntu kernel: [    0.233061] NetLabel: Initializing
May  4 16:57:09 ubuntu kernel: [    0.233263] NetLabel:  domain hash size = 128
May  4 16:57:09 ubuntu kernel: [    0.233664] NetLabel:  protocols = UNLABELED CIPSOv4 CALIPSO
May  4 16:57:09 ubuntu kernel: [    0.234031] NetLabel:  unlabeled traffic allowed by default
May  4 16:57:09 ubuntu kernel: [    0.236109] clocksource: Switched to clocksource kvm-clock
May  4 16:57:09 ubuntu kernel: [    0.260604] VFS: Disk quotas dquot_6.6.0
May  4 16:57:09 ubuntu kernel: [    0.260865] VFS: Dquot-cache hash table entries: 512 (order 0, 4096 bytes)
May  4 16:57:09 ubuntu kernel: [    0.261276] AppArmor: AppArmor Filesystem Enabled
May  4 16:57:09 ubuntu kernel: [    0.261568] pnp: PnP ACPI init
May  4 16:57:09 ubuntu kernel: [    0.261887] pnp 00:00: Plug and Play ACPI device, IDs PNP0303 (active)
May  4 16:57:09 ubuntu kernel: [    0.261978] pnp 00:01: Plug and Play ACPI device, IDs PNP0f03 (active)
May  4 16:57:09 ubuntu kernel: [    0.262348] pnp 00:02: Plug and Play ACPI device, IDs PNP0501 (active)
May  4 16:57:09 ubuntu kernel: [    0.263072] pnp: PnP ACPI: found 3 devices
May  4 16:57:09 ubuntu kernel: [    0.269395] clocksource: acpi_pm: mask: 0xffffff max_cycles: 0xffffff, max_idle_ns: 2085701024 ns
May  4 16:57:09 ubuntu kernel: [    0.269944] pci_bus 0000:00: resource 4 [io  0x0000-0x0cf7 window]
May  4 16:57:09 ubuntu kernel: [    0.269945] pci_bus 0000:00: resource 5 [io  0x0d00-0xffff window]
May  4 16:57:09 ubuntu kernel: [    0.269946] pci_bus 0000:00: resource 6 [mem 0x000a0000-0x000bffff window]
May  4 16:57:09 ubuntu kernel: [    0.269948] pci_bus 0000:00: resource 7 [mem 0x40000000-0xfdffffff window]
May  4 16:57:09 ubuntu kernel: [    0.270007] NET: Registered protocol family 2
May  4 16:57:09 ubuntu kernel: [    0.275846] TCP established hash table entries: 8192 (order: 4, 65536 bytes)
May  4 16:57:09 ubuntu kernel: [    0.276256] TCP bind hash table entries: 8192 (order: 5, 131072 bytes)
May  4 16:57:09 ubuntu kernel: [    0.276619] TCP: Hash tables configured (established 8192 bind 8192)
May  4 16:57:09 ubuntu kernel: [    0.276944] UDP hash table entries: 512 (order: 2, 16384 bytes)
May  4 16:57:09 ubuntu kernel: [    0.277294] UDP-Lite hash table entries: 512 (order: 2, 16384 bytes)
May  4 16:57:09 ubuntu kernel: [    0.277618] NET: Registered protocol family 1
May  4 16:57:09 ubuntu kernel: [    0.277857] pci 0000:00:00.0: Limiting direct PCI/PCI transfers
May  4 16:57:09 ubuntu kernel: [    0.278219] pci 0000:00:01.0: Activating ISA DMA hang workarounds
May  4 16:57:09 ubuntu kernel: [    0.278601] pci 0000:00:02.0: Video device with shadowed ROM at [mem 0x000c0000-0x000dffff]
May  4 16:57:09 ubuntu kernel: [    0.281255] PCI: CLS 0 bytes, default 64
May  4 16:57:09 ubuntu kernel: [    0.281310] Unpacking initramfs...
May  4 16:57:09 ubuntu kernel: [    1.381331] Freeing initrd memory: 56544K
May  4 16:57:09 ubuntu kernel: [    1.381662] clocksource: tsc: mask: 0xffffffffffffffff max_cycles: 0x2717868ea45, max_idle_ns: 440795316085 ns
May  4 16:57:09 ubuntu kernel: [    1.382163] platform rtc_cmos: registered platform RTC device (no PNP device found)
May  4 16:57:09 ubuntu kernel: [    1.382599] Scanning for low memory corruption every 60 seconds
May  4 16:57:09 ubuntu kernel: [    1.383393] Initialise system trusted keyrings
May  4 16:57:09 ubuntu kernel: [    1.383640] Key type blacklist registered
May  4 16:57:09 ubuntu kernel: [    1.383896] workingset: timestamp_bits=36 max_order=18 bucket_order=0
May  4 16:57:09 ubuntu kernel: [    1.385381] zbud: loaded
May  4 16:57:09 ubuntu kernel: [    1.386209] squashfs: version 4.0 (2009/01/31) Phillip Lougher
May  4 16:57:09 ubuntu kernel: [    1.386679] fuse init (API version 7.26)
May  4 16:57:09 ubuntu kernel: [    1.387665] Key type asymmetric registered
May  4 16:57:09 ubuntu kernel: [    1.387890] Asymmetric key parser 'x509' registered
May  4 16:57:09 ubuntu kernel: [    1.388162] Block layer SCSI generic (bsg) driver version 0.4 loaded (major 246)
May  4 16:57:09 ubuntu kernel: [    1.389107] io scheduler noop registered
May  4 16:57:09 ubuntu kernel: [    1.389958] io scheduler deadline registered
May  4 16:57:09 ubuntu kernel: [    1.390322] io scheduler cfq registered (default)
May  4 16:57:09 ubuntu kernel: [    1.391093] ACPI: AC Adapter [AC] (on-line)
May  4 16:57:09 ubuntu kernel: [    1.391461] input: Power Button as /devices/LNXSYSTM:00/LNXPWRBN:00/input/input0
May  4 16:57:09 ubuntu kernel: [    1.391983] ACPI: Power Button [PWRF]
May  4 16:57:09 ubuntu kernel: [    1.392542] input: Sleep Button as /devices/LNXSYSTM:00/LNXSLPBN:00/input/input1
May  4 16:57:09 ubuntu kernel: [    1.393083] ACPI: Sleep Button [SLPF]
May  4 16:57:09 ubuntu kernel: [    1.394702] ACPI: Battery Slot [BAT0] (battery present)
May  4 16:57:09 ubuntu kernel: [    1.395067] Serial: 8250/16550 driver, 32 ports, IRQ sharing enabled
May  4 16:57:09 ubuntu kernel: [    1.416847] 00:02: ttyS0 at I/O 0x3f8 (irq = 4, base_baud = 115200) is a 16550A
May  4 16:57:09 ubuntu kernel: [    1.418782] Linux agpgart interface v0.103
May  4 16:57:09 ubuntu kernel: [    1.420193] loop: module loaded
May  4 16:57:09 ubuntu kernel: [    1.420556] ata_piix 0000:00:01.1: version 2.13
May  4 16:57:09 ubuntu kernel: [    1.421091] scsi host0: ata_piix
May  4 16:57:09 ubuntu kernel: [    1.421456] scsi host1: ata_piix
May  4 16:57:09 ubuntu kernel: [    1.421771] ata1: PATA max UDMA/33 cmd 0x1f0 ctl 0x3f6 bmdma 0xd000 irq 14
May  4 16:57:09 ubuntu kernel: [    1.422137] ata2: PATA max UDMA/33 cmd 0x170 ctl 0x376 bmdma 0xd008 irq 15
May  4 16:57:09 ubuntu kernel: [    1.423879] libphy: Fixed MDIO Bus: probed
May  4 16:57:09 ubuntu kernel: [    1.424326] tun: Universal TUN/TAP device driver, 1.6
May  4 16:57:09 ubuntu kernel: [    1.424710] PPP generic driver version 2.4.2
May  4 16:57:09 ubuntu kernel: [    1.425028] ehci_hcd: USB 2.0 'Enhanced' Host Controller (EHCI) Driver
May  4 16:57:09 ubuntu kernel: [    1.425348] ehci-pci: EHCI PCI platform driver
May  4 16:57:09 ubuntu kernel: [    1.425622] ehci-platform: EHCI generic platform driver
May  4 16:57:09 ubuntu kernel: [    1.425886] ohci_hcd: USB 1.1 'Open' Host Controller (OHCI) Driver
May  4 16:57:09 ubuntu kernel: [    1.426169] ohci-pci: OHCI PCI platform driver
May  4 16:57:09 ubuntu kernel: [    1.427203] ohci-pci 0000:00:06.0: OHCI PCI host controller
May  4 16:57:09 ubuntu kernel: [    1.427493] ohci-pci 0000:00:06.0: new USB bus registered, assigned bus number 1
May  4 16:57:09 ubuntu kernel: [    1.428121] ohci-pci 0000:00:06.0: irq 22, io mem 0xf1804000
May  4 16:57:09 ubuntu kernel: [    1.488615] usb usb1: New USB device found, idVendor=1d6b, idProduct=0001
May  4 16:57:09 ubuntu kernel: [    1.489015] usb usb1: New USB device strings: Mfr=3, Product=2, SerialNumber=1
May  4 16:57:09 ubuntu kernel: [    1.489483] usb usb1: Product: OHCI PCI host controller
May  4 16:57:09 ubuntu kernel: [    1.489862] usb usb1: Manufacturer: Linux 4.15.0-99-generic ohci_hcd
May  4 16:57:09 ubuntu kernel: [    1.490937] usb usb1: SerialNumber: 0000:00:06.0
May  4 16:57:09 ubuntu kernel: [    1.491330] hub 1-0:1.0: USB hub found
May  4 16:57:09 ubuntu kernel: [    1.491559] hub 1-0:1.0: 12 ports detected
May  4 16:57:09 ubuntu kernel: [    1.492221] ohci-platform: OHCI generic platform driver
May  4 16:57:09 ubuntu kernel: [    1.492492] uhci_hcd: USB Universal Host Controller Interface driver
May  4 16:57:09 ubuntu kernel: [    1.492829] i8042: PNP: PS/2 Controller [PNP0303:PS2K,PNP0f03:PS2M] at 0x60,0x64 irq 1,12
May  4 16:57:09 ubuntu kernel: [    1.493828] serio: i8042 KBD port at 0x60,0x64 irq 1
May  4 16:57:09 ubuntu kernel: [    1.494129] serio: i8042 AUX port at 0x60,0x64 irq 12
May  4 16:57:09 ubuntu kernel: [    1.494458] mousedev: PS/2 mouse device common for all mice
May  4 16:57:09 ubuntu kernel: [    1.495213] input: AT Translated Set 2 keyboard as /devices/platform/i8042/serio0/input/input2
May  4 16:57:09 ubuntu kernel: [    1.496113] rtc_cmos rtc_cmos: rtc core: registered rtc_cmos as rtc0
May  4 16:57:09 ubuntu kernel: [    1.496464] rtc_cmos rtc_cmos: alarms up to one day, 114 bytes nvram
May  4 16:57:09 ubuntu kernel: [    1.496801] i2c /dev entries driver
May  4 16:57:09 ubuntu kernel: [    1.497062] device-mapper: uevent: version 1.0.3
May  4 16:57:09 ubuntu kernel: [    1.497352] device-mapper: ioctl: 4.37.0-ioctl (2017-09-20) initialised: dm-devel@redhat.com
May  4 16:57:09 ubuntu kernel: [    1.497791] ledtrig-cpu: registered to indicate activity on CPUs
May  4 16:57:09 ubuntu kernel: [    1.498196] intel_pmc_core:  initialized
May  4 16:57:09 ubuntu kernel: [    1.498595] NET: Registered protocol family 10
May  4 16:57:09 ubuntu kernel: [    1.503418] Segment Routing with IPv6
May  4 16:57:09 ubuntu kernel: [    1.503732] NET: Registered protocol family 17
May  4 16:57:09 ubuntu kernel: [    1.504050] Key type dns_resolver registered
May  4 16:57:09 ubuntu kernel: [    1.504378] mce: Using 0 MCE banks
May  4 16:57:09 ubuntu kernel: [    1.504648] RAS: Correctable Errors collector initialized.
May  4 16:57:09 ubuntu kernel: [    1.504923] sched_clock: Marking stable (1504629511, 0)->(1607428185, -102798674)
May  4 16:57:09 ubuntu kernel: [    1.505457] registered taskstats version 1
May  4 16:57:09 ubuntu kernel: [    1.505782] Loading compiled-in X.509 certificates
May  4 16:57:09 ubuntu kernel: [    1.508342] Loaded X.509 cert 'Build time autogenerated kernel key: 7480108fe56bba9284001dfb9078560125be4684'
May  4 16:57:09 ubuntu kernel: [    1.508840] zswap: loaded using pool lzo/zbud
May  4 16:57:09 ubuntu kernel: [    1.516137] Key type big_key registered
May  4 16:57:09 ubuntu kernel: [    1.516396] Key type trusted registered
May  4 16:57:09 ubuntu kernel: [    1.518399] Key type encrypted registered
May  4 16:57:09 ubuntu kernel: [    1.518635] AppArmor: AppArmor sha1 policy hashing enabled
May  4 16:57:09 ubuntu kernel: [    1.518903] ima: No TPM chip found, activating TPM-bypass! (rc=-19)
May  4 16:57:09 ubuntu kernel: [    1.519198] ima: Allocated hash algorithm: sha1
May  4 16:57:09 ubuntu kernel: [    1.519558] evm: HMAC attrs: 0x1
May  4 16:57:09 ubuntu kernel: [    1.520800]   Magic number: 4:880:943
May  4 16:57:09 ubuntu kernel: [    1.521096] tty tty0: hash matches
May  4 16:57:09 ubuntu kernel: [    1.521320] tty console: hash matches
May  4 16:57:09 ubuntu kernel: [    1.521582] rtc_cmos rtc_cmos: setting system clock to 2020-05-04 16:54:48 UTC (1588611288)
May  4 16:57:09 ubuntu kernel: [    1.522072] BIOS EDD facility v0.16 2004-Jun-25, 0 devices found
May  4 16:57:09 ubuntu kernel: [    1.522600] EDD information not available.
May  4 16:57:09 ubuntu kernel: [    1.583630] ata2.00: ATAPI: VBOX CD-ROM, 1.0, max UDMA/133
May  4 16:57:09 ubuntu kernel: [    1.585090] ata2.00: configured for UDMA/33
May  4 16:57:09 ubuntu kernel: [    1.585776] scsi 1:0:0:0: CD-ROM            VBOX     CD-ROM           1.0  PQ: 0 ANSI: 5
May  4 16:57:09 ubuntu kernel: [    1.608565] sr 1:0:0:0: [sr0] scsi3-mmc drive: 32x/32x xa/form2 tray
May  4 16:57:09 ubuntu kernel: [    1.608864] cdrom: Uniform CD-ROM driver Revision: 3.20
May  4 16:57:09 ubuntu kernel: [    1.609393] sr 1:0:0:0: Attached scsi CD-ROM sr0
May  4 16:57:09 ubuntu kernel: [    1.609499] sr 1:0:0:0: Attached scsi generic sg0 type 5
May  4 16:57:09 ubuntu kernel: [    1.612942] Freeing unused kernel image memory: 2432K
May  4 16:57:09 ubuntu kernel: [    1.620761] Write protecting the kernel read-only data: 20480k
May  4 16:57:09 ubuntu kernel: [    1.621507] Freeing unused kernel image memory: 2008K
May  4 16:57:09 ubuntu kernel: [    1.622189] Freeing unused kernel image memory: 1876K
May  4 16:57:09 ubuntu kernel: [    1.632145] x86/mm: Checked W+X mappings: passed, no W+X pages found.
May  4 16:57:09 ubuntu kernel: [    1.632514] x86/mm: Checking user space page tables
May  4 16:57:09 ubuntu kernel: [    1.642358] x86/mm: Checked W+X mappings: passed, no W+X pages found.
May  4 16:57:09 ubuntu kernel: [    1.799491] ACPI: Video Device [GFX0] (multi-head: yes  rom: no  post: no)
May  4 16:57:09 ubuntu kernel: [    1.799958] input: Video Bus as /devices/LNXSYSTM:00/LNXSYBUS:00/PNP0A03:00/LNXVIDEO:00/input/input4
May  4 16:57:09 ubuntu kernel: [    1.829380] piix4_smbus 0000:00:07.0: SMBus Host Controller at 0x4100, revision 0
May  4 16:57:09 ubuntu kernel: [    1.830777] e1000: Intel(R) PRO/1000 Network Driver - version 7.3.21-k8-NAPI
May  4 16:57:09 ubuntu kernel: [    1.831208] e1000: Copyright (c) 1999-2006 Intel Corporation.
May  4 16:57:09 ubuntu kernel: [    1.933192] AVX2 version of gcm_enc/dec engaged.
May  4 16:57:09 ubuntu kernel: [    1.933440] AES CTR mode by8 optimization enabled
May  4 16:57:09 ubuntu kernel: [    1.952091] usb 1-1: new full-speed USB device number 2 using ohci-pci
May  4 16:57:09 ubuntu kernel: [    2.050932] input: ImExPS/2 Generic Explorer Mouse as /devices/platform/i8042/serio1/input/input5
May  4 16:57:09 ubuntu kernel: [    2.295066] usb 1-1: New USB device found, idVendor=80ee, idProduct=0021
May  4 16:57:09 ubuntu kernel: [    2.295470] usb 1-1: New USB device strings: Mfr=1, Product=3, SerialNumber=0
May  4 16:57:09 ubuntu kernel: [    2.295783] usb 1-1: Product: USB Tablet
May  4 16:57:09 ubuntu kernel: [    2.295997] usb 1-1: Manufacturer: VirtualBox
May  4 16:57:09 ubuntu kernel: [    2.302449] random: fast init done
May  4 16:57:09 ubuntu kernel: [    2.304856] random: systemd-udevd: uninitialized urandom read (16 bytes read)
May  4 16:57:09 ubuntu kernel: [    2.305319] random: systemd-udevd: uninitialized urandom read (16 bytes read)
May  4 16:57:09 ubuntu kernel: [    2.305876] random: systemd-udevd: uninitialized urandom read (16 bytes read)
May  4 16:57:09 ubuntu kernel: [    2.311710] hidraw: raw HID events driver (C) Jiri Kosina
May  4 16:57:09 ubuntu kernel: [    2.337783] usbcore: registered new interface driver usbhid
May  4 16:57:09 ubuntu kernel: [    2.338761] usbhid: USB HID core driver
May  4 16:57:09 ubuntu kernel: [    2.342434] input: VirtualBox USB Tablet as /devices/pci0000:00/0000:00:06.0/usb1/1-1/1-1:1.0/0003:80EE:0021.0001/input/input6
May  4 16:57:09 ubuntu kernel: [    2.343538] hid-generic 0003:80EE:0021.0001: input,hidraw0: USB HID v1.10 Mouse [VirtualBox USB Tablet] on usb-0000:00:06.0-1/input0
May  4 16:57:09 ubuntu kernel: [    2.385512] e1000 0000:00:03.0 eth0: (PCI:33MHz:32-bit) 08:00:27:ed:86:69
May  4 16:57:09 ubuntu kernel: [    2.385865] e1000 0000:00:03.0 eth0: Intel(R) PRO/1000 Network Connection
May  4 16:57:09 ubuntu kernel: [    2.386527] ahci 0000:00:0d.0: version 3.0
May  4 16:57:09 ubuntu kernel: [    2.387402] ahci 0000:00:0d.0: SSS flag set, parallel bus scan disabled
May  4 16:57:09 ubuntu kernel: [    2.387869] ahci 0000:00:0d.0: AHCI 0001.0100 32 slots 1 ports 3 Gbps 0x1 impl SATA mode
May  4 16:57:09 ubuntu kernel: [    2.388635] ahci 0000:00:0d.0: flags: 64bit ncq stag only ccc 
May  4 16:57:09 ubuntu kernel: [    2.390761] e1000 0000:00:03.0 enp0s3: renamed from eth0
May  4 16:57:09 ubuntu kernel: [    2.392993] scsi host2: ahci
May  4 16:57:09 ubuntu kernel: [    2.393441] ata3: SATA max UDMA/133 abar m8192@0xf1806000 port 0xf1806100 irq 21
May  4 16:57:09 ubuntu kernel: [    2.395492] [drm] DMA map mode: Using physical TTM page addresses.
May  4 16:57:09 ubuntu kernel: [    2.395885] [drm] Capabilities:
May  4 16:57:09 ubuntu kernel: [    2.396192] [drm]   Cursor.
May  4 16:57:09 ubuntu kernel: [    2.396376] [drm]   Cursor bypass 2.
May  4 16:57:09 ubuntu kernel: [    2.396579] [drm]   Alpha cursor.
May  4 16:57:09 ubuntu kernel: [    2.396774] [drm]   3D.
May  4 16:57:09 ubuntu kernel: [    2.396943] [drm]   Extended Fifo.
May  4 16:57:09 ubuntu kernel: [    2.397198] [drm]   Pitchlock.
May  4 16:57:09 ubuntu kernel: [    2.397387] [drm]   Irq mask.
May  4 16:57:09 ubuntu kernel: [    2.397571] [drm]   GMR.
May  4 16:57:09 ubuntu kernel: [    2.397742] [drm]   Traces.
May  4 16:57:09 ubuntu kernel: [    2.397922] [drm]   GMR2.
May  4 16:57:09 ubuntu kernel: [    2.398116] [drm]   Screen Object 2.
May  4 16:57:09 ubuntu kernel: [    2.398320] [drm] Max GMR ids is 8192
May  4 16:57:09 ubuntu kernel: [    2.398526] [drm] Max number of GMR pages is 1048576
May  4 16:57:09 ubuntu kernel: [    2.398770] [drm] Max dedicated hypervisor surface memory is 507904 kiB
May  4 16:57:09 ubuntu kernel: [    2.399093] [drm] Maximum display memory size is 16384 kiB
May  4 16:57:09 ubuntu kernel: [    2.399355] [drm] VRAM at 0xf0000000 size is 16384 kiB
May  4 16:57:09 ubuntu kernel: [    2.399604] [drm] MMIO at 0xf1000000 size is 2048 kiB
May  4 16:57:09 ubuntu kernel: [    2.399970] [drm] global init.
May  4 16:57:09 ubuntu kernel: [    2.400503] [TTM] Zone  kernel: Available graphics memory: 504400 kiB
May  4 16:57:09 ubuntu kernel: [    2.400856] [TTM] Initializing pool allocator
May  4 16:57:09 ubuntu kernel: [    2.401249] [TTM] Initializing DMA pool allocator
May  4 16:57:09 ubuntu kernel: [    2.401625] [drm] Supports vblank timestamp caching Rev 2 (21.10.2013).
May  4 16:57:09 ubuntu kernel: [    2.401950] [drm] No driver support for vblank timestamp query.
May  4 16:57:09 ubuntu kernel: [    2.403334] [drm] Screen Objects Display Unit initialized
May  4 16:57:09 ubuntu kernel: [    2.403667] [drm] width 720
May  4 16:57:09 ubuntu kernel: [    2.403896] [drm] height 400
May  4 16:57:09 ubuntu kernel: [    2.404127] [drm] bpp 32
May  4 16:57:09 ubuntu kernel: [    2.404510] [drm] Fifo max 0x00200000 min 0x00001000 cap 0x00000355
May  4 16:57:09 ubuntu kernel: [    2.406380] [drm] DX: no.
May  4 16:57:09 ubuntu kernel: [    2.407954] [drm] Atomic: yes
May  4 16:57:09 ubuntu kernel: [    2.409218] [drm:vmw_host_log [vmwgfx]] *ERROR* Failed to send log
May  4 16:57:09 ubuntu kernel: [    2.410852] [drm:vmw_host_log [vmwgfx]] *ERROR* Failed to send log
May  4 16:57:09 ubuntu kernel: [    2.414428] fbcon: svgadrmfb (fb0) is primary device
May  4 16:57:09 ubuntu kernel: [    2.416907] Console: switching to colour frame buffer device 100x37
May  4 16:57:09 ubuntu kernel: [    2.418310] [drm] Initialized vmwgfx 2.14.0 20170612 for 0000:00:02.0 on minor 0
May  4 16:57:09 ubuntu kernel: [    2.705350] ata3: SATA link up 3.0 Gbps (SStatus 123 SControl 300)
May  4 16:57:09 ubuntu kernel: [    2.705471] ata3.00: ATA-6: VBOX HARDDISK, 1.0, max UDMA/133
May  4 16:57:09 ubuntu kernel: [    2.705488] ata3.00: 41943040 sectors, multi 128: LBA48 NCQ (depth 31/32)
May  4 16:57:09 ubuntu kernel: [    2.705625] ata3.00: configured for UDMA/133
May  4 16:57:09 ubuntu kernel: [    2.705794] scsi 2:0:0:0: Direct-Access     ATA      VBOX HARDDISK    1.0  PQ: 0 ANSI: 5
May  4 16:57:09 ubuntu kernel: [    2.705994] sd 2:0:0:0: [sda] 41943040 512-byte logical blocks: (21.5 GB/20.0 GiB)
May  4 16:57:09 ubuntu kernel: [    2.706021] sd 2:0:0:0: [sda] Write Protect is off
May  4 16:57:09 ubuntu kernel: [    2.706037] sd 2:0:0:0: [sda] Mode Sense: 00 3a 00 00
May  4 16:57:09 ubuntu kernel: [    2.706047] sd 2:0:0:0: [sda] Write cache: enabled, read cache: enabled, doesn't support DPO or FUA
May  4 16:57:09 ubuntu kernel: [    2.706286] sd 2:0:0:0: Attached scsi generic sg1 type 0
May  4 16:57:09 ubuntu kernel: [    2.726117]  sda: sda1 sda2 sda3 sda4 sda5 sda6 sda7
May  4 16:57:09 ubuntu kernel: [    2.726891] sd 2:0:0:0: [sda] Attached SCSI disk
May  4 16:57:09 ubuntu kernel: [    3.316147] raid6: sse2x1   gen()  8576 MB/s
May  4 16:57:09 ubuntu kernel: [    3.364083] raid6: sse2x1   xor()  5941 MB/s
May  4 16:57:09 ubuntu kernel: [    3.412280] raid6: sse2x2   gen() 11144 MB/s
May  4 16:57:09 ubuntu kernel: [    3.460097] raid6: sse2x2   xor()  6670 MB/s
May  4 16:57:09 ubuntu kernel: [    3.508402] raid6: sse2x4   gen() 12370 MB/s
May  4 16:57:09 ubuntu kernel: [    3.556276] raid6: sse2x4   xor()  7480 MB/s
May  4 16:57:09 ubuntu kernel: [    3.604085] raid6: avx2x1   gen() 18088 MB/s
May  4 16:57:09 ubuntu kernel: [    3.652347] raid6: avx2x1   xor() 12549 MB/s
May  4 16:57:09 ubuntu kernel: [    3.700195] raid6: avx2x2   gen() 22247 MB/s
May  4 16:57:09 ubuntu kernel: [    3.748498] raid6: avx2x2   xor() 13147 MB/s
May  4 16:57:09 ubuntu kernel: [    3.796825] raid6: avx2x4   gen() 24476 MB/s
May  4 16:57:09 ubuntu kernel: [    3.844195] raid6: avx2x4   xor() 11197 MB/s
May  4 16:57:09 ubuntu kernel: [    3.844567] raid6: using algorithm avx2x4 gen() 24476 MB/s
May  4 16:57:09 ubuntu kernel: [    3.845159] raid6: .... xor() 11197 MB/s, rmw enabled
May  4 16:57:09 ubuntu kernel: [    3.845745] raid6: using avx2x2 recovery algorithm
May  4 16:57:09 ubuntu kernel: [    3.848625] xor: automatically using best checksumming function   avx       
May  4 16:57:09 ubuntu kernel: [    3.850827] async_tx: api initialized (async)
May  4 16:57:09 ubuntu kernel: [    3.927020] Btrfs loaded, crc32c=crc32c-intel
May  4 16:57:09 ubuntu kernel: [    4.114199] EXT4-fs (sda2): mounted filesystem with ordered data mode. Opts: (null)
May  4 16:57:09 ubuntu kernel: [    5.353418] ip_tables: (C) 2000-2006 Netfilter Core Team
May  4 16:57:09 ubuntu kernel: [    5.390618] systemd[1]: systemd 237 running in system mode. (+PAM +AUDIT +SELINUX +IMA +APPARMOR +SMACK +SYSVINIT +UTMP +LIBCRYPTSETUP +GCRYPT +GNUTLS +ACL +XZ +LZ4 +SECCOMP +BLKID +ELFUTILS +KMOD -IDN2 +IDN -PCRE2 default-hierarchy=hybrid)
May  4 16:57:09 ubuntu kernel: [    5.392000] systemd[1]: Detected virtualization oracle.
May  4 16:57:09 ubuntu kernel: [    5.392455] systemd[1]: Detected architecture x86-64.
May  4 16:57:09 ubuntu kernel: [    5.425907] systemd[1]: Set hostname to <ubuntu>.
May  4 16:57:09 ubuntu kernel: [    5.862614] random: crng init done
May  4 16:57:09 ubuntu kernel: [    5.863157] random: 7 urandom warning(s) missed due to ratelimiting
May  4 16:57:09 ubuntu kernel: [    7.099169] systemd[1]: Created slice System Slice.
May  4 16:57:09 ubuntu kernel: [    7.101045] systemd[1]: Listening on Journal Socket.
May  4 16:57:09 ubuntu kernel: [    7.103003] systemd[1]: Mounting POSIX Message Queue File System...
May  4 16:57:09 ubuntu kernel: [    7.104076] systemd[1]: Listening on udev Kernel Socket.
May  4 16:57:09 ubuntu kernel: [    7.105406] systemd[1]: Set up automount Arbitrary Executable File Formats File System Automount Point.
May  4 16:57:09 ubuntu kernel: [    7.108052] systemd[1]: Listening on Device-mapper event daemon FIFOs.
May  4 16:57:09 ubuntu kernel: [    7.251683] EXT4-fs (sda2): re-mounted. Opts: (null)
May  4 16:57:09 ubuntu kernel: [    7.480498] Loading iSCSI transport class v2.0-870.
May  4 16:57:09 ubuntu kernel: [    7.653759] iscsi: registered transport (tcp)
May  4 16:57:09 ubuntu kernel: [    7.827755] iscsi: registered transport (iser)
May  4 16:57:09 ubuntu kernel: [    8.381911] vgdrvHeartbeatInit: Setting up heartbeat to trigger every 2000 milliseconds
May  4 16:57:09 ubuntu kernel: [    8.382044] input: Unspecified device as /devices/pci0000:00/0000:00:04.0/input/input7
May  4 16:57:09 ubuntu kernel: [    8.382189] vboxguest: misc device minor 56, IRQ 20, I/O port d040, MMIO at 00000000f1400000 (size 0x400000)
May  4 16:57:09 ubuntu kernel: [    8.382190] vboxguest: Successfully loaded version 5.2.8_KernelUbuntu (interface 0x00010004)
May  4 16:57:09 ubuntu kernel: [    8.675478] RAPL PMU: API unit is 2^-32 Joules, 5 fixed counters, 10737418240 ms ovfl timer
May  4 16:57:09 ubuntu kernel: [    8.675479] RAPL PMU: hw unit of domain pp0-core 2^-0 Joules
May  4 16:57:09 ubuntu kernel: [    8.675480] RAPL PMU: hw unit of domain package 2^-0 Joules
May  4 16:57:09 ubuntu kernel: [    8.675480] RAPL PMU: hw unit of domain dram 2^-0 Joules
May  4 16:57:09 ubuntu kernel: [    8.675481] RAPL PMU: hw unit of domain pp1-gpu 2^-0 Joules
May  4 16:57:09 ubuntu kernel: [    8.675481] RAPL PMU: hw unit of domain psys 2^-0 Joules
May  4 16:57:09 ubuntu kernel: [   10.410058] snd_intel8x0 0000:00:05.0: white list rate for 1028:0177 is 48000
May  4 16:57:09 ubuntu kernel: [   10.791803] EXT4-fs (sda6): mounted filesystem with ordered data mode. Opts: (null)
May  4 16:57:09 ubuntu kernel: [   10.940177] EXT4-fs (sda4): mounted filesystem with ordered data mode. Opts: (null)
May  4 16:57:09 ubuntu kernel: [   11.023795] EXT4-fs (sda5): mounted filesystem with ordered data mode. Opts: (null)
May  4 16:57:09 ubuntu kernel: [   11.116316] Adding 4191228k swap on /dev/sda7.  Priority:-2 extents:1 across:4191228k FS
May  4 16:57:09 ubuntu kernel: [   11.137780] EXT4-fs (sda3): mounted filesystem with ordered data mode. Opts: (null)
May  4 16:57:09 ubuntu kernel: [   11.362433] systemd-journald[408]: Received request to flush runtime journal from PID 1
May  4 16:57:09 ubuntu kernel: [   13.893464] audit: type=1400 audit(1588611300.868:2): apparmor="STATUS" operation="profile_load" profile="unconfined" name="lxc-container-default" pid=757 comm="apparmor_parser"
May  4 16:57:09 ubuntu kernel: [   13.893467] audit: type=1400 audit(1588611300.868:3): apparmor="STATUS" operation="profile_load" profile="unconfined" name="lxc-container-default-cgns" pid=757 comm="apparmor_parser"
May  4 16:57:09 ubuntu kernel: [   13.893468] audit: type=1400 audit(1588611300.868:4): apparmor="STATUS" operation="profile_load" profile="unconfined" name="lxc-container-default-with-mounting" pid=757 comm="apparmor_parser"
May  4 16:57:09 ubuntu kernel: [   13.893470] audit: type=1400 audit(1588611300.868:5): apparmor="STATUS" operation="profile_load" profile="unconfined" name="lxc-container-default-with-nesting" pid=757 comm="apparmor_parser"
May  4 16:57:09 ubuntu kernel: [   13.933919] audit: type=1400 audit(1588611300.908:6): apparmor="STATUS" operation="profile_load" profile="unconfined" name="/sbin/dhclient" pid=759 comm="apparmor_parser"
May  4 16:57:09 ubuntu kernel: [   13.933923] audit: type=1400 audit(1588611300.908:7): apparmor="STATUS" operation="profile_load" profile="unconfined" name="/usr/lib/NetworkManager/nm-dhcp-client.action" pid=759 comm="apparmor_parser"
May  4 16:57:09 ubuntu kernel: [   13.933924] audit: type=1400 audit(1588611300.908:8): apparmor="STATUS" operation="profile_load" profile="unconfined" name="/usr/lib/NetworkManager/nm-dhcp-helper" pid=759 comm="apparmor_parser"
May  4 16:57:09 ubuntu kernel: [   13.933926] audit: type=1400 audit(1588611300.908:9): apparmor="STATUS" operation="profile_load" profile="unconfined" name="/usr/lib/connman/scripts/dhclient-script" pid=759 comm="apparmor_parser"
May  4 16:57:09 ubuntu kernel: [   13.945913] audit: type=1400 audit(1588611300.920:10): apparmor="STATUS" operation="profile_load" profile="unconfined" name="/usr/bin/lxc-start" pid=760 comm="apparmor_parser"
May  4 16:57:09 ubuntu kernel: [   13.950956] audit: type=1400 audit(1588611300.924:11): apparmor="STATUS" operation="profile_load" profile="unconfined" name="/usr/bin/man" pid=761 comm="apparmor_parser"
May  4 16:57:09 ubuntu kernel: [   18.102521] IPv6: ADDRCONF(NETDEV_UP): enp0s3: link is not ready
May  4 16:57:09 ubuntu kernel: [   18.109018] e1000: enp0s3 NIC Link is Up 1000 Mbps Full Duplex, Flow Control: RX
May  4 16:57:09 ubuntu kernel: [   18.109340] IPv6: ADDRCONF(NETDEV_CHANGE): enp0s3: link becomes ready
May  4 16:57:09 ubuntu kernel: [  141.485212] new mount options do not match the existing superblock, will be ignored
May  4 16:57:09 ubuntu systemd[1]: Started Create Static Device Nodes in /dev.
May  4 16:57:09 ubuntu systemd[1]: Starting udev Kernel Device Manager...
May  4 16:57:09 ubuntu systemd-modules-load[411]: Inserted module 'iscsi_tcp'
May  4 16:57:09 ubuntu systemd[1]: Started LVM2 metadata daemon.
May  4 16:57:09 ubuntu systemd[1]: Started Set the console keyboard layout.
May  4 16:57:09 ubuntu systemd-modules-load[411]: Inserted module 'ib_iser'
May  4 16:57:09 ubuntu systemd[1]: Started Load Kernel Modules.
May  4 16:57:09 ubuntu systemd[1]: Mounting FUSE Control File System...
May  4 16:57:09 ubuntu systemd[1]: Mounting Kernel Configuration File System...
May  4 16:57:09 ubuntu systemd[1]: Starting Apply Kernel Variables...
May  4 16:57:09 ubuntu systemd[1]: Mounted FUSE Control File System.
May  4 16:57:09 ubuntu systemd[1]: Mounted Kernel Configuration File System.
May  4 16:57:09 ubuntu systemd[1]: Started udev Kernel Device Manager.
May  4 16:57:09 ubuntu systemd[1]: Started Dispatch Password Requests to Console Directory Watch.
May  4 16:57:09 ubuntu systemd[1]: Reached target Local Encrypted Volumes.
May  4 16:57:09 ubuntu systemd[1]: Started Apply Kernel Variables.
May  4 16:57:09 ubuntu systemd[1]: Started Monitoring of LVM2 mirrors, snapshots etc. using dmeventd or progress polling.
May  4 16:57:09 ubuntu systemd[1]: Reached target Local File Systems (Pre).
May  4 16:57:09 ubuntu systemd-udevd[439]: link_config: autonegotiation is unset or enabled, the speed and duplex are not writable.
May  4 16:57:09 ubuntu systemd-udevd[442]: link_config: autonegotiation is unset or enabled, the speed and duplex are not writable.
May  4 16:57:10 ubuntu systemd[1]: Listening on Load/Save RF Kill Switch Status /dev/rfkill Watch.
May  4 16:57:10 ubuntu systemd[1]: Reached target Sound Card.
May  4 16:57:10 ubuntu systemd[1]: Found device VBOX_HARDDISK 6.
May  4 16:57:10 ubuntu systemd[1]: Mounting /work...
May  4 16:57:10 ubuntu systemd[1]: Mounted /work.
May  4 16:57:10 ubuntu systemd[1]: Found device VBOX_HARDDISK 4.
May  4 16:57:10 ubuntu systemd[1]: Mounting /tmp...
May  4 16:57:10 ubuntu systemd[1]: Found device VBOX_HARDDISK 5.
May  4 16:57:10 ubuntu systemd[1]: Mounting /home...
May  4 16:57:10 ubuntu systemd[1]: Found device VBOX_HARDDISK 7.
May  4 16:57:10 ubuntu systemd[1]: Mounted /tmp.
May  4 16:57:10 ubuntu systemd[1]: Activating swap /dev/disk/by-uuid/0c6fb74d-61a4-4f93-bbac-144d95bc6acf...
May  4 16:57:10 ubuntu systemd[1]: Found device VBOX_HARDDISK 3.
May  4 16:57:10 ubuntu systemd[1]: Mounting /var...
May  4 16:57:10 ubuntu systemd[1]: Mounted /home.
May  4 16:57:10 ubuntu systemd[1]: Activated swap /dev/disk/by-uuid/0c6fb74d-61a4-4f93-bbac-144d95bc6acf.
May  4 16:57:10 ubuntu systemd[1]: Reached target Swap.
May  4 16:57:10 ubuntu systemd[1]: Mounted /var.
May  4 16:57:10 ubuntu systemd[1]: Reached target Local File Systems.
May  4 16:57:10 ubuntu systemd[1]: Starting AppArmor initialization...
May  4 16:57:10 ubuntu systemd[1]: Starting Set console font and keymap...
May  4 16:57:10 ubuntu systemd[1]: Starting Tell Plymouth To Write Out Runtime Data...
May  4 16:57:10 ubuntu systemd[1]: Starting ebtables ruleset management...
May  4 16:57:10 ubuntu systemd[1]: Starting Load/Save Random Seed...
May  4 16:57:10 ubuntu systemd[1]: Mounting Mount unit for core, revision 8935...
May  4 16:57:10 ubuntu systemd[1]: Starting Flush Journal to Persistent Storage...
May  4 16:57:10 ubuntu systemd[1]: Mounting Mount unit for core, revision 9066...
May  4 16:57:10 ubuntu systemd[1]: Started Set console font and keymap.
May  4 16:57:10 ubuntu systemd[1]: Started Load/Save Random Seed.
May  4 16:57:10 ubuntu systemd[1]: Started Tell Plymouth To Write Out Runtime Data.
May  4 16:57:10 ubuntu apparmor[604]:  * Starting AppArmor profiles
May  4 16:57:10 ubuntu systemd[1]: Mounted Mount unit for core, revision 8935.
May  4 16:57:10 ubuntu systemd[1]: Mounted Mount unit for core, revision 9066.
May  4 16:57:10 ubuntu systemd[1]: Started ebtables ruleset management.
May  4 16:57:10 ubuntu systemd[1]: Started Flush Journal to Persistent Storage.
May  4 16:57:10 ubuntu systemd[1]: Starting Create Volatile Files and Directories...
May  4 16:57:10 ubuntu systemd[1]: Started Create Volatile Files and Directories.
May  4 16:57:10 ubuntu systemd[1]: Starting Network Time Synchronization...
May  4 16:57:10 ubuntu systemd[1]: Starting Update UTMP about System Boot/Shutdown...
May  4 16:57:10 ubuntu systemd[1]: Started Update UTMP about System Boot/Shutdown.
May  4 16:57:10 ubuntu systemd[1]: Started Network Time Synchronization.
May  4 16:57:10 ubuntu systemd[1]: Reached target System Time Synchronized.
May  4 16:57:10 ubuntu apparmor[604]: Skipping profile in /etc/apparmor.d/disable: usr.sbin.rsyslogd
May  4 16:57:10 ubuntu apparmor[604]:    ...done.
May  4 16:57:10 ubuntu systemd[1]: Started AppArmor initialization.
May  4 16:57:10 ubuntu systemd[1]: Starting Initial cloud-init job (pre-networking)...
May  4 16:57:10 ubuntu cloud-init[782]: Cloud-init v. 19.4-33-gbb4131a2-0ubuntu1~18.04.1 running 'init-local' at Mon, 04 May 2020 16:55:04 +0000. Up 17.51 seconds.
May  4 16:57:10 ubuntu systemd[1]: Started Initial cloud-init job (pre-networking).
May  4 16:57:10 ubuntu systemd[1]: Reached target Network (Pre).
May  4 16:57:10 ubuntu systemd[1]: Starting Network Service...
May  4 16:57:10 ubuntu systemd-networkd[817]: Enumeration completed
May  4 16:57:10 ubuntu systemd[1]: Started Network Service.
May  4 16:57:10 ubuntu systemd[1]: Starting Network Name Resolution...
May  4 16:57:10 ubuntu systemd-networkd[817]: enp0s3: IPv6 successfully enabled
May  4 16:57:10 ubuntu systemd[1]: Starting Wait for Network to be Configured...
May  4 16:57:10 ubuntu systemd-networkd[817]: lo: Link is not managed by us
May  4 16:57:10 ubuntu systemd-networkd-wait-online[840 ignoring: lo
May  4 16:57:10 ubuntu systemd-networkd-wait-online[840 message repeated 3 times: [ ignoring: lo]
May  4 16:57:10 ubuntu systemd-networkd[817]: enp0s3: Link UP
May  4 16:57:10 ubuntu systemd-networkd-wait-online[840 ignoring: lo
May  4 16:57:10 ubuntu systemd-networkd-wait-online[840 ignoring: lo
May  4 16:57:10 ubuntu systemd-networkd[817]: enp0s3: Gained carrier
May  4 16:57:10 ubuntu systemd-networkd-wait-online[840 ignoring: lo
May  4 16:57:10 ubuntu systemd-timesyncd[702]: Network configuration changed, trying to establish connection.
May  4 16:57:10 ubuntu systemd-networkd-wait-online[840 ignoring: lo
May  4 16:57:10 ubuntu systemd-resolved[839]: Positive Trust Anchors:
May  4 16:57:10 ubuntu systemd-resolved[839]: . IN DS 19036 8 2 49aac11d7b6f6446702e54a1607371607a1a41855200fd2ce1cdde32f24e8fb5
May  4 16:57:10 ubuntu systemd-resolved[839]: . IN DS 20326 8 2 e06d44b80b8f1d39a95c0b0d7c65d08458e880409bbc683457104237c7f8ec8d
May  4 16:57:10 ubuntu systemd-resolved[839]: Negative trust anchors: 10.in-addr.arpa 16.172.in-addr.arpa 17.172.in-addr.arpa 18.172.in-addr.arpa 19.172.in-addr.arpa 20.172.in-addr.arpa 21.172.in-addr.arpa 22.172.in-addr.arpa 23.172.in-addr.arpa 24.172.in-addr.arpa 25.172.in-addr.arpa 26.172.in-addr.arpa 27.172.in-addr.arpa 28.172.in-addr.arpa 29.172.in-addr.arpa 30.172.in-addr.arpa 31.172.in-addr.arpa 168.192.in-addr.arpa d.f.ip6.arpa corp home internal intranet lan local private test
May  4 16:57:10 ubuntu systemd-resolved[839]: Using system hostname 'ubuntu'.
May  4 16:57:10 ubuntu systemd[1]: Started Network Name Resolution.
May  4 16:57:10 ubuntu systemd[1]: Reached target Network.
May  4 16:57:10 ubuntu systemd[1]: Reached target Host and Network Name Lookups.
May  4 16:57:10 ubuntu systemd-networkd[817]: enp0s3: Gained IPv6LL
May  4 16:57:10 ubuntu systemd-networkd-wait-online[840 Event loop failed: Connection timed out
May  4 16:57:10 ubuntu systemd[1]: systemd-networkd-wait-online.service: Main process exited, code=exited, status=1/FAILURE
May  4 16:57:10 ubuntu systemd[1]: systemd-networkd-wait-online.service: Failed with result 'exit-code'.
May  4 16:57:10 ubuntu systemd[1]: Failed to start Wait for Network to be Configured.
May  4 16:57:10 ubuntu systemd[1]: Starting Initial cloud-init job (metadata service crawler)...
May  4 16:57:10 ubuntu cloud-init[864]: Cloud-init v. 19.4-33-gbb4131a2-0ubuntu1~18.04.1 running 'init' at Mon, 04 May 2020 16:57:05 +0000. Up 138.96 seconds.
May  4 16:57:10 ubuntu cloud-init[864]: ci-info: ++++++++++++++++++++++++++++++++++++++Net device info+++++++++++++++++++++++++++++++++++++++
May  4 16:57:10 ubuntu cloud-init[864]: ci-info: +--------+------+-----------------------------+---------------+--------+-------------------+
May  4 16:57:10 ubuntu cloud-init[864]: ci-info: | Device |  Up  |           Address           |      Mask     | Scope  |     Hw-Address    |
May  4 16:57:10 ubuntu cloud-init[864]: ci-info: +--------+------+-----------------------------+---------------+--------+-------------------+
May  4 16:57:10 ubuntu cloud-init[864]: ci-info: | enp0s3 | True |         10.10.20.40         | 255.255.255.0 | global | 08:00:27:ed:86:69 |
May  4 16:57:10 ubuntu cloud-init[864]: ci-info: | enp0s3 | True | fe80::a00:27ff:feed:8669/64 |       .       |  link  | 08:00:27:ed:86:69 |
May  4 16:57:10 ubuntu cloud-init[864]: ci-info: |   lo   | True |          127.0.0.1          |   255.0.0.0   |  host  |         .         |
May  4 16:57:10 ubuntu cloud-init[864]: ci-info: |   lo   | True |           ::1/128           |       .       |  host  |         .         |
May  4 16:57:10 ubuntu cloud-init[864]: ci-info: +--------+------+-----------------------------+---------------+--------+-------------------+
May  4 16:57:10 ubuntu cloud-init[864]: ci-info: +++++++++++++++++++++++++++++Route IPv4 info++++++++++++++++++++++++++++++
May  4 16:57:10 ubuntu cloud-init[864]: ci-info: +-------+-------------+--------------+---------------+-----------+-------+
May  4 16:57:10 ubuntu cloud-init[864]: ci-info: | Route | Destination |   Gateway    |    Genmask    | Interface | Flags |
May  4 16:57:10 ubuntu cloud-init[864]: ci-info: +-------+-------------+--------------+---------------+-----------+-------+
May  4 16:57:10 ubuntu cloud-init[864]: ci-info: |   0   |   0.0.0.0   | 10.10.20.254 |    0.0.0.0    |   enp0s3  |   UG  |
May  4 16:57:10 ubuntu cloud-init[864]: ci-info: |   1   |  10.10.20.0 |   0.0.0.0    | 255.255.255.0 |   enp0s3  |   U   |
May  4 16:57:10 ubuntu cloud-init[864]: ci-info: +-------+-------------+--------------+---------------+-----------+-------+
May  4 16:57:10 ubuntu cloud-init[864]: ci-info: +++++++++++++++++++Route IPv6 info+++++++++++++++++++
May  4 16:57:10 ubuntu cloud-init[864]: ci-info: +-------+-------------+---------+-----------+-------+
May  4 16:57:10 ubuntu cloud-init[864]: ci-info: | Route | Destination | Gateway | Interface | Flags |
May  4 16:57:10 ubuntu cloud-init[864]: ci-info: +-------+-------------+---------+-----------+-------+
May  4 16:57:10 ubuntu cloud-init[864]: ci-info: |   1   |  fe80::/64  |    ::   |   enp0s3  |   U   |
May  4 16:57:10 ubuntu cloud-init[864]: ci-info: |   3   |    local    |    ::   |   enp0s3  |   U   |
May  4 16:57:10 ubuntu cloud-init[864]: ci-info: |   4   |   ff00::/8  |    ::   |   enp0s3  |   U   |
May  4 16:57:10 ubuntu cloud-init[864]: ci-info: +-------+-------------+---------+-----------+-------+
May  4 16:57:10 ubuntu systemd[1]: Started Initial cloud-init job (metadata service crawler).
May  4 16:57:10 ubuntu systemd[1]: Reached target Network is Online.
May  4 16:57:10 ubuntu systemd[1]: Reached target Remote File Systems (Pre).
May  4 16:57:10 ubuntu systemd[1]: Reached target Remote File Systems.
May  4 16:57:10 ubuntu systemd[1]: Starting Availability of block devices...
May  4 16:57:10 ubuntu systemd[1]: Reached target Cloud-config availability.
May  4 16:57:10 ubuntu systemd[1]: Reached target System Initialization.
May  4 16:57:10 ubuntu systemd[1]: Listening on D-Bus System Message Bus Socket.
May  4 16:57:10 ubuntu systemd[1]: Started Discard unused blocks once a week.
May  4 16:57:10 ubuntu systemd[1]: Started Daily Cleanup of Temporary Directories.
May  4 16:57:10 ubuntu systemd[1]: Listening on UUID daemon activation socket.
May  4 16:57:10 ubuntu systemd[1]: Started ACPI Events Check.
May  4 16:57:10 ubuntu systemd[1]: Reached target Paths.
May  4 16:57:10 ubuntu systemd[1]: Listening on ACPID Listen Socket.
May  4 16:57:10 ubuntu systemd[1]: Starting LXD - unix socket.
May  4 16:57:10 ubuntu systemd[1]: Started Message of the Day.
May  4 16:57:10 ubuntu systemd[1]: Starting Socket activation for snappy daemon.
May  4 16:57:10 ubuntu systemd[1]: Started Daily apt download activities.
May  4 16:57:10 ubuntu systemd[1]: Started Daily apt upgrade and clean activities.
May  4 16:57:10 ubuntu systemd[1]: Reached target Timers.
May  4 16:57:10 ubuntu systemd[1]: Listening on Open-iSCSI iscsid Socket.
May  4 16:57:10 ubuntu systemd[1]: Started Availability of block devices.
May  4 16:57:10 ubuntu systemd[1]: Listening on LXD - unix socket.
May  4 16:57:10 ubuntu systemd[1]: Listening on Socket activation for snappy daemon.
May  4 16:57:10 ubuntu systemd[1]: Reached target Sockets.
May  4 16:57:10 ubuntu systemd[1]: Reached target Basic System.
May  4 16:57:10 ubuntu systemd[1]: Started D-Bus System Message Bus.
May  4 16:57:10 ubuntu dbus-daemon[923]: dbus[923]: Unknown group "power" in message bus configuration file
May  4 16:57:10 ubuntu dbus-daemon[923]: [system] AppArmor D-Bus mediation is enabled
May  4 16:57:10 ubuntu systemd[1]: Started ISC DHCP IPv4 server.
May  4 16:57:10 ubuntu systemd[1]: Starting Dispatcher daemon for systemd-networkd...
May  4 16:57:10 ubuntu systemd[1]: Starting LSB: web-based administration interface for Unix systems...
May  4 16:57:10 ubuntu systemd[1]: Started irqbalance daemon.
May  4 16:57:10 ubuntu systemd[1]: Starting Accounts Service...
May  4 16:57:10 ubuntu systemd[1]: Starting LSB: automatic crash report generation...
May  4 16:57:10 ubuntu systemd[1]: Starting Permit User Sessions...
May  4 16:57:10 ubuntu systemd[1]: Starting Thermal Daemon Service...
May  4 16:57:10 ubuntu systemd[1]: Started FUSE filesystem for LXC.
May  4 16:57:10 ubuntu /usr/sbin/irqbalance: Balancing is ineffective on systems with a single cpu.  Shutting down
May  4 16:57:10 ubuntu systemd[1]: Starting Snappy daemon...
May  4 16:57:10 ubuntu systemd[1]: Started Regular background program processing daemon.
May  4 16:57:10 ubuntu systemd[1]: Starting Login Service...
May  4 16:57:10 ubuntu systemd[1]: Starting LSB: Record successful boot for GRUB...
May  4 16:57:10 ubuntu systemd[1]: Starting LXD - container startup/shutdown...
May  4 16:57:10 ubuntu systemd[1]: Started Deferred execution scheduler.
May  4 16:57:10 ubuntu cron[976]: (CRON) INFO (pidfile fd = 3)
May  4 16:57:10 ubuntu cron[976]: (CRON) INFO (Running @reboot jobs)
May  4 16:57:10 ubuntu lxcfs[952]: mount namespace: 5
May  4 16:57:10 ubuntu lxcfs[952]: hierarchies:
May  4 16:57:10 ubuntu lxcfs[952]:   0: fd:   6: rdma
May  4 16:57:10 ubuntu lxcfs[952]:   1: fd:   7: cpu,cpuacct
May  4 16:57:10 ubuntu lxcfs[952]:   2: fd:   8: net_cls,net_prio
May  4 16:57:10 ubuntu lxcfs[952]:   3: fd:   9: devices
May  4 16:57:10 ubuntu lxcfs[952]:   4: fd:  10: memory
May  4 16:57:10 ubuntu lxcfs[952]:   5: fd:  11: freezer
May  4 16:57:10 ubuntu lxcfs[952]:   6: fd:  12: cpuset
May  4 16:57:10 ubuntu lxcfs[952]:   7: fd:  13: perf_event
May  4 16:57:10 ubuntu lxcfs[952]:   8: fd:  14: blkio
May  4 16:57:10 ubuntu lxcfs[952]:   9: fd:  15: pids
May  4 16:57:10 ubuntu lxcfs[952]:  10: fd:  16: hugetlb
May  4 16:57:10 ubuntu lxcfs[952]:  11: fd:  17: name=systemd
May  4 16:57:10 ubuntu lxcfs[952]:  12: fd:  18: unified
May  4 16:57:10 ubuntu systemd[1]: Starting OpenBSD Secure Shell server...
May  4 16:57:10 ubuntu systemd[1]: Starting System Logging Service...
May  4 16:57:10 ubuntu systemd[1]: Started ISC DHCP IPv6 server.
May  4 16:57:10 ubuntu systemd[1]: Started Permit User Sessions.
May  4 16:57:10 ubuntu systemd[1]: Started Login Service.
May  4 16:57:10 ubuntu apport[949]:  * Starting automatic crash report generation: apport
May  4 16:57:10 ubuntu thermald[951]: NO RAPL sysfs present
May  4 16:57:10 ubuntu thermald[951]: 22 CPUID levels; family:model:stepping 0x6:8e:9 (6:142:9)
May  4 16:57:10 ubuntu thermald[951]: Polling mode is enabled: 4
May  4 16:57:10 ubuntu thermald[951]: Thermal DTS: No coretemp sysfs found
May  4 16:57:10 ubuntu dbus-daemon[923]: [system] Activating via systemd: service name='org.freedesktop.PolicyKit1' unit='polkit.service' requested by ':1.3' (uid=0 pid=948 comm="/usr/lib/accountsservice/accounts-daemon " label="unconfined")
May  4 16:57:10 ubuntu grub-common[984]:  * Recording successful boot for GRUB
May  4 16:57:10 ubuntu systemd[1]: Started Thermal Daemon Service.
May  4 16:57:10 ubuntu systemd[1]: Started Unattended Upgrades Shutdown.
May  4 16:57:10 ubuntu systemd[1]: Starting Terminate Plymouth Boot Screen...
May  4 16:57:10 ubuntu systemd[1]: Starting Hold until boot process finishes up...
May  4 16:57:10 ubuntu systemd[1]: Started Hold until boot process finishes up.
May  4 16:57:10 ubuntu systemd[1]: Starting Set console scheme...
May  4 16:57:10 ubuntu systemd[1]: Started Terminate Plymouth Boot Screen.
May  4 16:57:10 ubuntu systemd[1]: Started Set console scheme.
May  4 16:57:10 ubuntu systemd[1]: Created slice system-getty.slice.
May  4 16:57:10 ubuntu systemd[1]: Started Getty on tty1.
May  4 16:57:10 ubuntu systemd[1]: Reached target Login Prompts.
May  4 16:57:10 ubuntu systemd[1]: Starting Authorization Manager...
May  4 16:57:10 ubuntu dhcpd[1050]: Internet Systems Consortium DHCP Server 4.3.5
May  4 16:57:10 ubuntu apport[949]:    ...done.
May  4 16:57:10 ubuntu thermald[951]: Thermal DTS or hwmon: No Zones present Need to configure manually
May  4 16:57:10 ubuntu thermald[951]: No thermal sensors found
May  4 16:57:10 ubuntu thermald[951]: THD engine start failed
May  4 16:57:10 ubuntu dhcpd[1050]: Copyright 2004-2016 Internet Systems Consortium.
May  4 16:57:10 ubuntu sh[1050]: Internet Systems Consortium DHCP Server 4.3.5
May  4 16:57:10 ubuntu sh[1050]: Copyright 2004-2016 Internet Systems Consortium.
May  4 16:57:10 ubuntu sh[1050]: All rights reserved.
May  4 16:57:10 ubuntu sh[1050]: For info, please visit https://www.isc.org/software/dhcp/
May  4 16:57:10 ubuntu systemd[1]: Started LSB: automatic crash report generation.
May  4 16:57:10 ubuntu sh[932]: Internet Systems Consortium DHCP Server 4.3.5
May  4 16:57:10 ubuntu sh[932]: Copyright 2004-2016 Internet Systems Consortium.
May  4 16:57:10 ubuntu sh[932]: All rights reserved.
May  4 16:57:10 ubuntu sh[932]: For info, please visit https://www.isc.org/software/dhcp/
May  4 16:57:10 ubuntu dhcpd[1050]: All rights reserved.
May  4 16:57:10 ubuntu grub-common[984]:    ...done.
May  4 16:57:10 ubuntu systemd[1]: Started Authorization Manager.
May  4 16:57:10 ubuntu dhcpd[1050]: For info, please visit https://www.isc.org/software/dhcp/
May  4 16:57:10 ubuntu systemd[1]: Started Accounts Service.
May  4 16:57:10 ubuntu dhcpd[932]: Internet Systems Consortium DHCP Server 4.3.5
May  4 16:57:10 ubuntu systemd[1]: Started LSB: Record successful boot for GRUB.
May  4 16:57:10 ubuntu dhcpd[932]: Copyright 2004-2016 Internet Systems Consortium.
May  4 16:57:10 ubuntu systemd[1]: Started System Logging Service.
May  4 16:57:10 ubuntu dhcpd[932]: All rights reserved.
May  4 16:57:10 ubuntu dhcpd[932]: For info, please visit https://www.isc.org/software/dhcp/
May  4 16:57:10 ubuntu polkitd[1099]: started daemon version 0.105 using authority implementation `local' version `0.105'
May  4 16:57:10 ubuntu dbus-daemon[923]: [system] Successfully activated service 'org.freedesktop.PolicyKit1'
May  4 16:57:10 ubuntu accounts-daemon[948]: started daemon version 0.6.45
May  4 16:57:10 ubuntu rsyslogd: imuxsock: Acquired UNIX socket '/run/systemd/journal/syslog' (fd 3) from systemd.  [v8.32.0]
May  4 16:57:10 ubuntu sh[1050]: Config file: /etc/dhcp/dhcpd6.conf
May  4 16:57:10 ubuntu sh[1050]: Database file: /var/lib/dhcp/dhcpd6.leases
May  4 16:57:10 ubuntu sh[1050]: PID file: /run/dhcp-server/dhcpd6.pid
May  4 16:57:10 ubuntu sh[932]: Config file: /etc/dhcp/dhcpd.conf
May  4 16:57:10 ubuntu sh[932]: Database file: /var/lib/dhcp/dhcpd.leases
May  4 16:57:10 ubuntu sh[932]: PID file: /run/dhcp-server/dhcpd.pid
May  4 16:57:10 ubuntu rsyslogd: rsyslogd's groupid changed to 106
May  4 16:57:10 ubuntu sh[1050]: Wrote 0 NA, 0 TA, 0 PD leases to lease file.
May  4 16:57:10 ubuntu rsyslogd: rsyslogd's userid changed to 102
May  4 16:57:10 ubuntu rsyslogd:  [origin software="rsyslogd" swVersion="8.32.0" x-pid="1049" x-info="http://www.rsyslog.com"] start
May  4 16:57:10 ubuntu dhcpd[1050]: Config file: /etc/dhcp/dhcpd6.conf
May  4 16:57:10 ubuntu dhcpd[1050]: Database file: /var/lib/dhcp/dhcpd6.leases
May  4 16:57:10 ubuntu dhcpd[1050]: PID file: /run/dhcp-server/dhcpd6.pid
May  4 16:57:10 ubuntu dhcpd[932]: Config file: /etc/dhcp/dhcpd.conf
May  4 16:57:10 ubuntu dhcpd[932]: Database file: /var/lib/dhcp/dhcpd.leases
May  4 16:57:10 ubuntu dhcpd[932]: PID file: /run/dhcp-server/dhcpd.pid
May  4 16:57:10 ubuntu dhcpd[1050]: Wrote 0 NA, 0 TA, 0 PD leases to lease file.
May  4 16:57:10 ubuntu dhcpd[932]: Wrote 0 deleted host decls to leases file.
May  4 16:57:10 ubuntu sh[932]: Wrote 0 deleted host decls to leases file.
May  4 16:57:10 ubuntu sh[932]: Wrote 0 new dynamic host decls to leases file.
May  4 16:57:10 ubuntu sh[932]: Wrote 5 leases to leases file.
May  4 16:57:10 ubuntu dhcpd[932]: Wrote 0 new dynamic host decls to leases file.
May  4 16:57:10 ubuntu dhcpd[932]: Wrote 5 leases to leases file.
May  4 16:57:10 ubuntu systemd[1]: Started OpenBSD Secure Shell server.
May  4 16:57:10 ubuntu dhcpd[1050]: 
May  4 16:57:10 ubuntu sh[1050]: No subnet6 declaration for enp0s3 (fe80::a00:27ff:feed:8669).
May  4 16:57:10 ubuntu sh[1050]: ** Ignoring requests on enp0s3.  If this is not what
May  4 16:57:10 ubuntu sh[1050]:    you want, please write a subnet6 declaration
May  4 16:57:10 ubuntu sh[1050]:    in your dhcpd.conf file for the network segment
May  4 16:57:10 ubuntu sh[1050]:    to which interface enp0s3 is attached. **
May  4 16:57:10 ubuntu sh[1050]: Not configured to listen on any interfaces!
May  4 16:57:10 ubuntu sh[1050]: If you think you have received this message due to a bug rather
May  4 16:57:10 ubuntu sh[1050]: than a configuration issue please read the section on submitting
May  4 16:57:10 ubuntu sh[1050]: bugs on either our web page at www.isc.org or in the README file
May  4 16:57:10 ubuntu sh[1050]: before submitting a bug.  These pages explain the proper
May  4 16:57:10 ubuntu sh[1050]: process and the information we find helpful for debugging..
May  4 16:57:10 ubuntu sh[1050]: exiting.
May  4 16:57:10 ubuntu dhcpd[1050]: No subnet6 declaration for enp0s3 (fe80::a00:27ff:feed:8669).
May  4 16:57:10 ubuntu dhcpd[1050]: ** Ignoring requests on enp0s3.  If this is not what
May  4 16:57:10 ubuntu dhcpd[1050]:    you want, please write a subnet6 declaration
May  4 16:57:10 ubuntu dhcpd[1050]:    in your dhcpd.conf file for the network segment
May  4 16:57:10 ubuntu dhcpd[1050]:    to which interface enp0s3 is attached. **
May  4 16:57:10 ubuntu dhcpd[1050]: 
May  4 16:57:10 ubuntu dhcpd[1050]: 
May  4 16:57:10 ubuntu dhcpd[1050]: Not configured to listen on any interfaces!
May  4 16:57:10 ubuntu dhcpd[1050]: 
May  4 16:57:10 ubuntu dhcpd[1050]: If you think you have received this message due to a bug rather
May  4 16:57:10 ubuntu dhcpd[1050]: than a configuration issue please read the section on submitting
May  4 16:57:10 ubuntu dhcpd[1050]: bugs on either our web page at www.isc.org or in the README file
May  4 16:57:10 ubuntu dhcpd[1050]: before submitting a bug.  These pages explain the proper
May  4 16:57:10 ubuntu dhcpd[1050]: process and the information we find helpful for debugging..
May  4 16:57:10 ubuntu dhcpd[1050]: 
May  4 16:57:10 ubuntu dhcpd[1050]: exiting.
May  4 16:57:10 ubuntu networkd-dispatcher[933]: No valid path found for iwconfig
May  4 16:57:10 ubuntu systemd[1]: isc-dhcp-server6.service: Main process exited, code=exited, status=1/FAILURE
May  4 16:57:10 ubuntu systemd[1]: isc-dhcp-server6.service: Failed with result 'exit-code'.
May  4 16:57:11 ubuntu snapd[971]: AppArmor status: apparmor is enabled and all features are available
May  4 16:57:11 ubuntu dhcpd[932]: Listening on LPF/enp0s3/08:00:27:ed:86:69/10.10.20.0/24
May  4 16:57:11 ubuntu sh[932]: Listening on LPF/enp0s3/08:00:27:ed:86:69/10.10.20.0/24
May  4 16:57:11 ubuntu sh[932]: Sending on   LPF/enp0s3/08:00:27:ed:86:69/10.10.20.0/24
May  4 16:57:11 ubuntu sh[932]: Sending on   Socket/fallback/fallback-net
May  4 16:57:11 ubuntu sh[932]: Can't create PID file /run/dhcp-server/dhcpd.pid: No such file or directory.
May  4 16:57:11 ubuntu dhcpd[932]: Sending on   LPF/enp0s3/08:00:27:ed:86:69/10.10.20.0/24
May  4 16:57:11 ubuntu dhcpd[932]: Sending on   Socket/fallback/fallback-net
May  4 16:57:11 ubuntu dhcpd[932]: Can't create PID file /run/dhcp-server/dhcpd.pid: No such file or directory.
May  4 16:57:11 ubuntu dhcpd[932]: Server starting service.
May  4 16:57:11 ubuntu systemd[1]: Started Dispatcher daemon for systemd-networkd.
May  4 16:57:12 ubuntu systemd[1]: Started LXD - container startup/shutdown.
May  4 16:57:12 ubuntu snapd[971]: AppArmor status: apparmor is enabled and all features are available
May  4 16:57:12 ubuntu snapd[971]: daemon.go:343: started snapd/2.44.3 (series 16; classic) ubuntu/18.04 (amd64) linux/4.15.0-99-generic.
May  4 16:57:13 ubuntu snapd[971]: daemon.go:436: adjusting startup timeout by 35s (pessimistic estimate of 30s plus 5s per snap)
May  4 16:57:13 ubuntu systemd[1]: Started Snappy daemon.
May  4 16:57:13 ubuntu systemd[1]: Starting Wait until snapd is fully seeded...
May  4 16:57:13 ubuntu systemd-resolved[839]: Using degraded feature set (UDP) for DNS server 10.10.20.10.
May  4 16:57:14 ubuntu systemd[1]: Started Wait until snapd is fully seeded.
May  4 16:57:14 ubuntu systemd[1]: Starting Apply the settings specified in cloud-config...
May  4 16:57:15 ubuntu cloud-init[1266]: Cloud-init v. 19.4-33-gbb4131a2-0ubuntu1~18.04.1 running 'modules:config' at Mon, 04 May 2020 16:57:15 +0000. Up 148.48 seconds.
May  4 16:57:16 ubuntu systemd[1]: Started Apply the settings specified in cloud-config.
May  4 16:57:17 ubuntu systemd[1]: Started LSB: web-based administration interface for Unix systems.
May  4 16:57:17 ubuntu systemd[1]: Reached target Multi-User System.
May  4 16:57:17 ubuntu systemd[1]: Starting Execute cloud user/final scripts...
May  4 16:57:17 ubuntu systemd[1]: Reached target Graphical Interface.
May  4 16:57:17 ubuntu systemd[1]: Starting Update UTMP about System Runlevel Changes...
May  4 16:57:17 ubuntu systemd[1]: Started Update UTMP about System Runlevel Changes.
May  4 16:57:19 ubuntu cloud-init[1320]: Cloud-init v. 19.4-33-gbb4131a2-0ubuntu1~18.04.1 running 'modules:final' at Mon, 04 May 2020 16:57:18 +0000. Up 151.60 seconds.
May  4 16:57:19 ubuntu cloud-init[1320]: Cloud-init v. 19.4-33-gbb4131a2-0ubuntu1~18.04.1 finished at Mon, 04 May 2020 16:57:19 +0000. Datasource DataSourceNoCloud [seed=/var/lib/cloud/seed/nocloud-net][dsmode=net].  Up 152.15 seconds
May  4 16:57:19 ubuntu systemd[1]: Started Execute cloud user/final scripts.
May  4 16:57:19 ubuntu systemd[1]: Reached target Cloud-init target.
May  4 16:57:19 ubuntu systemd[1]: Startup finished in 4.992s (kernel) + 2min 27.348s (userspace) = 2min 32.341s.
May  4 16:57:35 ubuntu systemd-resolved[839]: Using degraded feature set (TCP) for DNS server 10.10.20.10.
May  4 16:57:48 ubuntu systemd[1]: Created slice User Slice of ubuntu.
May  4 16:57:49 ubuntu systemd[1]: Started Session 1 of user ubuntu.
May  4 16:57:49 ubuntu systemd[1]: Starting User Manager for UID 1000...
May  4 16:57:49 ubuntu systemd[1642]: Listening on GnuPG network certificate management daemon.
May  4 16:57:49 ubuntu systemd[1642]: Listening on GnuPG cryptographic agent and passphrase cache (restricted).
May  4 16:57:49 ubuntu systemd[1642]: Listening on REST API socket for snapd user session agent.
May  4 16:57:49 ubuntu systemd[1642]: Listening on GnuPG cryptographic agent (ssh-agent emulation).
May  4 16:57:49 ubuntu systemd[1642]: Listening on GnuPG cryptographic agent and passphrase cache (access for web browsers).
May  4 16:57:49 ubuntu systemd[1642]: Reached target Timers.
May  4 16:57:49 ubuntu systemd[1642]: Listening on GnuPG cryptographic agent and passphrase cache.
May  4 16:57:49 ubuntu systemd[1642]: Reached target Paths.
May  4 16:57:49 ubuntu systemd[1642]: Reached target Sockets.
May  4 16:57:49 ubuntu systemd[1642]: Reached target Basic System.
May  4 16:57:49 ubuntu systemd[1]: Started User Manager for UID 1000.
May  4 16:57:49 ubuntu systemd[1642]: Reached target Default.
May  4 16:57:49 ubuntu systemd[1642]: Startup finished in 361ms.
May  4 16:57:49 ubuntu snapd[971]: stateengine.go:150: state ensure error: Get https://api.snapcraft.io/api/v1/snaps/sections: net/http: request canceled while waiting for connection (Client.Timeout exceeded while awaiting headers)
May  4 16:57:56 ubuntu dhcpd[932]: DHCPDISCOVER from 08:00:27:d0:51:33 via 10.10.10.254
May  4 16:57:57 ubuntu dhcpd[932]: DHCPOFFER on 10.10.10.1 to 08:00:27:d0:51:33 (Admin) via 10.10.10.254
May  4 16:57:57 ubuntu dhcpd[932]: DHCPREQUEST for 10.10.10.1 (10.10.20.40) from 08:00:27:d0:51:33 (Admin) via 10.10.10.254
May  4 16:57:57 ubuntu dhcpd[932]: DHCPACK on 10.10.10.1 to 08:00:27:d0:51:33 (Admin) via 10.10.10.254
May  4 16:58:04 ubuntu dhcpd[932]: DHCPINFORM from 10.10.10.1 via 10.10.10.254: not authoritative for subnet 10.10.10.0
May  4 16:58:04 ubuntu dhcpd[932]: If this DHCP server is authoritative for that subnet,
May  4 16:58:04 ubuntu dhcpd[932]: please write an `authoritative;' directive either in the
May  4 16:58:04 ubuntu dhcpd[932]: subnet declaration or in some scope that encloses the
May  4 16:58:04 ubuntu dhcpd[932]: subnet declaration - for example, write it at the top
May  4 16:58:04 ubuntu dhcpd[932]: of the dhcpd.conf file.
May  4 16:58:07 ubuntu dhcpd[932]: DHCPINFORM from 10.10.10.1 via 10.10.10.254: not authoritative for subnet 10.10.10.0
May  4 16:58:14 ubuntu dhcpd[932]: DHCPDISCOVER from 08:00:27:ed:86:69 (ubuntu) via enp0s3
May  4 16:58:15 ubuntu dhcpd[932]: DHCPOFFER on 10.10.20.72 to 08:00:27:ed:86:69 (ubuntu) via enp0s3
May  4 16:58:24 ubuntu dhcpd[932]: uid lease 10.10.10.2 for client 08:00:27:e4:5f:27 is duplicate on 10.10.10.0/24
May  4 16:58:24 ubuntu dhcpd[932]: DHCPDISCOVER from 08:00:27:e4:5f:27 via 10.10.10.254
May  4 16:58:24 ubuntu dhcpd[932]: DHCPOFFER on 10.10.10.20 to 08:00:27:e4:5f:27 via 10.10.10.254
May  4 16:58:24 ubuntu dhcpd[932]: uid lease 10.10.10.2 for client 08:00:27:e4:5f:27 is duplicate on 10.10.10.0/24
May  4 16:58:24 ubuntu dhcpd[932]: DHCPREQUEST for 10.10.10.20 (10.10.20.40) from 08:00:27:e4:5f:27 via 10.10.10.254
May  4 16:58:24 ubuntu dhcpd[932]: DHCPACK on 10.10.10.20 to 08:00:27:e4:5f:27 via 10.10.10.254
May  4 16:59:10 ubuntu dhcpd[932]: reuse_lease: lease age 73 (secs) under 25% threshold, reply with unaltered, existing lease for 10.10.10.1
May  4 16:59:10 ubuntu dhcpd[932]: DHCPREQUEST for 10.10.10.1 from 08:00:27:d0:51:33 (Admin) via enp0s3
May  4 16:59:10 ubuntu dhcpd[932]: DHCPACK on 10.10.10.1 to 08:00:27:d0:51:33 (Admin) via enp0s3
May  4 16:59:18 ubuntu dhcpd[932]: DHCPDISCOVER from 08:00:27:ed:86:69 (ubuntu) via enp0s3
May  4 16:59:19 ubuntu dhcpd[932]: DHCPOFFER on 10.10.20.72 to 08:00:27:ed:86:69 (ubuntu) via enp0s3
May  4 16:59:20 ubuntu rsyslogd: cannot connect to 10.10.10.20:514: Connection timed out [v8.32.0 try http://www.rsyslog.com/e/2027 ]
May  4 16:59:20 ubuntu rsyslogd: action 'action 4' suspended (module 'builtin:omfwd'), retry 0. There should be messages before this one giving the reason for suspension. [v8.32.0 try http://www.rsyslog.com/e/2007 ]
May  4 16:59:20 ubuntu rsyslogd: action 'action 4' resumed (module 'builtin:omfwd') [v8.32.0 try http://www.rsyslog.com/e/2359 ]
May  4 17:00:11 ubuntu dhcpd[932]: DHCPDISCOVER from 08:00:27:ad:ef:d5 via enp0s3
May  4 17:00:11 ubuntu dhcpd[932]: DHCPOFFER on 10.10.20.10 to 08:00:27:ad:ef:d5 via enp0s3
May  4 17:00:11 ubuntu dhcpd[932]: DHCPREQUEST for 10.10.20.10 (10.10.20.40) from 08:00:27:ad:ef:d5 via enp0s3
May  4 17:00:11 ubuntu dhcpd[932]: DHCPACK on 10.10.20.10 to 08:00:27:ad:ef:d5 via enp0s3
May  4 17:00:23 ubuntu systemd-timesyncd[702]: Synchronized to time server 91.189.89.198:123 (ntp.ubuntu.com).
May  4 17:00:25 ubuntu dhcpd[932]: DHCPDISCOVER from 08:00:27:ed:86:69 (ubuntu) via enp0s3
May  4 17:00:26 ubuntu dhcpd[932]: DHCPOFFER on 10.10.20.72 to 08:00:27:ed:86:69 (ubuntu) via enp0s3
May  4 17:00:55 ubuntu dhcpd[932]: uid lease 10.10.10.2 for client 08:00:27:e4:5f:27 is duplicate on 10.10.10.0/24
May  4 17:00:55 ubuntu dhcpd[932]: DHCPDISCOVER from 08:00:27:e4:5f:27 via 10.10.10.254
May  4 17:00:55 ubuntu dhcpd[932]: DHCPOFFER on 10.10.10.20 to 08:00:27:e4:5f:27 via 10.10.10.254
May  4 17:00:55 ubuntu dhcpd[932]: uid lease 10.10.10.2 for client 08:00:27:e4:5f:27 is duplicate on 10.10.10.0/24
May  4 17:00:55 ubuntu dhcpd[932]: DHCPREQUEST for 10.10.10.20 (10.10.20.40) from 08:00:27:e4:5f:27 via 10.10.10.254
May  4 17:00:55 ubuntu dhcpd[932]: DHCPACK on 10.10.10.20 to 08:00:27:e4:5f:27 via 10.10.10.254
May  4 17:01:29 ubuntu dhcpd[932]: DHCPDISCOVER from 08:00:27:ed:86:69 (ubuntu) via enp0s3
May  4 17:01:30 ubuntu dhcpd[932]: DHCPOFFER on 10.10.20.72 to 08:00:27:ed:86:69 (ubuntu) via enp0s3
May  4 17:02:32 ubuntu dhcpd[932]: DHCPDISCOVER from 08:00:27:ed:86:69 (ubuntu) via enp0s3
May  4 17:02:33 ubuntu dhcpd[932]: DHCPOFFER on 10.10.20.72 to 08:00:27:ed:86:69 (ubuntu) via enp0s3
May  4 17:03:23 ubuntu dhcpd[932]: uid lease 10.10.20.71 for client 08:00:27:18:33:bf is duplicate on 10.10.20.0/24
May  4 17:03:23 ubuntu dhcpd[932]: DHCPDISCOVER from 08:00:27:18:33:bf via enp0s3
May  4 17:03:23 ubuntu dhcpd[932]: DHCPOFFER on 10.10.20.20 to 08:00:27:18:33:bf via enp0s3
May  4 17:03:23 ubuntu dhcpd[932]: uid lease 10.10.20.71 for client 08:00:27:18:33:bf is duplicate on 10.10.20.0/24
